Archive member included because of file (symbol)

c:/dave-3.1.10/arm-gcc/bin/../lib/gcc/arm-none-eabi/4.7.4/armv7e-m\libgcc.a(_arm_addsubdf3.o)
                              LSM9DS1_Driver.o (__aeabi_f2d)
c:/dave-3.1.10/arm-gcc/bin/../lib/gcc/arm-none-eabi/4.7.4/armv7e-m\libgcc.a(_arm_muldivdf3.o)
                              LSM9DS1_Driver.o (__aeabi_ddiv)
c:/dave-3.1.10/arm-gcc/bin/../lib/gcc/arm-none-eabi/4.7.4/armv7e-m\libgcc.a(_arm_fixdfsi.o)
                              LSM9DS1_Driver.o (__aeabi_d2iz)
c:/dave-3.1.10/arm-gcc/bin/../lib/gcc/arm-none-eabi/4.7.4/../../../../arm-none-eabi/lib/armv7e-m\libg.a(lib_a-init.o)
                              Startup/startup_XMC4500.o (__libc_init_array)
c:/dave-3.1.10/arm-gcc/bin/../lib/gcc/arm-none-eabi/4.7.4/../../../../arm-none-eabi/lib/armv7e-m\libg.a(lib_a-malloc.o)
                              BluetoothDriver.o (malloc)
c:/dave-3.1.10/arm-gcc/bin/../lib/gcc/arm-none-eabi/4.7.4/../../../../arm-none-eabi/lib/armv7e-m\libg.a(lib_a-mallocr.o)
                              c:/dave-3.1.10/arm-gcc/bin/../lib/gcc/arm-none-eabi/4.7.4/../../../../arm-none-eabi/lib/armv7e-m\libg.a(lib_a-malloc.o) (_malloc_r)
c:/dave-3.1.10/arm-gcc/bin/../lib/gcc/arm-none-eabi/4.7.4/../../../../arm-none-eabi/lib/armv7e-m\libg.a(lib_a-memcpy.o)
                              BluetoothDriver.o (memcpy)
c:/dave-3.1.10/arm-gcc/bin/../lib/gcc/arm-none-eabi/4.7.4/../../../../arm-none-eabi/lib/armv7e-m\libg.a(lib_a-mlock.o)
                              c:/dave-3.1.10/arm-gcc/bin/../lib/gcc/arm-none-eabi/4.7.4/../../../../arm-none-eabi/lib/armv7e-m\libg.a(lib_a-mallocr.o) (__malloc_lock)
c:/dave-3.1.10/arm-gcc/bin/../lib/gcc/arm-none-eabi/4.7.4/../../../../arm-none-eabi/lib/armv7e-m\libg.a(lib_a-printf.o)
                              SendMeasurementsToBt.o (printf)
c:/dave-3.1.10/arm-gcc/bin/../lib/gcc/arm-none-eabi/4.7.4/../../../../arm-none-eabi/lib/armv7e-m\libg.a(lib_a-sbrkr.o)
                              c:/dave-3.1.10/arm-gcc/bin/../lib/gcc/arm-none-eabi/4.7.4/../../../../arm-none-eabi/lib/armv7e-m\libg.a(lib_a-mallocr.o) (_sbrk_r)
c:/dave-3.1.10/arm-gcc/bin/../lib/gcc/arm-none-eabi/4.7.4/../../../../arm-none-eabi/lib/armv7e-m\libg.a(lib_a-sprintf.o)
                              SendMeasurementsToBt.o (sprintf)
c:/dave-3.1.10/arm-gcc/bin/../lib/gcc/arm-none-eabi/4.7.4/../../../../arm-none-eabi/lib/armv7e-m\libg.a(lib_a-strchr.o)
                              BluetoothDriver.o (strchr)
c:/dave-3.1.10/arm-gcc/bin/../lib/gcc/arm-none-eabi/4.7.4/../../../../arm-none-eabi/lib/armv7e-m\libg.a(lib_a-strcmp.o)
                              BluetoothDriver.o (strcmp)
c:/dave-3.1.10/arm-gcc/bin/../lib/gcc/arm-none-eabi/4.7.4/../../../../arm-none-eabi/lib/armv7e-m\libg.a(lib_a-strlen.o)
                              BluetoothDriver.o (strlen)
c:/dave-3.1.10/arm-gcc/bin/../lib/gcc/arm-none-eabi/4.7.4/../../../../arm-none-eabi/lib/armv7e-m\libg.a(lib_a-strstr.o)
                              BluetoothDriver.o (strstr)
c:/dave-3.1.10/arm-gcc/bin/../lib/gcc/arm-none-eabi/4.7.4/../../../../arm-none-eabi/lib/armv7e-m\libg.a(lib_a-svfprintf.o)
                              c:/dave-3.1.10/arm-gcc/bin/../lib/gcc/arm-none-eabi/4.7.4/../../../../arm-none-eabi/lib/armv7e-m\libg.a(lib_a-sprintf.o) (_svfprintf_r)
c:/dave-3.1.10/arm-gcc/bin/../lib/gcc/arm-none-eabi/4.7.4/../../../../arm-none-eabi/lib/armv7e-m\libg.a(lib_a-vfprintf.o)
                              c:/dave-3.1.10/arm-gcc/bin/../lib/gcc/arm-none-eabi/4.7.4/../../../../arm-none-eabi/lib/armv7e-m\libg.a(lib_a-printf.o) (_vfprintf_r)
c:/dave-3.1.10/arm-gcc/bin/../lib/gcc/arm-none-eabi/4.7.4/../../../../arm-none-eabi/lib/armv7e-m\libg.a(lib_a-wsetup.o)
                              c:/dave-3.1.10/arm-gcc/bin/../lib/gcc/arm-none-eabi/4.7.4/../../../../arm-none-eabi/lib/armv7e-m\libg.a(lib_a-vfprintf.o) (__swsetup_r)
c:/dave-3.1.10/arm-gcc/bin/../lib/gcc/arm-none-eabi/4.7.4/../../../../arm-none-eabi/lib/armv7e-m\libg.a(lib_a-dtoa.o)
                              c:/dave-3.1.10/arm-gcc/bin/../lib/gcc/arm-none-eabi/4.7.4/../../../../arm-none-eabi/lib/armv7e-m\libg.a(lib_a-svfprintf.o) (_dtoa_r)
c:/dave-3.1.10/arm-gcc/bin/../lib/gcc/arm-none-eabi/4.7.4/../../../../arm-none-eabi/lib/armv7e-m\libg.a(lib_a-fflush.o)
                              c:/dave-3.1.10/arm-gcc/bin/../lib/gcc/arm-none-eabi/4.7.4/../../../../arm-none-eabi/lib/armv7e-m\libg.a(lib_a-vfprintf.o) (_fflush_r)
c:/dave-3.1.10/arm-gcc/bin/../lib/gcc/arm-none-eabi/4.7.4/../../../../arm-none-eabi/lib/armv7e-m\libg.a(lib_a-findfp.o)
                              c:/dave-3.1.10/arm-gcc/bin/../lib/gcc/arm-none-eabi/4.7.4/../../../../arm-none-eabi/lib/armv7e-m\libg.a(lib_a-vfprintf.o) (__sinit)
c:/dave-3.1.10/arm-gcc/bin/../lib/gcc/arm-none-eabi/4.7.4/../../../../arm-none-eabi/lib/armv7e-m\libg.a(lib_a-freer.o)
                              c:/dave-3.1.10/arm-gcc/bin/../lib/gcc/arm-none-eabi/4.7.4/../../../../arm-none-eabi/lib/armv7e-m\libg.a(lib_a-malloc.o) (_free_r)
[...]
Memory Configuration

Name             Origin             Length             Attributes
FLASH_1_cached   0x08000000         0x00100000         xr
FLASH_1_uncached 0x0c000000         0x00100000         xr
PSRAM_1          0x10000000         0x00010000         !xr
DSRAM_1_system   0x20000000         0x00010000         !xr
DSRAM_2_comm     0x30000000         0x00008000         !xr
*default*        0x00000000         0xffffffff

Linker script and memory map

LOAD BluetoothDriver.o
LOAD CleanArray.o
LOAD FIFO_functions.o
LOAD LSM9DS1_Driver.o
LOAD Main.o
LOAD SendMeasurementsToBt.o
LOAD Timer.o
LOAD timerFunctions.o
LOAD Startup/startup_XMC4500.o
LOAD Startup/system_XMC4500.o
LOAD Lib/System_LibcStubs.o
LOAD Dave/Generated/src/UART001/UART001.o
LOAD Dave/Generated/src/UART001/UART001_Conf.o
LOAD Dave/Generated/src/SYSTM001/SYSTM001.o
LOAD Dave/Generated/src/RESET001/RESET001.o
LOAD Dave/Generated/src/LIBS/CCU8PWMLIB.o
LOAD Dave/Generated/src/LIBS/MOTORLIB.o
LOAD Dave/Generated/src/IO004/IO004.o
LOAD Dave/Generated/src/IO004/IO004_Conf.o
LOAD Dave/Generated/src/I2C001/I2C001.o
LOAD Dave/Generated/src/I2C001/I2C001_Conf.o
LOAD Dave/Generated/src/DAVESupport/DAVE3.o
LOAD Dave/Generated/src/DAVESupport/MULTIPLEXER.o
LOAD Dave/Generated/src/CLK001/CLK001.o
LOAD c:/dave-3.1.10/arm-gcc/bin/../lib/gcc/arm-none-eabi/4.7.4/../../../../arm-none-eabi/lib/armv7e-m\libm.a
START GROUP
LOAD c:/dave-3.1.10/arm-gcc/bin/../lib/gcc/arm-none-eabi/4.7.4/armv7e-m\libgcc.a
LOAD c:/dave-3.1.10/arm-gcc/bin/../lib/gcc/arm-none-eabi/4.7.4/../../../../arm-none-eabi/lib/armv7e-m\libg.a
LOAD c:/dave-3.1.10/arm-gcc/bin/../lib/gcc/arm-none-eabi/4.7.4/../../../../arm-none-eabi/lib/armv7e-m\libc.a
END GROUP
                0x00000800                stack_size = 0x800

.text           0x08000000    0x1384c load address 0x0c000000
                0x08000000                sText = .
 *(.Xmc4500.reset)
 .Xmc4500.reset
                0x08000000      0x21c Startup/startup_XMC4500.o
                0x08000000                __Xmc4500_interrupt_vector_cortex_m
                0x08000200                __Xmc4500_reset_cortex_m
 *(.Xmc4500.postreset)
 .Xmc4500.postreset
                0x0800021c       0xa8 Startup/startup_XMC4500.o
 *(.XmcStartup)
 .XmcStartup    0x080002c4        0x4 Startup/startup_XMC4500.o
 *(.text .text.* .gnu.linkonce.t.*)
 .text          0x080002c8        0x0 BluetoothDriver.o
 .text.resetConnectionIndicator
                0x080002c8       0x28 BluetoothDriver.o
                0x080002c8                resetConnectionIndicator
 .text.chooseDevice
                0x080002f0      0x204 BluetoothDriver.o
                0x080002f0                chooseDevice
 .text.resetConnection
                0x080004f4       0x14 BluetoothDriver.o
                0x080004f4                resetConnection
 .text.checkErrorOccurence
                0x08000508       0x80 BluetoothDriver.o
                0x08000508                checkErrorOccurence
 .text.manageConnection
                0x08000588       0x88 BluetoothDriver.o
                0x08000588                manageConnection
 .text.copyCheckAnswers
                0x08000610       0xdc BluetoothDriver.o
                0x08000610                copyCheckAnswers
 .text.copyCommands
                0x080006ec       0xec BluetoothDriver.o
                0x080006ec                copyCommands
 .text.getStatusMainTimer
                0x080007d8       0x18 BluetoothDriver.o
                0x080007d8                getStatusMainTimer
 .text.setStatusMainTimer
                0x080007f0       0x20 BluetoothDriver.o
                0x080007f0                setStatusMainTimer
 .text.removeMainTimer
                0x08000810       0x34 BluetoothDriver.o
                0x08000810                removeMainTimer
 .text.removeReceiveTimer
                0x08000844       0x34 BluetoothDriver.o
                0x08000844                removeReceiveTimer
 .text.createMainTimer
                0x08000878       0x4c BluetoothDriver.o
                0x08000878                createMainTimer
 .text.createReceiveTimer
                0x080008c4       0x3c BluetoothDriver.o
                0x080008c4                createReceiveTimer
 .text.timerHandlerInitBluetooth
                0x08000900      0x13c BluetoothDriver.o
                0x08000900                timerHandlerInitBluetooth
 .text.timerHandlerInitBluetoothReceive
                0x08000a3c       0xd8 BluetoothDriver.o
                0x08000a3c                timerHandlerInitBluetoothReceive
 .text.RxTimerHandler
                0x08000b14       0x34 BluetoothDriver.o
                0x08000b14                RxTimerHandler
 .text.initBluetooth
                0x08000b48       0x18 BluetoothDriver.o
                0x08000b48                initBluetooth
 .text.send     0x08000b60       0xd0 BluetoothDriver.o
                0x08000b60                send
 .text.read     0x08000c30       0xec BluetoothDriver.o
                0x08000c30                read
 .text.askAboutSending
                0x08000d1c       0x28 BluetoothDriver.o
                0x08000d1c                askAboutSending
 .text.stopAskingAboutSending
                0x08000d44       0x28 BluetoothDriver.o
                0x08000d44                stopAskingAboutSending
 .text.statusRtsFlowControl
                0x08000d6c       0x2c BluetoothDriver.o
                0x08000d6c                statusRtsFlowControl
 .text.checkStatusCts
                0x08000d98       0x2c BluetoothDriver.o
                0x08000d98                checkStatusCts
 .text.checkFunction
                0x08000dc4       0x2c BluetoothDriver.o
                0x08000dc4                checkFunction
 .text.connectStatus
                0x08000df0       0x2c BluetoothDriver.o
                0x08000df0                connectStatus
 .text.initFlowControl
                0x08000e1c        0xc BluetoothDriver.o
                0x08000e1c                initFlowControl
 .text.delayBt  0x08000e28       0x2c BluetoothDriver.o
                0x08000e28                delayBt
 .text          0x08000e54        0x0 CleanArray.o
 .text.cleanArray
                0x08000e54       0x38 CleanArray.o
                0x08000e54                cleanArray
 .text          0x08000e8c        0x0 FIFO_functions.o
 .text.flushFIFO
                0x08000e8c       0x2c FIFO_functions.o
                0x08000e8c                flushFIFO
 .text.clearErrorFlags
                0x08000eb8       0x70 FIFO_functions.o
                0x08000eb8                clearErrorFlags
 .text          0x08000f28        0x0 LSM9DS1_Driver.o
 .text.getAccelXf
                0x08000f28       0x18 LSM9DS1_Driver.o
                0x08000f28                getAccelXf
 .text.getAccelX
                0x08000f40       0x18 LSM9DS1_Driver.o
                0x08000f40                getAccelX
 .text.getAccelYf
                0x08000f58       0x18 LSM9DS1_Driver.o
                0x08000f58                getAccelYf
 .text.getAccelY
                0x08000f70       0x18 LSM9DS1_Driver.o
                0x08000f70                getAccelY
 .text.getAccelZf
                0x08000f88       0x18 LSM9DS1_Driver.o
                0x08000f88                getAccelZf
 .text.getAccelZ
                0x08000fa0       0x18 LSM9DS1_Driver.o
                0x08000fa0                getAccelZ
 .text.getGyroXf
                0x08000fb8       0x18 LSM9DS1_Driver.o
                0x08000fb8                getGyroXf
 .text.getGyroX
                0x08000fd0       0x18 LSM9DS1_Driver.o
                0x08000fd0                getGyroX
 .text.getGyroYf
                0x08000fe8       0x18 LSM9DS1_Driver.o
                0x08000fe8                getGyroYf
 .text.getGyroY
                0x08001000       0x18 LSM9DS1_Driver.o
                0x08001000                getGyroY
 .text.getGyroZf
                0x08001018       0x18 LSM9DS1_Driver.o
                0x08001018                getGyroZf
 .text.getGyroZ
                0x08001030       0x18 LSM9DS1_Driver.o
                0x08001030                getGyroZ
 .text.getMagnetXf
                0x08001048       0x18 LSM9DS1_Driver.o
                0x08001048                getMagnetXf
 .text.getMagnetX
                0x08001060       0x18 LSM9DS1_Driver.o
                0x08001060                getMagnetX
 .text.getMagnetYf
                0x08001078       0x18 LSM9DS1_Driver.o
                0x08001078                getMagnetYf
 .text.getMagnetY
                0x08001090       0x18 LSM9DS1_Driver.o
                0x08001090                getMagnetY
 .text.getMagnetZf
                0x080010a8       0x18 LSM9DS1_Driver.o
                0x080010a8                getMagnetZf
 .text.getMagnetZ
                0x080010c0       0x18 LSM9DS1_Driver.o
                0x080010c0                getMagnetZ
 .text.startMeasurements
                0x080010d8       0x40 LSM9DS1_Driver.o
                0x080010d8                startMeasurements
 .text.readAndSendMeasurements
                0x08001118      0x6a0 LSM9DS1_Driver.o
                0x08001118                readAndSendMeasurements
 .text.initAdrAndSubAdr
                0x080017b8       0x50 LSM9DS1_Driver.o
                0x080017b8                initAdrAndSubAdr
 .text.initLSM9DS1
                0x08001808       0x5c LSM9DS1_Driver.o
                0x08001808                initLSM9DS1
 .text.init     0x08001864      0x2bc LSM9DS1_Driver.o
                0x08001864                init
 .text.begin    0x08001b20       0xb8 LSM9DS1_Driver.o
                0x08001b20                begin
 .text.constrainScales
                0x08001bd8       0xdc LSM9DS1_Driver.o
                0x08001bd8                constrainScales
 .text.initI2C  0x08001cb4        0xc LSM9DS1_Driver.o
                0x08001cb4                initI2C
 .text.initSPI  0x08001cc0        0xc LSM9DS1_Driver.o
                0x08001cc0                initSPI
 .text.calcgRes
                0x08001ccc       0x34 LSM9DS1_Driver.o
                0x08001ccc                calcgRes
 .text.calcaRes
                0x08001d00       0x34 LSM9DS1_Driver.o
                0x08001d00                calcaRes
 .text.calcmRes
                0x08001d34       0xb4 LSM9DS1_Driver.o
                0x08001d34                calcmRes
 .text.delay    0x08001de8       0x34 LSM9DS1_Driver.o
                0x08001de8                delay
 .text.I2CreadByte
                0x08001e1c      0x158 LSM9DS1_Driver.o
                0x08001e1c                I2CreadByte
 .text.mReadByte
                0x08001f74       0x3c LSM9DS1_Driver.o
                0x08001f74                mReadByte
 .text.xgReadByte
                0x08001fb0       0x3c LSM9DS1_Driver.o
                0x08001fb0                xgReadByte
 .text.initGyro
                0x08001fec      0x1a4 LSM9DS1_Driver.o
                0x08001fec                initGyro
 .text.xgWriteByte
                0x08002190       0x3c LSM9DS1_Driver.o
                0x08002190                xgWriteByte
 .text.I2CwriteByte
                0x080021cc       0xd4 LSM9DS1_Driver.o
                0x080021cc                I2CwriteByte
 .text.initAccel
                0x080022a0      0x144 LSM9DS1_Driver.o
                0x080022a0                initAccel
 .text.initMag  0x080023e4      0x140 LSM9DS1_Driver.o
                0x080023e4                initMag
 .text.mWriteByte
                0x08002524       0x40 LSM9DS1_Driver.o
                0x08002524                mWriteByte
 .text.enableFIFO
                0x08002564       0x44 LSM9DS1_Driver.o
                0x08002564                enableFIFO
 .text.setFIFO  0x080025a8       0x40 LSM9DS1_Driver.o
                0x080025a8                setFIFO
 .text.calibrate
                0x080025e8      0x240 LSM9DS1_Driver.o
                0x080025e8                calibrate
 .text.xgReadBytes
                0x08002828       0x68 LSM9DS1_Driver.o
                0x08002828                xgReadBytes
 .text.SPIreadBytes
                0x08002890       0x1c LSM9DS1_Driver.o
                0x08002890                SPIreadBytes
 .text.readGyro1
                0x080028ac      0x144 LSM9DS1_Driver.o
                0x080028ac                readGyro1
 .text.readAccel1
                0x080029f0      0x134 LSM9DS1_Driver.o
                0x080029f0                readAccel1
 .text.readAccelToSensor
                0x08002b24      0x1dc LSM9DS1_Driver.o
                0x08002b24                readAccelToSensor
 .text.I2CreadBytes
                0x08002d00      0x1b4 LSM9DS1_Driver.o
                0x08002d00                I2CreadBytes
 .text.magAvailable
                0x08002eb4       0x38 LSM9DS1_Driver.o
                0x08002eb4                magAvailable
 .text.readMag1
                0x08002eec       0xa0 LSM9DS1_Driver.o
                0x08002eec                readMag1
 .text.calibrateMag
                0x08002f8c      0x1e4 LSM9DS1_Driver.o
                0x08002f8c                calibrateMag
 .text.calcMag  0x08003170       0x38 LSM9DS1_Driver.o
                0x08003170                calcMag
 .text.magOffset
                0x080031a8       0x64 LSM9DS1_Driver.o
                0x080031a8                magOffset
 .text.accelAvailable
                0x0800320c       0x24 LSM9DS1_Driver.o
                0x0800320c                accelAvailable
 .text.gyroAvailable
                0x08003230       0x28 LSM9DS1_Driver.o
                0x08003230                gyroAvailable
 .text.tempAvailable
                0x08003258       0x28 LSM9DS1_Driver.o
                0x08003258                tempAvailable
 .text.readAccel
                0x08003280       0xa4 LSM9DS1_Driver.o
                0x08003280                readAccel
 .text.readMag  0x08003324       0x80 LSM9DS1_Driver.o
                0x08003324                readMag
 .text.readTemp
                0x080033a4       0x84 LSM9DS1_Driver.o
                0x080033a4                readTemp
 .text.readGyro
                0x08003428       0xa4 LSM9DS1_Driver.o
                0x08003428                readGyro
 .text.calcGyro
                0x080034cc       0x38 LSM9DS1_Driver.o
                0x080034cc                calcGyro
 .text.calcAccel
                0x08003504       0x38 LSM9DS1_Driver.o
                0x08003504                calcAccel
 .text.setGyroScale
                0x0800353c       0x88 LSM9DS1_Driver.o
                0x0800353c                setGyroScale
 .text.setAccelScale
                0x080035c4       0x9c LSM9DS1_Driver.o
                0x080035c4                setAccelScale
 .text.setMagScale
                0x08003660       0xa4 LSM9DS1_Driver.o
                0x08003660                setMagScale
 .text.setGyroODR
                0x08003704       0x60 LSM9DS1_Driver.o
                0x08003704                setGyroODR
 .text.setAccelODR
                0x08003764       0x60 LSM9DS1_Driver.o
                0x08003764                setAccelODR
 .text.setMagODR
                0x080037c4       0x5c LSM9DS1_Driver.o
                0x080037c4                setMagODR
 .text.configInt
                0x08003820       0x6c LSM9DS1_Driver.o
                0x08003820                configInt
 .text.configInactivity
                0x0800388c       0x50 LSM9DS1_Driver.o
                0x0800388c                configInactivity
 .text.getInactivity
                0x080038dc       0x28 LSM9DS1_Driver.o
                0x080038dc                getInactivity
 .text.configAccelInt
                0x08003904       0x34 LSM9DS1_Driver.o
                0x08003904                configAccelInt
 .text.configAccelThs
                0x08003938       0x4c LSM9DS1_Driver.o
                0x08003938                configAccelThs
 .text.getAccelIntSrc
                0x08003984       0x34 LSM9DS1_Driver.o
                0x08003984                getAccelIntSrc
 .text.configGyroInt
                0x080039b8       0x48 LSM9DS1_Driver.o
                0x080039b8                configGyroInt
 .text.configGyroThs
                0x08003a00       0x7c LSM9DS1_Driver.o
                0x08003a00                configGyroThs
 .text.getGyroIntSrc
                0x08003a7c       0x34 LSM9DS1_Driver.o
                0x08003a7c                getGyroIntSrc
 .text.configMagInt
                0x08003ab0       0x58 LSM9DS1_Driver.o
                0x08003ab0                configMagInt
 .text.configMagThs
                0x08003b08       0x38 LSM9DS1_Driver.o
                0x08003b08                configMagThs
 .text.getMagIntSrc
                0x08003b40       0x34 LSM9DS1_Driver.o
                0x08003b40                getMagIntSrc
 .text.sleepGyro
                0x08003b74       0x44 LSM9DS1_Driver.o
                0x08003b74                sleepGyro
 .text.getFIFOSamples
                0x08003bb8       0x18 LSM9DS1_Driver.o
                0x08003bb8                getFIFOSamples
 .text.timerHandlerSendMsg
                0x08003bd0       0xd0 LSM9DS1_Driver.o
                0x08003bd0                timerHandlerSendMsg
 .text.timerHandlerReceiveOneMeasurementEachSensor
                0x08003ca0      0x218 LSM9DS1_Driver.o
                0x08003ca0                timerHandlerReceiveOneMeasurementEachSensor
 .text.receiveByte
                0x08003eb8      0x18c LSM9DS1_Driver.o
                0x08003eb8                receiveByte
 .text          0x08004044        0x0 Main.o
 .text.check    0x08004044       0xf4 Main.o
                0x08004044                check
 .text.main     0x08004138       0x38 Main.o
                0x08004138                main
 .text          0x08004170        0x0 SendMeasurementsToBt.o
 .text.sendMeasurementsToBt
                0x08004170      0x664 SendMeasurementsToBt.o
                0x08004170                sendMeasurementsToBt
 .text.sendMsgLSM9DS1
                0x080047d4       0xe0 SendMeasurementsToBt.o
                0x080047d4                sendMsgLSM9DS1
 .text          0x080048b4        0x0 Timer.o
 .text.makeTimer
                0x080048b4       0x44 Timer.o
                0x080048b4                makeTimer
 .text.removeTimer
                0x080048f8       0x44 Timer.o
                0x080048f8                removeTimer
 .text          0x0800493c        0x0 timerFunctions.o
 .text          0x0800493c       0xe2 Startup/startup_XMC4500.o
                0x0800493c                NMI_Handler
                0x0800493e                HardFault_Handler
                0x08004940                MemManage_Handler
                0x08004942                BusFault_Handler
                0x08004944                UsageFault_Handler
                0x08004946                SVC_Handler
                0x08004948                DebugMon_Handler
                0x0800494a                PendSV_Handler
                0x0800494e                SCU_0_IRQHandler
                0x08004950                ERU0_0_IRQHandler
                0x08004952                ERU0_1_IRQHandler
                0x08004954                ERU0_2_IRQHandler
                0x08004956                ERU0_3_IRQHandler
                0x08004958                ERU1_0_IRQHandler
                0x0800495a                ERU1_1_IRQHandler
                0x0800495c                ERU1_2_IRQHandler
                0x0800495e                ERU1_3_IRQHandler
                0x08004960                PMU0_0_IRQHandler
                0x08004962                VADC0_C0_0_IRQHandler
                0x08004964                VADC0_C0_1_IRQHandler
                0x08004966                VADC0_C0_2_IRQHandler
                0x08004968                VADC0_C0_3_IRQHandler
                0x0800496a                VADC0_G0_0_IRQHandler
                0x0800496c                VADC0_G0_1_IRQHandler
                0x0800496e                VADC0_G0_2_IRQHandler
                0x08004970                VADC0_G0_3_IRQHandler
                0x08004972                VADC0_G1_0_IRQHandler
                0x08004974                VADC0_G1_1_IRQHandler
                0x08004976                VADC0_G1_2_IRQHandler
                0x08004978                VADC0_G1_3_IRQHandler
                0x0800497a                VADC0_G2_0_IRQHandler
                0x0800497c                VADC0_G2_1_IRQHandler
                0x0800497e                VADC0_G2_2_IRQHandler
                0x08004980                VADC0_G2_3_IRQHandler
                0x08004982                VADC0_G3_0_IRQHandler
                0x08004984                VADC0_G3_1_IRQHandler
                0x08004986                VADC0_G3_2_IRQHandler
                0x08004988                VADC0_G3_3_IRQHandler
                0x0800498a                DSD0_0_IRQHandler
                0x0800498c                DSD0_1_IRQHandler
                0x0800498e                DSD0_2_IRQHandler
                0x08004990                DSD0_3_IRQHandler
                0x08004992                DSD0_4_IRQHandler
                0x08004994                DSD0_5_IRQHandler
                0x08004996                DSD0_6_IRQHandler
                0x08004998                DSD0_7_IRQHandler
                0x0800499a                DAC0_0_IRQHandler
                0x0800499c                DAC0_1_IRQHandler
                0x0800499e                CCU40_0_IRQHandler
                0x080049a0                CCU40_1_IRQHandler
                0x080049a2                CCU40_2_IRQHandler
                0x080049a4                CCU40_3_IRQHandler
                0x080049a6                CCU41_0_IRQHandler
                0x080049a8                CCU41_1_IRQHandler
                0x080049aa                CCU41_2_IRQHandler
                0x080049ac                CCU41_3_IRQHandler
                0x080049ae                CCU42_0_IRQHandler
                0x080049b0                CCU42_1_IRQHandler
                0x080049b2                CCU42_2_IRQHandler
                0x080049b4                CCU42_3_IRQHandler
                0x080049b6                CCU43_0_IRQHandler
                0x080049b8                CCU43_1_IRQHandler
                0x080049ba                CCU43_2_IRQHandler
                0x080049bc                CCU43_3_IRQHandler
                0x080049be                CCU80_0_IRQHandler
                0x080049c0                CCU80_1_IRQHandler
                0x080049c2                CCU80_2_IRQHandler
                0x080049c4                CCU80_3_IRQHandler
                0x080049c6                CCU81_0_IRQHandler
                0x080049c8                CCU81_1_IRQHandler
                0x080049ca                CCU81_2_IRQHandler
                0x080049cc                CCU81_3_IRQHandler
                0x080049ce                POSIF0_0_IRQHandler
                0x080049d0                POSIF0_1_IRQHandler
                0x080049d2                POSIF1_0_IRQHandler
                0x080049d4                POSIF1_1_IRQHandler
                0x080049d6                CAN0_0_IRQHandler
                0x080049d8                CAN0_1_IRQHandler
                0x080049da                CAN0_2_IRQHandler
                0x080049dc                CAN0_3_IRQHandler
                0x080049de                CAN0_4_IRQHandler
                0x080049e0                CAN0_5_IRQHandler
                0x080049e2                CAN0_6_IRQHandler
                0x080049e4                CAN0_7_IRQHandler
                0x080049e6                USIC0_0_IRQHandler
                0x080049e8                USIC0_1_IRQHandler
                0x080049ea                USIC0_2_IRQHandler
                0x080049ec                USIC0_3_IRQHandler
                0x080049ee                USIC0_4_IRQHandler
                0x080049f0                USIC0_5_IRQHandler
                0x080049f2                USIC1_0_IRQHandler
                0x080049f4                USIC1_1_IRQHandler
                0x080049f6                USIC1_2_IRQHandler
                0x080049f8                USIC1_3_IRQHandler
                0x080049fa                USIC1_4_IRQHandler
                0x080049fc                USIC1_5_IRQHandler
                0x080049fe                USIC2_0_IRQHandler
                0x08004a00                USIC2_1_IRQHandler
                0x08004a02                USIC2_2_IRQHandler
                0x08004a04                USIC2_3_IRQHandler
                0x08004a06                USIC2_4_IRQHandler
                0x08004a08                USIC2_5_IRQHandler
                0x08004a0a                LEDTS0_0_IRQHandler
                0x08004a0c                FCE0_0_IRQHandler
                0x08004a0e                GPDMA0_0_IRQHandler
                0x08004a10                SDMMC0_0_IRQHandler
                0x08004a12                USB0_0_IRQHandler
                0x08004a14                ETH0_0_IRQHandler
                0x08004a16                GPDMA1_0_IRQHandler
 .text          0x08004a1e        0x0 Startup/system_XMC4500.o
 *fill*         0x08004a1e        0x2 00
 .text.SystemInit
                0x08004a20       0x9c Startup/system_XMC4500.o
                0x08004a20                SystemInit
 .text.SystemCoreClockUpdate
                0x08004abc      0x148 Startup/system_XMC4500.o
                0x08004abc                SystemCoreClockUpdate
 .text.SystemClockSetup
                0x08004c04      0x4cc Startup/system_XMC4500.o
 .text          0x080050d0        0x0 Lib/System_LibcStubs.o
 .text._open    0x080050d0       0x1c Lib/System_LibcStubs.o
                0x080050d0                _open
 .text._lseek   0x080050ec       0x1c Lib/System_LibcStubs.o
                0x080050ec                _lseek
 .text._read    0x08005108       0x1c Lib/System_LibcStubs.o
                0x08005108                _read
 .text._write   0x08005124       0x1c Lib/System_LibcStubs.o
                0x08005124                _write
 .text._close   0x08005140       0x10 Lib/System_LibcStubs.o
                0x08005140                _close
 .text._fstat   0x08005150       0x28 Lib/System_LibcStubs.o
                0x08005150                _fstat
 .text._link    0x08005178       0x28 Lib/System_LibcStubs.o
                0x08005178                _link
 .text._unlink  0x080051a0       0x18 Lib/System_LibcStubs.o
                0x080051a0                _unlink
 .text._sbrk    0x080051b8       0xa0 Lib/System_LibcStubs.o
                0x080051b8                _sbrk
 .text._times   0x08005258       0x18 Lib/System_LibcStubs.o
                0x08005258                _times
 .text._wait    0x08005270       0x18 Lib/System_LibcStubs.o
                0x08005270                _wait
 .text._kill    0x08005288       0x1c Lib/System_LibcStubs.o
                0x08005288                _kill
 .text._fork    0x080052a4       0x10 Lib/System_LibcStubs.o
                0x080052a4                _fork
 .text._getpid  0x080052b4       0x10 Lib/System_LibcStubs.o
                0x080052b4                _getpid
 .text._exit    0x080052c4        0xc Lib/System_LibcStubs.o
                0x080052c4                _exit
 .text._init    0x080052d0        0xc Lib/System_LibcStubs.o
                0x080052d0                _init
 .text._isatty  0x080052dc       0x18 Lib/System_LibcStubs.o
                0x080052dc                _isatty
 .text          0x080052f4        0x0 Dave/Generated/src/UART001/UART001.o
 .text.UART001_lInit
                0x080052f4      0x1a8 Dave/Generated/src/UART001/UART001.o
                0x080052f4                UART001_lInit
 .text.UART001_lConfigTXPin
                0x0800549c       0xfc Dave/Generated/src/UART001/UART001.o
                0x0800549c                UART001_lConfigTXPin
 .text.UART001_labsRealType
                0x08005598       0x38 Dave/Generated/src/UART001/UART001.o
                0x08005598                UART001_labsRealType
 .text.UART001_lConfigureBaudRate
                0x080055d0      0x4e8 Dave/Generated/src/UART001/UART001.o
                0x080055d0                UART001_lConfigureBaudRate
 .text.UART001_Init
                0x08005ab8       0x6c Dave/Generated/src/UART001/UART001.o
                0x08005ab8                UART001_Init
 .text.UART001_DeInit
                0x08005b24       0x14 Dave/Generated/src/UART001/UART001.o
                0x08005b24                UART001_DeInit
 .text.UART001_Configure
                0x08005b38      0x114 Dave/Generated/src/UART001/UART001.o
                0x08005b38                UART001_Configure
 .text.UART001_ReadDataMultiple
                0x08005c4c       0x80 Dave/Generated/src/UART001/UART001.o
                0x08005c4c                UART001_ReadDataMultiple
 .text.UART001_ReadDataBytes
                0x08005ccc       0x80 Dave/Generated/src/UART001/UART001.o
                0x08005ccc                UART001_ReadDataBytes
 .text.UART001_WriteDataMultiple
                0x08005d4c       0x90 Dave/Generated/src/UART001/UART001.o
                0x08005d4c                UART001_WriteDataMultiple
 .text.UART001_WriteDataBytes
                0x08005ddc       0x90 Dave/Generated/src/UART001/UART001.o
                0x08005ddc                UART001_WriteDataBytes
 .text.UART001_GetFlagStatus
                0x08005e6c       0x98 Dave/Generated/src/UART001/UART001.o
                0x08005e6c                UART001_GetFlagStatus
 .text.UART001_ClearFlag
                0x08005f04       0x78 Dave/Generated/src/UART001/UART001.o
                0x08005f04                UART001_ClearFlag
 .text          0x08005f7c        0x0 Dave/Generated/src/UART001/UART001_Conf.o
 .text          0x08005f7c        0x0 Dave/Generated/src/SYSTM001/SYSTM001.o
 .text.NVIC_GetPriorityGrouping
                0x08005f7c       0x20 Dave/Generated/src/SYSTM001/SYSTM001.o
 .text.NVIC_SetPriority
                0x08005f9c       0x5c Dave/Generated/src/SYSTM001/SYSTM001.o
 .text.NVIC_EncodePriority
                0x08005ff8       0x78 Dave/Generated/src/SYSTM001/SYSTM001.o
 .text.SysTick_Config
                0x08006070       0x64 Dave/Generated/src/SYSTM001/SYSTM001.o
 .text.SYSTM001_lInsertTimerList
                0x080060d4      0x214 Dave/Generated/src/SYSTM001/SYSTM001.o
 .text.SYSTM001_lRemoveTimerList
                0x080062e8       0xd8 Dave/Generated/src/SYSTM001/SYSTM001.o
 .text.SYSTM001_lTimerHandler
                0x080063c0       0x94 Dave/Generated/src/SYSTM001/SYSTM001.o
 .text.SysTick_Handler
                0x08006454       0x5c Dave/Generated/src/SYSTM001/SYSTM001.o
                0x08006454                SysTick_Handler
 .text.SYSTM001_Init
                0x080064b0       0x64 Dave/Generated/src/SYSTM001/SYSTM001.o
                0x080064b0                SYSTM001_Init
 .text.SYSTM001_CreateTimer
                0x08006514      0x1a0 Dave/Generated/src/SYSTM001/SYSTM001.o
                0x08006514                SYSTM001_CreateTimer
 .text.SYSTM001_StartTimer
                0x080066b4       0xb4 Dave/Generated/src/SYSTM001/SYSTM001.o
                0x080066b4                SYSTM001_StartTimer
 .text.SYSTM001_StopTimer
                0x08006768       0x90 Dave/Generated/src/SYSTM001/SYSTM001.o
                0x08006768                SYSTM001_StopTimer
 .text.SYSTM001_DeleteTimer
                0x080067f8       0x9c Dave/Generated/src/SYSTM001/SYSTM001.o
                0x080067f8                SYSTM001_DeleteTimer
 .text.SYSTM001_GetTime
                0x08006894       0x18 Dave/Generated/src/SYSTM001/SYSTM001.o
                0x08006894                SYSTM001_GetTime
 .text.SYSTM001_GetSysTickCount
                0x080068ac       0x28 Dave/Generated/src/SYSTM001/SYSTM001.o
                0x080068ac                SYSTM001_GetSysTickCount
 .text          0x080068d4        0x0 Dave/Generated/src/RESET001/RESET001.o
 .text.RESET001_AssertReset
                0x080068d4       0x54 Dave/Generated/src/RESET001/RESET001.o
                0x080068d4                RESET001_AssertReset
 .text.RESET001_DeassertReset
                0x08006928       0x54 Dave/Generated/src/RESET001/RESET001.o
                0x08006928                RESET001_DeassertReset
 .text.RESET001_GetResetInfo
                0x0800697c       0x2c Dave/Generated/src/RESET001/RESET001.o
                0x0800697c                RESET001_GetResetInfo
 .text.RESET001_GetStatus
                0x080069a8       0x7c Dave/Generated/src/RESET001/RESET001.o
                0x080069a8                RESET001_GetStatus
 .text.RESET001_ClearResetInfo
                0x08006a24       0x28 Dave/Generated/src/RESET001/RESET001.o
                0x08006a24                RESET001_ClearResetInfo
 .text          0x08006a4c        0x0 Dave/Generated/src/LIBS/CCU8PWMLIB.o
 .text          0x08006a4c        0x0 Dave/Generated/src/LIBS/MOTORLIB.o
 .text          0x08006a4c        0x0 Dave/Generated/src/IO004/IO004.o
 .text.IO004_Init
                0x08006a4c      0x190 Dave/Generated/src/IO004/IO004.o
                0x08006a4c                IO004_Init
 .text.IO004_DisableOutputDriver
                0x08006bdc      0x17c Dave/Generated/src/IO004/IO004.o
                0x08006bdc                IO004_DisableOutputDriver
 .text.IO004_EnableOutputDriver
                0x08006d58      0x17c Dave/Generated/src/IO004/IO004.o
                0x08006d58                IO004_EnableOutputDriver
 .text          0x08006ed4        0x0 Dave/Generated/src/IO004/IO004_Conf.o
 .text          0x08006ed4        0x0 Dave/Generated/src/I2C001/I2C001.o
 .text.I2C001_lInit
                0x08006ed4      0x1bc Dave/Generated/src/I2C001/I2C001.o
                0x08006ed4                I2C001_lInit
 .text.I2C001_lConfigureBitRate
                0x08007090      0x1a0 Dave/Generated/src/I2C001/I2C001.o
                0x08007090                I2C001_lConfigureBitRate
 .text.I2C001_Init
                0x08007230      0x1ac Dave/Generated/src/I2C001/I2C001.o
                0x08007230                I2C001_Init
 .text.I2C001_DeInit
                0x080073dc        0xc Dave/Generated/src/I2C001/I2C001.o
                0x080073dc                I2C001_DeInit
 .text.I2C001_Configure
                0x080073e8      0x100 Dave/Generated/src/I2C001/I2C001.o
                0x080073e8                I2C001_Configure
 .text.I2C001_ReadData
                0x080074e8       0x54 Dave/Generated/src/I2C001/I2C001.o
                0x080074e8                I2C001_ReadData
 .text.I2C001_WriteData
                0x0800753c       0x6c Dave/Generated/src/I2C001/I2C001.o
                0x0800753c                I2C001_WriteData
 .text.I2C001_GetFlagStatus
                0x080075a8       0xc8 Dave/Generated/src/I2C001/I2C001.o
                0x080075a8                I2C001_GetFlagStatus
 .text.I2C001_ClearFlag
                0x08007670       0x84 Dave/Generated/src/I2C001/I2C001.o
                0x08007670                I2C001_ClearFlag
 .text          0x080076f4        0x0 Dave/Generated/src/I2C001/I2C001_Conf.o
 .text          0x080076f4        0x0 Dave/Generated/src/DAVESupport/DAVE3.o
 .text.NVIC_SetPriorityGrouping
                0x080076f4       0x50 Dave/Generated/src/DAVESupport/DAVE3.o
 .text.DAVE_Init
                0x08007744       0x2c Dave/Generated/src/DAVESupport/DAVE3.o
                0x08007744                DAVE_Init
 .text.SystemInit_DAVE3
                0x08007770        0xc Dave/Generated/src/DAVESupport/DAVE3.o
                0x08007770                SystemInit_DAVE3
 .text          0x0800777c        0x0 Dave/Generated/src/DAVESupport/MULTIPLEXER.o
 .text.DAVE_MUX_Init
                0x0800777c      0x2c8 Dave/Generated/src/DAVESupport/MULTIPLEXER.o
                0x0800777c                DAVE_MUX_Init
 .text.DAVE_MUX_PreInit
                0x08007a44        0xc Dave/Generated/src/DAVESupport/MULTIPLEXER.o
                0x08007a44                DAVE_MUX_PreInit
 .text          0x08007a50        0x0 Dave/Generated/src/CLK001/CLK001.o
 .text.CLK001_Delay
                0x08007a50       0x34 Dave/Generated/src/CLK001/CLK001.o
 .text.CLK001_SysClk_Valid
                0x08007a84       0x38 Dave/Generated/src/CLK001/CLK001.o
 .text.CLK001_BackupClkTrim
                0x08007abc       0x94 Dave/Generated/src/CLK001/CLK001.o
 .text.CLK001_SetMainPLLClkSrc
                0x08007b50       0xf0 Dave/Generated/src/CLK001/CLK001.o
 .text.CLK001_ConfigMainPLL
                0x08007c40      0x15c Dave/Generated/src/CLK001/CLK001.o
 .text.CLK001_FreqStepupMainPLL
                0x08007d9c      0x164 Dave/Generated/src/CLK001/CLK001.o
 .text.CLK001_SysClk_Init
                0x08007f00       0x50 Dave/Generated/src/CLK001/CLK001.o
 .text.CLK001_Init
                0x08007f50       0x30 Dave/Generated/src/CLK001/CLK001.o
                0x08007f50                CLK001_Init
 .text.AllowPLLInitByStartup
                0x08007f80       0x10 Dave/Generated/src/CLK001/CLK001.o
                0x08007f80                AllowPLLInitByStartup
 .text          0x08007f90      0x370 c:/dave-3.1.10/arm-gcc/bin/../lib/gcc/arm-none-eabi/4.7.4/armv7e-m\libgcc.a(_arm_addsubdf3.o)
                0x08007f90                __aeabi_drsub
                0x08007f98                __aeabi_dsub
                0x08007f98                __subdf3
                0x08007f9c                __aeabi_dadd
                0x08007f9c                __adddf3
                0x08008214                __floatunsidf
                0x08008214                __aeabi_ui2d
                0x08008234                __floatsidf
                0x08008234                __aeabi_i2d
                0x08008258                __aeabi_f2d
                0x08008258                __extendsfdf2
                0x08008294                __floatundidf
                0x08008294                __aeabi_ul2d
                0x080082a4                __floatdidf
                0x080082a4                __aeabi_l2d
 .text          0x08008300      0x424 c:/dave-3.1.10/arm-gcc/bin/../lib/gcc/arm-none-eabi/4.7.4/armv7e-m\libgcc.a(_arm_muldivdf3.o)
                0x08008300                __aeabi_dmul
                0x08008300                __muldf3
                0x08008554                __divdf3
                0x08008554                __aeabi_ddiv
 .text          0x08008724       0x50 c:/dave-3.1.10/arm-gcc/bin/../lib/gcc/arm-none-eabi/4.7.4/armv7e-m\libgcc.a(_arm_fixdfsi.o)
                0x08008724                __aeabi_d2iz
                0x08008724                __fixdfsi
 .text          0x08008774        0x0 c:/dave-3.1.10/arm-gcc/bin/../lib/gcc/arm-none-eabi/4.7.4/../../../../arm-none-eabi/lib/armv7e-m\libg.a(lib_a-init.o)
 .text.__libc_init_array
                0x08008774       0x94 c:/dave-3.1.10/arm-gcc/bin/../lib/gcc/arm-none-eabi/4.7.4/../../../../arm-none-eabi/lib/armv7e-m\libg.a(lib_a-init.o)
                0x08008774                __libc_init_array
 .text          0x08008808        0x0 c:/dave-3.1.10/arm-gcc/bin/../lib/gcc/arm-none-eabi/4.7.4/../../../../arm-none-eabi/lib/armv7e-m\libg.a(lib_a-malloc.o)
 .text.malloc   0x08008808       0x10 c:/dave-3.1.10/arm-gcc/bin/../lib/gcc/arm-none-eabi/4.7.4/../../../../arm-none-eabi/lib/armv7e-m\libg.a(lib_a-malloc.o)
                0x08008808                malloc
 .text.free     0x08008818       0x10 c:/dave-3.1.10/arm-gcc/bin/../lib/gcc/arm-none-eabi/4.7.4/../../../../arm-none-eabi/lib/armv7e-m\libg.a(lib_a-malloc.o)
                0x08008818                free
 .text          0x08008828        0x0 c:/dave-3.1.10/arm-gcc/bin/../lib/gcc/arm-none-eabi/4.7.4/../../../../arm-none-eabi/lib/armv7e-m\libg.a(lib_a-mallocr.o)
 .text._malloc_r
                0x08008828      0x55c c:/dave-3.1.10/arm-gcc/bin/../lib/gcc/arm-none-eabi/4.7.4/../../../../arm-none-eabi/lib/armv7e-m\libg.a(lib_a-mallocr.o)
                0x08008828                _malloc_r
 .text          0x08008d84        0x0 c:/dave-3.1.10/arm-gcc/bin/../lib/gcc/arm-none-eabi/4.7.4/../../../../arm-none-eabi/lib/armv7e-m\libg.a(lib_a-memcpy.o)
 .text.memcpy   0x08008d84      0x144 c:/dave-3.1.10/arm-gcc/bin/../lib/gcc/arm-none-eabi/4.7.4/../../../../arm-none-eabi/lib/armv7e-m\libg.a(lib_a-memcpy.o)
                0x08008d84                memcpy
 .text          0x08008ec8        0x0 c:/dave-3.1.10/arm-gcc/bin/../lib/gcc/arm-none-eabi/4.7.4/../../../../arm-none-eabi/lib/armv7e-m\libg.a(lib_a-mlock.o)
 .text.__malloc_lock
                0x08008ec8        0x4 c:/dave-3.1.10/arm-gcc/bin/../lib/gcc/arm-none-eabi/4.7.4/../../../../arm-none-eabi/lib/armv7e-m\libg.a(lib_a-mlock.o)
                0x08008ec8                __malloc_lock
 .text.__malloc_unlock
                0x08008ecc        0x4 c:/dave-3.1.10/arm-gcc/bin/../lib/gcc/arm-none-eabi/4.7.4/../../../../arm-none-eabi/lib/armv7e-m\libg.a(lib_a-mlock.o)
                0x08008ecc                __malloc_unlock
 .text          0x08008ed0        0x0 c:/dave-3.1.10/arm-gcc/bin/../lib/gcc/arm-none-eabi/4.7.4/../../../../arm-none-eabi/lib/armv7e-m\libg.a(lib_a-printf.o)
 .text._printf_r
                0x08008ed0       0x20 c:/dave-3.1.10/arm-gcc/bin/../lib/gcc/arm-none-eabi/4.7.4/../../../../arm-none-eabi/lib/armv7e-m\libg.a(lib_a-printf.o)
                0x08008ed0                _printf_r
 .text.printf   0x08008ef0       0x28 c:/dave-3.1.10/arm-gcc/bin/../lib/gcc/arm-none-eabi/4.7.4/../../../../arm-none-eabi/lib/armv7e-m\libg.a(lib_a-printf.o)
                0x08008ef0                printf
 .text          0x08008f18        0x0 c:/dave-3.1.10/arm-gcc/bin/../lib/gcc/arm-none-eabi/4.7.4/../../../../arm-none-eabi/lib/armv7e-m\libg.a(lib_a-sbrkr.o)
 .text._sbrk_r  0x08008f18       0x24 c:/dave-3.1.10/arm-gcc/bin/../lib/gcc/arm-none-eabi/4.7.4/../../../../arm-none-eabi/lib/armv7e-m\libg.a(lib_a-sbrkr.o)
                0x08008f18                _sbrk_r
 .text          0x08008f3c        0x0 c:/dave-3.1.10/arm-gcc/bin/../lib/gcc/arm-none-eabi/4.7.4/../../../../arm-none-eabi/lib/armv7e-m\libg.a(lib_a-sprintf.o)
 .text._sprintf_r
                0x08008f3c       0x44 c:/dave-3.1.10/arm-gcc/bin/../lib/gcc/arm-none-eabi/4.7.4/../../../../arm-none-eabi/lib/armv7e-m\libg.a(lib_a-sprintf.o)
                0x08008f3c                _sprintf_r
 .text.sprintf  0x08008f80       0x50 c:/dave-3.1.10/arm-gcc/bin/../lib/gcc/arm-none-eabi/4.7.4/../../../../arm-none-eabi/lib/armv7e-m\libg.a(lib_a-sprintf.o)
                0x08008f80                sprintf
 .text          0x08008fd0        0x0 c:/dave-3.1.10/arm-gcc/bin/../lib/gcc/arm-none-eabi/4.7.4/../../../../arm-none-eabi/lib/armv7e-m\libg.a(lib_a-strchr.o)
 .text.strchr   0x08008fd0       0xfc c:/dave-3.1.10/arm-gcc/bin/../lib/gcc/arm-none-eabi/4.7.4/../../../../arm-none-eabi/lib/armv7e-m\libg.a(lib_a-strchr.o)
                0x08008fd0                strchr
 .text          0x080090cc        0x0 c:/dave-3.1.10/arm-gcc/bin/../lib/gcc/arm-none-eabi/4.7.4/../../../../arm-none-eabi/lib/armv7e-m\libg.a(lib_a-strcmp.o)
 .text.strcmp   0x080090cc       0x80 c:/dave-3.1.10/arm-gcc/bin/../lib/gcc/arm-none-eabi/4.7.4/../../../../arm-none-eabi/lib/armv7e-m\libg.a(lib_a-strcmp.o)
                0x080090cc                strcmp
 .text.strcmp_unaligned
                0x0800914c      0x15c c:/dave-3.1.10/arm-gcc/bin/../lib/gcc/arm-none-eabi/4.7.4/../../../../arm-none-eabi/lib/armv7e-m\libg.a(lib_a-strcmp.o)
 .text          0x080092a8        0x0 c:/dave-3.1.10/arm-gcc/bin/../lib/gcc/arm-none-eabi/4.7.4/../../../../arm-none-eabi/lib/armv7e-m\libg.a(lib_a-strlen.o)
 .text.strlen   0x080092a8       0x60 c:/dave-3.1.10/arm-gcc/bin/../lib/gcc/arm-none-eabi/4.7.4/../../../../arm-none-eabi/lib/armv7e-m\libg.a(lib_a-strlen.o)
                0x080092a8                strlen
 .text          0x08009308        0x0 c:/dave-3.1.10/arm-gcc/bin/../lib/gcc/arm-none-eabi/4.7.4/../../../../arm-none-eabi/lib/armv7e-m\libg.a(lib_a-strstr.o)
 .text.critical_factorization
                0x08009308       0xbc c:/dave-3.1.10/arm-gcc/bin/../lib/gcc/arm-none-eabi/4.7.4/../../../../arm-none-eabi/lib/armv7e-m\libg.a(lib_a-strstr.o)
 .text.two_way_long_needle
                0x080093c4      0x318 c:/dave-3.1.10/arm-gcc/bin/../lib/gcc/arm-none-eabi/4.7.4/../../../../arm-none-eabi/lib/armv7e-m\libg.a(lib_a-strstr.o)
 .text.strstr   0x080096dc      0x2f0 c:/dave-3.1.10/arm-gcc/bin/../lib/gcc/arm-none-eabi/4.7.4/../../../../arm-none-eabi/lib/armv7e-m\libg.a(lib_a-strstr.o)
                0x080096dc                strstr
 .text          0x080099cc        0x0 c:/dave-3.1.10/arm-gcc/bin/../lib/gcc/arm-none-eabi/4.7.4/../../../../arm-none-eabi/lib/armv7e-m\libg.a(lib_a-svfprintf.o)
 .text._svfprintf_r
                0x080099cc     0x1adc c:/dave-3.1.10/arm-gcc/bin/../lib/gcc/arm-none-eabi/4.7.4/../../../../arm-none-eabi/lib/armv7e-m\libg.a(lib_a-svfprintf.o)
                0x080099cc                _svfprintf_r
 .text          0x0800b4a8        0x0 c:/dave-3.1.10/arm-gcc/bin/../lib/gcc/arm-none-eabi/4.7.4/../../../../arm-none-eabi/lib/armv7e-m\libg.a(lib_a-vfprintf.o)
 .text._vfprintf_r
                0x0800b4a8     0x1cc8 c:/dave-3.1.10/arm-gcc/bin/../lib/gcc/arm-none-eabi/4.7.4/../../../../arm-none-eabi/lib/armv7e-m\libg.a(lib_a-vfprintf.o)
                0x0800b4a8                _vfprintf_r
 .text.__sbprintf
                0x0800d170       0x78 c:/dave-3.1.10/arm-gcc/bin/../lib/gcc/arm-none-eabi/4.7.4/../../../../arm-none-eabi/lib/armv7e-m\libg.a(lib_a-vfprintf.o)
 .text.vfprintf
                0x0800d1e8       0x1c c:/dave-3.1.10/arm-gcc/bin/../lib/gcc/arm-none-eabi/4.7.4/../../../../arm-none-eabi/lib/armv7e-m\libg.a(lib_a-vfprintf.o)
                0x0800d1e8                vfprintf
 .text          0x0800d204        0x0 c:/dave-3.1.10/arm-gcc/bin/../lib/gcc/arm-none-eabi/4.7.4/../../../../arm-none-eabi/lib/armv7e-m\libg.a(lib_a-wsetup.o)
 .text.__swsetup_r
                0x0800d204       0xc4 c:/dave-3.1.10/arm-gcc/bin/../lib/gcc/arm-none-eabi/4.7.4/../../../../arm-none-eabi/lib/armv7e-m\libg.a(lib_a-wsetup.o)
                0x0800d204                __swsetup_r
 .text          0x0800d2c8        0x0 c:/dave-3.1.10/arm-gcc/bin/../lib/gcc/arm-none-eabi/4.7.4/../../../../arm-none-eabi/lib/armv7e-m\libg.a(lib_a-dtoa.o)
 .text.quorem   0x0800d2c8      0x2ec c:/dave-3.1.10/arm-gcc/bin/../lib/gcc/arm-none-eabi/4.7.4/../../../../arm-none-eabi/lib/armv7e-m\libg.a(lib_a-dtoa.o)
 *fill*         0x0800d5b4        0x4 00
 .text._dtoa_r  0x0800d5b8     0x1258 c:/dave-3.1.10/arm-gcc/bin/../lib/gcc/arm-none-eabi/4.7.4/../../../../arm-none-eabi/lib/armv7e-m\libg.a(lib_a-dtoa.o)
                0x0800d5b8                _dtoa_r
 .text          0x0800e810        0x0 c:/dave-3.1.10/arm-gcc/bin/../lib/gcc/arm-none-eabi/4.7.4/../../../../arm-none-eabi/lib/armv7e-m\libg.a(lib_a-fflush.o)
 .text._fflush_r
                0x0800e810      0x168 c:/dave-3.1.10/arm-gcc/bin/../lib/gcc/arm-none-eabi/4.7.4/../../../../arm-none-eabi/lib/armv7e-m\libg.a(lib_a-fflush.o)
                0x0800e810                _fflush_r
 .text.fflush   0x0800e978       0x24 c:/dave-3.1.10/arm-gcc/bin/../lib/gcc/arm-none-eabi/4.7.4/../../../../arm-none-eabi/lib/armv7e-m\libg.a(lib_a-fflush.o)
                0x0800e978                fflush
 .text          0x0800e99c        0x0 c:/dave-3.1.10/arm-gcc/bin/../lib/gcc/arm-none-eabi/4.7.4/../../../../arm-none-eabi/lib/armv7e-m\libg.a(lib_a-findfp.o)
 .text.__fp_lock
                0x0800e99c        0x4 c:/dave-3.1.10/arm-gcc/bin/../lib/gcc/arm-none-eabi/4.7.4/../../../../arm-none-eabi/lib/armv7e-m\libg.a(lib_a-findfp.o)
 .text.__fp_unlock
                0x0800e9a0        0x4 c:/dave-3.1.10/arm-gcc/bin/../lib/gcc/arm-none-eabi/4.7.4/../../../../arm-none-eabi/lib/armv7e-m\libg.a(lib_a-findfp.o)
 .text._cleanup_r
                0x0800e9a4        0xc c:/dave-3.1.10/arm-gcc/bin/../lib/gcc/arm-none-eabi/4.7.4/../../../../arm-none-eabi/lib/armv7e-m\libg.a(lib_a-findfp.o)
                0x0800e9a4                _cleanup_r
 .text.std.isra.0
                0x0800e9b0       0x50 c:/dave-3.1.10/arm-gcc/bin/../lib/gcc/arm-none-eabi/4.7.4/../../../../arm-none-eabi/lib/armv7e-m\libg.a(lib_a-findfp.o)
 .text.__sfmoreglue
                0x0800ea00       0x2c c:/dave-3.1.10/arm-gcc/bin/../lib/gcc/arm-none-eabi/4.7.4/../../../../arm-none-eabi/lib/armv7e-m\libg.a(lib_a-findfp.o)
                0x0800ea00                __sfmoreglue
 .text._cleanup
                0x0800ea2c       0x10 c:/dave-3.1.10/arm-gcc/bin/../lib/gcc/arm-none-eabi/4.7.4/../../../../arm-none-eabi/lib/armv7e-m\libg.a(lib_a-findfp.o)
                0x0800ea2c                _cleanup
 .text.__sinit  0x0800ea3c       0x4c c:/dave-3.1.10/arm-gcc/bin/../lib/gcc/arm-none-eabi/4.7.4/../../../../arm-none-eabi/lib/armv7e-m\libg.a(lib_a-findfp.o)
                0x0800ea3c                __sinit
 .text.__sfp    0x0800ea88       0xa4 c:/dave-3.1.10/arm-gcc/bin/../lib/gcc/arm-none-eabi/4.7.4/../../../../arm-none-eabi/lib/armv7e-m\libg.a(lib_a-findfp.o)
                0x0800ea88                __sfp
 .text.__sfp_lock_acquire
                0x0800eb2c        0x4 c:/dave-3.1.10/arm-gcc/bin/../lib/gcc/arm-none-eabi/4.7.4/../../../../arm-none-eabi/lib/armv7e-m\libg.a(lib_a-findfp.o)
                0x0800eb2c                __sfp_lock_acquire
 .text.__sfp_lock_release
                0x0800eb30        0x4 c:/dave-3.1.10/arm-gcc/bin/../lib/gcc/arm-none-eabi/4.7.4/../../../../arm-none-eabi/lib/armv7e-m\libg.a(lib_a-findfp.o)
                0x0800eb30                __sfp_lock_release
 .text.__sinit_lock_acquire
                0x0800eb34        0x4 c:/dave-3.1.10/arm-gcc/bin/../lib/gcc/arm-none-eabi/4.7.4/../../../../arm-none-eabi/lib/armv7e-m\libg.a(lib_a-findfp.o)
                0x0800eb34                __sinit_lock_acquire
 .text.__sinit_lock_release
                0x0800eb38        0x4 c:/dave-3.1.10/arm-gcc/bin/../lib/gcc/arm-none-eabi/4.7.4/../../../../arm-none-eabi/lib/armv7e-m\libg.a(lib_a-findfp.o)
                0x0800eb38                __sinit_lock_release
 .text.__fp_lock_all
                0x0800eb3c       0x18 c:/dave-3.1.10/arm-gcc/bin/../lib/gcc/arm-none-eabi/4.7.4/../../../../arm-none-eabi/lib/armv7e-m\libg.a(lib_a-findfp.o)
                0x0800eb3c                __fp_lock_all
 .text.__fp_unlock_all
                0x0800eb54       0x18 c:/dave-3.1.10/arm-gcc/bin/../lib/gcc/arm-none-eabi/4.7.4/../../../../arm-none-eabi/lib/armv7e-m\libg.a(lib_a-findfp.o)
                0x0800eb54                __fp_unlock_all
 .text          0x0800eb6c        0x0 c:/dave-3.1.10/arm-gcc/bin/../lib/gcc/arm-none-eabi/4.7.4/../../../../arm-none-eabi/lib/armv7e-m\libg.a(lib_a-freer.o)
 .text._malloc_trim_r
                0x0800eb6c       0x98 c:/dave-3.1.10/arm-gcc/bin/../lib/gcc/arm-none-eabi/4.7.4/../../../../arm-none-eabi/lib/armv7e-m\libg.a(lib_a-freer.o)
                0x0800eb6c                _malloc_trim_r
 .text._free_r  0x0800ec04      0x194 c:/dave-3.1.10/arm-gcc/bin/../lib/gcc/arm-none-eabi/4.7.4/../../../../arm-none-eabi/lib/armv7e-m\libg.a(lib_a-freer.o)
                0x0800ec04                _free_r
 .text          0x0800ed98        0x0 c:/dave-3.1.10/arm-gcc/bin/../lib/gcc/arm-none-eabi/4.7.4/../../../../arm-none-eabi/lib/armv7e-m\libg.a(lib_a-fwalk.o)
 .text._fwalk   0x0800ed98       0xb8 c:/dave-3.1.10/arm-gcc/bin/../lib/gcc/arm-none-eabi/4.7.4/../../../../arm-none-eabi/lib/armv7e-m\libg.a(lib_a-fwalk.o)
                0x0800ed98                _fwalk
 .text._fwalk_reent
                0x0800ee50       0xc0 c:/dave-3.1.10/arm-gcc/bin/../lib/gcc/arm-none-eabi/4.7.4/../../../../arm-none-eabi/lib/armv7e-m\libg.a(lib_a-fwalk.o)
                0x0800ee50                _fwalk_reent
 .text          0x0800ef10        0x0 c:/dave-3.1.10/arm-gcc/bin/../lib/gcc/arm-none-eabi/4.7.4/../../../../arm-none-eabi/lib/armv7e-m\libg.a(lib_a-impure.o)
 .text          0x0800ef10        0x0 c:/dave-3.1.10/arm-gcc/bin/../lib/gcc/arm-none-eabi/4.7.4/../../../../arm-none-eabi/lib/armv7e-m\libg.a(lib_a-locale.o)
 .text._setlocale_r
                0x0800ef10       0x40 c:/dave-3.1.10/arm-gcc/bin/../lib/gcc/arm-none-eabi/4.7.4/../../../../arm-none-eabi/lib/armv7e-m\libg.a(lib_a-locale.o)
                0x0800ef10                _setlocale_r
 .text.__locale_charset
                0x0800ef50        0xc c:/dave-3.1.10/arm-gcc/bin/../lib/gcc/arm-none-eabi/4.7.4/../../../../arm-none-eabi/lib/armv7e-m\libg.a(lib_a-locale.o)
                0x0800ef50                __locale_charset
 .text.__locale_mb_cur_max
                0x0800ef5c        0xc c:/dave-3.1.10/arm-gcc/bin/../lib/gcc/arm-none-eabi/4.7.4/../../../../arm-none-eabi/lib/armv7e-m\libg.a(lib_a-locale.o)
                0x0800ef5c                __locale_mb_cur_max
 .text.__locale_msgcharset
                0x0800ef68        0xc c:/dave-3.1.10/arm-gcc/bin/../lib/gcc/arm-none-eabi/4.7.4/../../../../arm-none-eabi/lib/armv7e-m\libg.a(lib_a-locale.o)
                0x0800ef68                __locale_msgcharset
 .text.__locale_cjk_lang
                0x0800ef74        0x4 c:/dave-3.1.10/arm-gcc/bin/../lib/gcc/arm-none-eabi/4.7.4/../../../../arm-none-eabi/lib/armv7e-m\libg.a(lib_a-locale.o)
                0x0800ef74                __locale_cjk_lang
 .text._localeconv_r
                0x0800ef78        0xc c:/dave-3.1.10/arm-gcc/bin/../lib/gcc/arm-none-eabi/4.7.4/../../../../arm-none-eabi/lib/armv7e-m\libg.a(lib_a-locale.o)
                0x0800ef78                _localeconv_r
 .text.setlocale
                0x0800ef84       0x18 c:/dave-3.1.10/arm-gcc/bin/../lib/gcc/arm-none-eabi/4.7.4/../../../../arm-none-eabi/lib/armv7e-m\libg.a(lib_a-locale.o)
                0x0800ef84                setlocale
 .text.localeconv
                0x0800ef9c        0xc c:/dave-3.1.10/arm-gcc/bin/../lib/gcc/arm-none-eabi/4.7.4/../../../../arm-none-eabi/lib/armv7e-m\libg.a(lib_a-locale.o)
                0x0800ef9c                localeconv
 .text          0x0800efa8        0x0 c:/dave-3.1.10/arm-gcc/bin/../lib/gcc/arm-none-eabi/4.7.4/../../../../arm-none-eabi/lib/armv7e-m\libg.a(lib_a-makebuf.o)
 .text.__smakebuf_r
                0x0800efa8       0xe8 c:/dave-3.1.10/arm-gcc/bin/../lib/gcc/arm-none-eabi/4.7.4/../../../../arm-none-eabi/lib/armv7e-m\libg.a(lib_a-makebuf.o)
                0x0800efa8                __smakebuf_r
 .text          0x0800f090        0x0 c:/dave-3.1.10/arm-gcc/bin/../lib/gcc/arm-none-eabi/4.7.4/../../../../arm-none-eabi/lib/armv7e-m\libg.a(lib_a-memchr.o)
 .text.memchr   0x0800f090      0x140 c:/dave-3.1.10/arm-gcc/bin/../lib/gcc/arm-none-eabi/4.7.4/../../../../arm-none-eabi/lib/armv7e-m\libg.a(lib_a-memchr.o)
                0x0800f090                memchr
 .text          0x0800f1d0        0x0 c:/dave-3.1.10/arm-gcc/bin/../lib/gcc/arm-none-eabi/4.7.4/../../../../arm-none-eabi/lib/armv7e-m\libg.a(lib_a-memcmp.o)
 .text.memcmp   0x0800f1d0       0xb8 c:/dave-3.1.10/arm-gcc/bin/../lib/gcc/arm-none-eabi/4.7.4/../../../../arm-none-eabi/lib/armv7e-m\libg.a(lib_a-memcmp.o)
                0x0800f1d0                memcmp
 .text          0x0800f288        0x0 c:/dave-3.1.10/arm-gcc/bin/../lib/gcc/arm-none-eabi/4.7.4/../../../../arm-none-eabi/lib/armv7e-m\libg.a(lib_a-memset.o)
 .text.memset   0x0800f288      0x12c c:/dave-3.1.10/arm-gcc/bin/../lib/gcc/arm-none-eabi/4.7.4/../../../../arm-none-eabi/lib/armv7e-m\libg.a(lib_a-memset.o)
                0x0800f288                memset
 .text          0x0800f3b4        0x0 c:/dave-3.1.10/arm-gcc/bin/../lib/gcc/arm-none-eabi/4.7.4/../../../../arm-none-eabi/lib/armv7e-m\libg.a(lib_a-mprec.o)
 .text._Balloc  0x0800f3b4       0x4c c:/dave-3.1.10/arm-gcc/bin/../lib/gcc/arm-none-eabi/4.7.4/../../../../arm-none-eabi/lib/armv7e-m\libg.a(lib_a-mprec.o)
                0x0800f3b4                _Balloc
 .text._Bfree   0x0800f400       0x14 c:/dave-3.1.10/arm-gcc/bin/../lib/gcc/arm-none-eabi/4.7.4/../../../../arm-none-eabi/lib/armv7e-m\libg.a(lib_a-mprec.o)
                0x0800f400                _Bfree
 .text.__multadd
                0x0800f414       0xf8 c:/dave-3.1.10/arm-gcc/bin/../lib/gcc/arm-none-eabi/4.7.4/../../../../arm-none-eabi/lib/armv7e-m\libg.a(lib_a-mprec.o)
                0x0800f414                __multadd
 .text.__s2b    0x0800f50c      0x140 c:/dave-3.1.10/arm-gcc/bin/../lib/gcc/arm-none-eabi/4.7.4/../../../../arm-none-eabi/lib/armv7e-m\libg.a(lib_a-mprec.o)
                0x0800f50c                __s2b
 .text.__hi0bits
                0x0800f64c       0x3c c:/dave-3.1.10/arm-gcc/bin/../lib/gcc/arm-none-eabi/4.7.4/../../../../arm-none-eabi/lib/armv7e-m\libg.a(lib_a-mprec.o)
                0x0800f64c                __hi0bits
 .text.__lo0bits
                0x0800f688       0x5c c:/dave-3.1.10/arm-gcc/bin/../lib/gcc/arm-none-eabi/4.7.4/../../../../arm-none-eabi/lib/armv7e-m\libg.a(lib_a-mprec.o)
                0x0800f688                __lo0bits
 .text.__i2b    0x0800f6e4       0x14 c:/dave-3.1.10/arm-gcc/bin/../lib/gcc/arm-none-eabi/4.7.4/../../../../arm-none-eabi/lib/armv7e-m\libg.a(lib_a-mprec.o)
                0x0800f6e4                __i2b
 .text.__multiply
                0x0800f6f8      0x2d0 c:/dave-3.1.10/arm-gcc/bin/../lib/gcc/arm-none-eabi/4.7.4/../../../../arm-none-eabi/lib/armv7e-m\libg.a(lib_a-mprec.o)
                0x0800f6f8                __multiply
 .text.__pow5mult
                0x0800f9c8       0x94 c:/dave-3.1.10/arm-gcc/bin/../lib/gcc/arm-none-eabi/4.7.4/../../../../arm-none-eabi/lib/armv7e-m\libg.a(lib_a-mprec.o)
                0x0800f9c8                __pow5mult
 .text.__lshift
                0x0800fa5c      0x188 c:/dave-3.1.10/arm-gcc/bin/../lib/gcc/arm-none-eabi/4.7.4/../../../../arm-none-eabi/lib/armv7e-m\libg.a(lib_a-mprec.o)
                0x0800fa5c                __lshift
 .text.__mcmp   0x0800fbe4       0x5c c:/dave-3.1.10/arm-gcc/bin/../lib/gcc/arm-none-eabi/4.7.4/../../../../arm-none-eabi/lib/armv7e-m\libg.a(lib_a-mprec.o)
                0x0800fbe4                __mcmp
 .text.__mdiff  0x0800fc40      0x20c c:/dave-3.1.10/arm-gcc/bin/../lib/gcc/arm-none-eabi/4.7.4/../../../../arm-none-eabi/lib/armv7e-m\libg.a(lib_a-mprec.o)
                0x0800fc40                __mdiff
 .text.__ulp    0x0800fe4c       0x44 c:/dave-3.1.10/arm-gcc/bin/../lib/gcc/arm-none-eabi/4.7.4/../../../../arm-none-eabi/lib/armv7e-m\libg.a(lib_a-mprec.o)
                0x0800fe4c                __ulp
 .text.__b2d    0x0800fe90       0xbc c:/dave-3.1.10/arm-gcc/bin/../lib/gcc/arm-none-eabi/4.7.4/../../../../arm-none-eabi/lib/armv7e-m\libg.a(lib_a-mprec.o)
                0x0800fe90                __b2d
 .text.__d2b    0x0800ff4c       0xc0 c:/dave-3.1.10/arm-gcc/bin/../lib/gcc/arm-none-eabi/4.7.4/../../../../arm-none-eabi/lib/armv7e-m\libg.a(lib_a-mprec.o)
                0x0800ff4c                __d2b
 .text.__ratio  0x0801000c       0x54 c:/dave-3.1.10/arm-gcc/bin/../lib/gcc/arm-none-eabi/4.7.4/../../../../arm-none-eabi/lib/armv7e-m\libg.a(lib_a-mprec.o)
                0x0801000c                __ratio
 .text._mprec_log10
                0x08010060       0x68 c:/dave-3.1.10/arm-gcc/bin/../lib/gcc/arm-none-eabi/4.7.4/../../../../arm-none-eabi/lib/armv7e-m\libg.a(lib_a-mprec.o)
                0x08010060                _mprec_log10
 .text.__copybits
                0x080100c8       0xa4 c:/dave-3.1.10/arm-gcc/bin/../lib/gcc/arm-none-eabi/4.7.4/../../../../arm-none-eabi/lib/armv7e-m\libg.a(lib_a-mprec.o)
                0x080100c8                __copybits
 .text.__any_on
                0x0801016c       0x74 c:/dave-3.1.10/arm-gcc/bin/../lib/gcc/arm-none-eabi/4.7.4/../../../../arm-none-eabi/lib/armv7e-m\libg.a(lib_a-mprec.o)
                0x0801016c                __any_on
 .text          0x080101e0        0x0 c:/dave-3.1.10/arm-gcc/bin/../lib/gcc/arm-none-eabi/4.7.4/../../../../arm-none-eabi/lib/armv7e-m\libg.a(lib_a-reent.o)
 .text.cleanup_glue
                0x080101e0       0x1c c:/dave-3.1.10/arm-gcc/bin/../lib/gcc/arm-none-eabi/4.7.4/../../../../arm-none-eabi/lib/armv7e-m\libg.a(lib_a-reent.o)
                0x080101e0                cleanup_glue
 .text._reclaim_reent
                0x080101fc       0x8c c:/dave-3.1.10/arm-gcc/bin/../lib/gcc/arm-none-eabi/4.7.4/../../../../arm-none-eabi/lib/armv7e-m\libg.a(lib_a-reent.o)
                0x080101fc                _reclaim_reent
 .text._wrapup_reent
                0x08010288       0x74 c:/dave-3.1.10/arm-gcc/bin/../lib/gcc/arm-none-eabi/4.7.4/../../../../arm-none-eabi/lib/armv7e-m\libg.a(lib_a-reent.o)
                0x08010288                _wrapup_reent
 .text          0x080102fc        0x0 c:/dave-3.1.10/arm-gcc/bin/../lib/gcc/arm-none-eabi/4.7.4/../../../../arm-none-eabi/lib/armv7e-m\libg.a(lib_a-s_fpclassify.o)
 .text.__fpclassifyd
                0x080102fc       0x68 c:/dave-3.1.10/arm-gcc/bin/../lib/gcc/arm-none-eabi/4.7.4/../../../../arm-none-eabi/lib/armv7e-m\libg.a(lib_a-s_fpclassify.o)
                0x080102fc                __fpclassifyd
 .text          0x08010364        0x0 c:/dave-3.1.10/arm-gcc/bin/../lib/gcc/arm-none-eabi/4.7.4/../../../../arm-none-eabi/lib/armv7e-m\libg.a(lib_a-stdio.o)
 .text.__sread  0x08010364       0x24 c:/dave-3.1.10/arm-gcc/bin/../lib/gcc/arm-none-eabi/4.7.4/../../../../arm-none-eabi/lib/armv7e-m\libg.a(lib_a-stdio.o)
                0x08010364                __sread
 .text.__seofread
                0x08010388        0x4 c:/dave-3.1.10/arm-gcc/bin/../lib/gcc/arm-none-eabi/4.7.4/../../../../arm-none-eabi/lib/armv7e-m\libg.a(lib_a-stdio.o)
                0x08010388                __seofread
 .text.__swrite
                0x0801038c       0x44 c:/dave-3.1.10/arm-gcc/bin/../lib/gcc/arm-none-eabi/4.7.4/../../../../arm-none-eabi/lib/armv7e-m\libg.a(lib_a-stdio.o)
                0x0801038c                __swrite
 .text.__sseek  0x080103d0       0x24 c:/dave-3.1.10/arm-gcc/bin/../lib/gcc/arm-none-eabi/4.7.4/../../../../arm-none-eabi/lib/armv7e-m\libg.a(lib_a-stdio.o)
                0x080103d0                __sseek
 .text.__sclose
                0x080103f4        0x8 c:/dave-3.1.10/arm-gcc/bin/../lib/gcc/arm-none-eabi/4.7.4/../../../../arm-none-eabi/lib/armv7e-m\libg.a(lib_a-stdio.o)
                0x080103f4                __sclose
 .text          0x080103fc        0x0 c:/dave-3.1.10/arm-gcc/bin/../lib/gcc/arm-none-eabi/4.7.4/../../../../arm-none-eabi/lib/armv7e-m\libg.a(lib_a-svfiprintf.o)
 .text.__ssprint_r
                0x080103fc      0x100 c:/dave-3.1.10/arm-gcc/bin/../lib/gcc/arm-none-eabi/4.7.4/../../../../arm-none-eabi/lib/armv7e-m\libg.a(lib_a-svfiprintf.o)
                0x080103fc                __ssprint_r
 .text._svfiprintf_r
                0x080104fc      0xde0 c:/dave-3.1.10/arm-gcc/bin/../lib/gcc/arm-none-eabi/4.7.4/../../../../arm-none-eabi/lib/armv7e-m\libg.a(lib_a-svfiprintf.o)
                0x080104fc                _svfiprintf_r
 .text          0x080112dc        0x0 c:/dave-3.1.10/arm-gcc/bin/../lib/gcc/arm-none-eabi/4.7.4/../../../../arm-none-eabi/lib/armv7e-m\libg.a(lib_a-vfiprintf.o)
 .text.__sprint_r
                0x080112dc       0xc0 c:/dave-3.1.10/arm-gcc/bin/../lib/gcc/arm-none-eabi/4.7.4/../../../../arm-none-eabi/lib/armv7e-m\libg.a(lib_a-vfiprintf.o)
                0x080112dc                __sprint_r
 .text._vfiprintf_r
                0x0801139c      0xf20 c:/dave-3.1.10/arm-gcc/bin/../lib/gcc/arm-none-eabi/4.7.4/../../../../arm-none-eabi/lib/armv7e-m\libg.a(lib_a-vfiprintf.o)
                0x0801139c                _vfiprintf_r
 .text.__sbprintf
                0x080122bc       0x78 c:/dave-3.1.10/arm-gcc/bin/../lib/gcc/arm-none-eabi/4.7.4/../../../../arm-none-eabi/lib/armv7e-m\libg.a(lib_a-vfiprintf.o)
 .text.vfiprintf
                0x08012334       0x1c c:/dave-3.1.10/arm-gcc/bin/../lib/gcc/arm-none-eabi/4.7.4/../../../../arm-none-eabi/lib/armv7e-m\libg.a(lib_a-vfiprintf.o)
                0x08012334                vfiprintf
 .text          0x08012350        0x0 c:/dave-3.1.10/arm-gcc/bin/../lib/gcc/arm-none-eabi/4.7.4/../../../../arm-none-eabi/lib/armv7e-m\libg.a(lib_a-writer.o)
 .text._write_r
                0x08012350       0x28 c:/dave-3.1.10/arm-gcc/bin/../lib/gcc/arm-none-eabi/4.7.4/../../../../arm-none-eabi/lib/armv7e-m\libg.a(lib_a-writer.o)
                0x08012350                _write_r
 .text          0x08012378        0x0 c:/dave-3.1.10/arm-gcc/bin/../lib/gcc/arm-none-eabi/4.7.4/../../../../arm-none-eabi/lib/armv7e-m\libg.a(lib_a-callocr.o)
 .text._calloc_r
                0x08012378       0x60 c:/dave-3.1.10/arm-gcc/bin/../lib/gcc/arm-none-eabi/4.7.4/../../../../arm-none-eabi/lib/armv7e-m\libg.a(lib_a-callocr.o)
                0x08012378                _calloc_r
 .text          0x080123d8        0x0 c:/dave-3.1.10/arm-gcc/bin/../lib/gcc/arm-none-eabi/4.7.4/../../../../arm-none-eabi/lib/armv7e-m\libg.a(lib_a-closer.o)
 .text._close_r
                0x080123d8       0x24 c:/dave-3.1.10/arm-gcc/bin/../lib/gcc/arm-none-eabi/4.7.4/../../../../arm-none-eabi/lib/armv7e-m\libg.a(lib_a-closer.o)
                0x080123d8                _close_r
 .text          0x080123fc        0x0 c:/dave-3.1.10/arm-gcc/bin/../lib/gcc/arm-none-eabi/4.7.4/../../../../arm-none-eabi/lib/armv7e-m\libg.a(lib_a-fclose.o)
 .text._fclose_r
                0x080123fc       0x94 c:/dave-3.1.10/arm-gcc/bin/../lib/gcc/arm-none-eabi/4.7.4/../../../../arm-none-eabi/lib/armv7e-m\libg.a(lib_a-fclose.o)
                0x080123fc                _fclose_r
 .text.fclose   0x08012490       0x10 c:/dave-3.1.10/arm-gcc/bin/../lib/gcc/arm-none-eabi/4.7.4/../../../../arm-none-eabi/lib/armv7e-m\libg.a(lib_a-fclose.o)
                0x08012490                fclose
 .text          0x080124a0        0x0 c:/dave-3.1.10/arm-gcc/bin/../lib/gcc/arm-none-eabi/4.7.4/../../../../arm-none-eabi/lib/armv7e-m\libg.a(lib_a-fputwc.o)
 .text._fputwc_r
                0x080124a0      0x1b0 c:/dave-3.1.10/arm-gcc/bin/../lib/gcc/arm-none-eabi/4.7.4/../../../../arm-none-eabi/lib/armv7e-m\libg.a(lib_a-fputwc.o)
                0x080124a0                _fputwc_r
 .text.fputwc   0x08012650       0x2c c:/dave-3.1.10/arm-gcc/bin/../lib/gcc/arm-none-eabi/4.7.4/../../../../arm-none-eabi/lib/armv7e-m\libg.a(lib_a-fputwc.o)
                0x08012650                fputwc
 .text          0x0801267c        0x0 c:/dave-3.1.10/arm-gcc/bin/../lib/gcc/arm-none-eabi/4.7.4/../../../../arm-none-eabi/lib/armv7e-m\libg.a(lib_a-fstatr.o)
 .text._fstat_r
                0x0801267c       0x28 c:/dave-3.1.10/arm-gcc/bin/../lib/gcc/arm-none-eabi/4.7.4/../../../../arm-none-eabi/lib/armv7e-m\libg.a(lib_a-fstatr.o)
                0x0801267c                _fstat_r
 .text          0x080126a4        0x0 c:/dave-3.1.10/arm-gcc/bin/../lib/gcc/arm-none-eabi/4.7.4/../../../../arm-none-eabi/lib/armv7e-m\libg.a(lib_a-fvwrite.o)
 .text.__sfvwrite_r
                0x080126a4      0x314 c:/dave-3.1.10/arm-gcc/bin/../lib/gcc/arm-none-eabi/4.7.4/../../../../arm-none-eabi/lib/armv7e-m\libg.a(lib_a-fvwrite.o)
                0x080126a4                __sfvwrite_r
 .text          0x080129b8        0x0 c:/dave-3.1.10/arm-gcc/bin/../lib/gcc/arm-none-eabi/4.7.4/../../../../arm-none-eabi/lib/armv7e-m\libg.a(lib_a-isattyr.o)
 .text._isatty_r
                0x080129b8       0x24 c:/dave-3.1.10/arm-gcc/bin/../lib/gcc/arm-none-eabi/4.7.4/../../../../arm-none-eabi/lib/armv7e-m\libg.a(lib_a-isattyr.o)
                0x080129b8                _isatty_r
 .text          0x080129dc        0x0 c:/dave-3.1.10/arm-gcc/bin/../lib/gcc/arm-none-eabi/4.7.4/../../../../arm-none-eabi/lib/armv7e-m\libg.a(lib_a-lseekr.o)
 .text._lseek_r
                0x080129dc       0x28 c:/dave-3.1.10/arm-gcc/bin/../lib/gcc/arm-none-eabi/4.7.4/../../../../arm-none-eabi/lib/armv7e-m\libg.a(lib_a-lseekr.o)
                0x080129dc                _lseek_r
 .text          0x08012a04        0x0 c:/dave-3.1.10/arm-gcc/bin/../lib/gcc/arm-none-eabi/4.7.4/../../../../arm-none-eabi/lib/armv7e-m\libg.a(lib_a-memmove.o)
 .text.memmove  0x08012a04      0x198 c:/dave-3.1.10/arm-gcc/bin/../lib/gcc/arm-none-eabi/4.7.4/../../../../arm-none-eabi/lib/armv7e-m\libg.a(lib_a-memmove.o)
                0x08012a04                memmove
 .text          0x08012b9c        0x0 c:/dave-3.1.10/arm-gcc/bin/../lib/gcc/arm-none-eabi/4.7.4/../../../../arm-none-eabi/lib/armv7e-m\libg.a(lib_a-readr.o)
 .text._read_r  0x08012b9c       0x28 c:/dave-3.1.10/arm-gcc/bin/../lib/gcc/arm-none-eabi/4.7.4/../../../../arm-none-eabi/lib/armv7e-m\libg.a(lib_a-readr.o)
                0x08012b9c                _read_r
 .text          0x08012bc4        0x0 c:/dave-3.1.10/arm-gcc/bin/../lib/gcc/arm-none-eabi/4.7.4/../../../../arm-none-eabi/lib/armv7e-m\libg.a(lib_a-reallocr.o)
 .text._realloc_r
                0x08012bc4      0x3dc c:/dave-3.1.10/arm-gcc/bin/../lib/gcc/arm-none-eabi/4.7.4/../../../../arm-none-eabi/lib/armv7e-m\libg.a(lib_a-reallocr.o)
                0x08012bc4                _realloc_r
 .text          0x08012fa0        0x0 c:/dave-3.1.10/arm-gcc/bin/../lib/gcc/arm-none-eabi/4.7.4/../../../../arm-none-eabi/lib/armv7e-m\libg.a(lib_a-wbuf.o)
 .text.__swbuf_r
                0x08012fa0       0xbc c:/dave-3.1.10/arm-gcc/bin/../lib/gcc/arm-none-eabi/4.7.4/../../../../arm-none-eabi/lib/armv7e-m\libg.a(lib_a-wbuf.o)
                0x08012fa0                __swbuf_r
 .text.__swbuf  0x0801305c       0x18 c:/dave-3.1.10/arm-gcc/bin/../lib/gcc/arm-none-eabi/4.7.4/../../../../arm-none-eabi/lib/armv7e-m\libg.a(lib_a-wbuf.o)
                0x0801305c                __swbuf
 .text          0x08013074        0x0 c:/dave-3.1.10/arm-gcc/bin/../lib/gcc/arm-none-eabi/4.7.4/../../../../arm-none-eabi/lib/armv7e-m\libg.a(lib_a-wcrtomb.o)
 .text._wcrtomb_r
                0x08013074       0x50 c:/dave-3.1.10/arm-gcc/bin/../lib/gcc/arm-none-eabi/4.7.4/../../../../arm-none-eabi/lib/armv7e-m\libg.a(lib_a-wcrtomb.o)
                0x08013074                _wcrtomb_r
 .text.wcrtomb  0x080130c4       0x60 c:/dave-3.1.10/arm-gcc/bin/../lib/gcc/arm-none-eabi/4.7.4/../../../../arm-none-eabi/lib/armv7e-m\libg.a(lib_a-wcrtomb.o)
                0x080130c4                wcrtomb
 .text          0x08013124        0x0 c:/dave-3.1.10/arm-gcc/bin/../lib/gcc/arm-none-eabi/4.7.4/../../../../arm-none-eabi/lib/armv7e-m\libg.a(lib_a-wctomb_r.o)
 .text.__ascii_wctomb
                0x08013124       0x1c c:/dave-3.1.10/arm-gcc/bin/../lib/gcc/arm-none-eabi/4.7.4/../../../../arm-none-eabi/lib/armv7e-m\libg.a(lib_a-wctomb_r.o)
                0x08013124                __ascii_wctomb
 .text._wctomb_r
                0x08013140       0x30 c:/dave-3.1.10/arm-gcc/bin/../lib/gcc/arm-none-eabi/4.7.4/../../../../arm-none-eabi/lib/armv7e-m\libg.a(lib_a-wctomb_r.o)
                0x08013140                _wctomb_r
 .text          0x08013170      0x110 c:/dave-3.1.10/arm-gcc/bin/../lib/gcc/arm-none-eabi/4.7.4/armv7e-m\libgcc.a(_arm_cmpdf2.o)
                0x08013170                __gtdf2
                0x08013170                __gedf2
                0x08013178                __ltdf2
                0x08013178                __ledf2
                0x08013180                __nedf2
                0x08013180                __eqdf2
                0x08013180                __cmpdf2
                0x080131fc                __aeabi_cdrcmple
                0x0801320c                __aeabi_cdcmpeq
                0x0801320c                __aeabi_cdcmple
                0x0801321c                __aeabi_dcmpeq
                0x08013230                __aeabi_dcmplt
                0x08013244                __aeabi_dcmple
                0x08013258                __aeabi_dcmpge
                0x0801326c                __aeabi_dcmpgt
 .text          0x08013280       0x2c c:/dave-3.1.10/arm-gcc/bin/../lib/gcc/arm-none-eabi/4.7.4/armv7e-m\libgcc.a(_aeabi_uldivmod.o)
                0x08013280                __aeabi_uldivmod
 .text          0x080132ac       0x58 c:/dave-3.1.10/arm-gcc/bin/../lib/gcc/arm-none-eabi/4.7.4/armv7e-m\libgcc.a(bpabi.o)
                0x080132ac                __gnu_ldivmod_helper
                0x080132d8                __gnu_uldivmod_helper
 .text          0x08013304        0x4 c:/dave-3.1.10/arm-gcc/bin/../lib/gcc/arm-none-eabi/4.7.4/armv7e-m\libgcc.a(_dvmd_tls.o)
                0x08013304                __aeabi_idiv0
                0x08013304                __aeabi_ldiv0
 .text          0x08013308      0x2bc c:/dave-3.1.10/arm-gcc/bin/../lib/gcc/arm-none-eabi/4.7.4/armv7e-m\libgcc.a(_divdi3.o)
                0x08013308                __divdi3
 .text          0x080135c4      0x288 c:/dave-3.1.10/arm-gcc/bin/../lib/gcc/arm-none-eabi/4.7.4/armv7e-m\libgcc.a(_udivdi3.o)
                0x080135c4                __udivdi3
 *(.glue*)
 .glue_7        0x00000000        0x0 linker stubs
 .glue_7t       0x00000000        0x0 linker stubs
 *(.v4*)
 .v4_bx         0x00000000        0x0 linker stubs
 *(.vfp11_veneer)
 .vfp11_veneer  0x00000000        0x0 linker stubs
 *(.init)
                0x0801384c                __preinit_array_start = .
 *(.preinit_array)
                0x0801384c                __preinit_array_end = .
                0x0801384c                __init_array_start = .
 *(SORT(.init_array.*))
 *(.init_array)
                0x0801384c                __init_array_end = .
 *crtbegin.o(.ctors)
 *(EXCLUDE_FILE(*crtend.o) .ctors)
 *(SORT(.ctors.*))
 *crtend.o(.ctors)
 *(.fini)
                0x0801384c                __fini_array_start = .
 *(.fini_array)
 *(SORT(.fini_array.*))
                0x0801384c                __fini_array_end = .
 *crtbegin.o(.dtors)
 *(EXCLUDE_FILE(*crtend.o) .dtors)
 *(SORT(.dtors.*))
 *crtend.o(.dtors)
                0x0801384c                __extab_start = .
 *(.ARM.extab* .gnu.linkonce.armextab.*)
 .ARM.extab.Xmc4500.reset
                0x0801384c        0x0 Startup/startup_XMC4500.o
 .ARM.extab.Xmc4500.postreset
                0x0801384c        0x0 Startup/startup_XMC4500.o
 .ARM.extab     0x0801384c        0x0 c:/dave-3.1.10/arm-gcc/bin/../lib/gcc/arm-none-eabi/4.7.4/armv7e-m\libgcc.a(_divdi3.o)
 .ARM.extab     0x0801384c        0x0 c:/dave-3.1.10/arm-gcc/bin/../lib/gcc/arm-none-eabi/4.7.4/armv7e-m\libgcc.a(_udivdi3.o)
                0x0801384c                . = ALIGN (0x4)
                0x0801384c                __extab_end = ABSOLUTE (.)

.iplt           0x0801384c        0x0 load address 0x0c01384c
 .iplt          0x00000000        0x0 BluetoothDriver.o

.ARM.exidx      0x0801384c       0x10 load address 0x0c01384c
                0x0801384c                __exidx_start = .
 *(.ARM.exidx* .gnu.linkonce.armexidx.*)
 .ARM.exidx.Xmc4500.reset
                0x0801384c        0x8 Startup/startup_XMC4500.o
 .ARM.exidx.Xmc4500.postreset
                0x08013854        0x8 Startup/startup_XMC4500.o
 .ARM.exidx     0x0801385c        0x0 c:/dave-3.1.10/arm-gcc/bin/../lib/gcc/arm-none-eabi/4.7.4/armv7e-m\libgcc.a(_divdi3.o)
                                  0x8 (size before relaxing)
 .ARM.exidx     0x0801385c        0x0 c:/dave-3.1.10/arm-gcc/bin/../lib/gcc/arm-none-eabi/4.7.4/armv7e-m\libgcc.a(_udivdi3.o)
                                  0x8 (size before relaxing)
                0x0801385c                . = ALIGN (0x4)
                0x0801385c                __exidx_end = ABSOLUTE (.)

.rodata         0x0801385c      0x3e4 load address 0x0c01385c
 *(.rodata .rodata.*)
 .rodata        0x0801385c      0x110 BluetoothDriver.o
 .rodata        0x0801396c       0x44 SendMeasurementsToBt.o
 .rodata        0x080139b0       0x34 Dave/Generated/src/UART001/UART001_Conf.o
                0x080139b0                UART001_Handle0
 .rodata        0x080139e4       0x20 Dave/Generated/src/IO004/IO004_Conf.o
                0x080139e4                IO004_Handle0
                0x080139ec                IO004_Handle1
                0x080139f4                IO004_Handle2
                0x080139fc                IO004_Handle3
 .rodata        0x08013a04       0x30 Dave/Generated/src/I2C001/I2C001_Conf.o
                0x08013a04                I2C001_Handle0
                0x08013a1c                I2C001_Handle1
 .rodata.str1.4
                0x08013a34       0x42 c:/dave-3.1.10/arm-gcc/bin/../lib/gcc/arm-none-eabi/4.7.4/../../../../arm-none-eabi/lib/armv7e-m\libg.a(lib_a-svfprintf.o)
                                 0x44 (size before relaxing)
 *fill*         0x08013a76        0x2 00
 .rodata.zeroes.6721
                0x08013a78       0x10 c:/dave-3.1.10/arm-gcc/bin/../lib/gcc/arm-none-eabi/4.7.4/../../../../arm-none-eabi/lib/armv7e-m\libg.a(lib_a-svfprintf.o)
 .rodata.blanks.6720
                0x08013a88       0x10 c:/dave-3.1.10/arm-gcc/bin/../lib/gcc/arm-none-eabi/4.7.4/../../../../arm-none-eabi/lib/armv7e-m\libg.a(lib_a-svfprintf.o)
 .rodata.blanks.6735
                0x08013a98       0x10 c:/dave-3.1.10/arm-gcc/bin/../lib/gcc/arm-none-eabi/4.7.4/../../../../arm-none-eabi/lib/armv7e-m\libg.a(lib_a-vfprintf.o)
 .rodata.str1.4
                0x00000000       0x44 c:/dave-3.1.10/arm-gcc/bin/../lib/gcc/arm-none-eabi/4.7.4/../../../../arm-none-eabi/lib/armv7e-m\libg.a(lib_a-vfprintf.o)
 .rodata.zeroes.6736
                0x08013aa8       0x10 c:/dave-3.1.10/arm-gcc/bin/../lib/gcc/arm-none-eabi/4.7.4/../../../../arm-none-eabi/lib/armv7e-m\libg.a(lib_a-vfprintf.o)
 .rodata.str1.4
                0x08013ab8       0x10 c:/dave-3.1.10/arm-gcc/bin/../lib/gcc/arm-none-eabi/4.7.4/../../../../arm-none-eabi/lib/armv7e-m\libg.a(lib_a-dtoa.o)
                                 0x14 (size before relaxing)
 .rodata.str1.4
                0x08013ac8        0x2 c:/dave-3.1.10/arm-gcc/bin/../lib/gcc/arm-none-eabi/4.7.4/../../../../arm-none-eabi/lib/armv7e-m\libg.a(lib_a-impure.o)
                                  0x4 (size before relaxing)
 *fill*         0x08013aca        0x2 00
 .rodata._global_impure_ptr
                0x08013acc        0x4 c:/dave-3.1.10/arm-gcc/bin/../lib/gcc/arm-none-eabi/4.7.4/../../../../arm-none-eabi/lib/armv7e-m\libg.a(lib_a-impure.o)
                0x08013acc                _global_impure_ptr
 .rodata.str1.4
                0x08013ad0        0xc c:/dave-3.1.10/arm-gcc/bin/../lib/gcc/arm-none-eabi/4.7.4/../../../../arm-none-eabi/lib/armv7e-m\libg.a(lib_a-locale.o)
                                 0x14 (size before relaxing)
 .rodata.p05.5242
                0x08013adc        0xc c:/dave-3.1.10/arm-gcc/bin/../lib/gcc/arm-none-eabi/4.7.4/../../../../arm-none-eabi/lib/armv7e-m\libg.a(lib_a-mprec.o)
 .rodata.__mprec_tens
                0x08013ae8       0xc8 c:/dave-3.1.10/arm-gcc/bin/../lib/gcc/arm-none-eabi/4.7.4/../../../../arm-none-eabi/lib/armv7e-m\libg.a(lib_a-mprec.o)
                0x08013ae8                __mprec_tens
 .rodata.__mprec_bigtens
                0x08013bb0       0x28 c:/dave-3.1.10/arm-gcc/bin/../lib/gcc/arm-none-eabi/4.7.4/../../../../arm-none-eabi/lib/armv7e-m\libg.a(lib_a-mprec.o)
                0x08013bb0                __mprec_bigtens
 .rodata.__mprec_tinytens
                0x08013bd8       0x28 c:/dave-3.1.10/arm-gcc/bin/../lib/gcc/arm-none-eabi/4.7.4/../../../../arm-none-eabi/lib/armv7e-m\libg.a(lib_a-mprec.o)
                0x08013bd8                __mprec_tinytens
 .rodata.zeroes.6665
                0x08013c00       0x10 c:/dave-3.1.10/arm-gcc/bin/../lib/gcc/arm-none-eabi/4.7.4/../../../../arm-none-eabi/lib/armv7e-m\libg.a(lib_a-svfiprintf.o)
 .rodata.str1.4
                0x00000000       0x30 c:/dave-3.1.10/arm-gcc/bin/../lib/gcc/arm-none-eabi/4.7.4/../../../../arm-none-eabi/lib/armv7e-m\libg.a(lib_a-svfiprintf.o)
 .rodata.blanks.6664
                0x08013c10       0x10 c:/dave-3.1.10/arm-gcc/bin/../lib/gcc/arm-none-eabi/4.7.4/../../../../arm-none-eabi/lib/armv7e-m\libg.a(lib_a-svfiprintf.o)
 .rodata.blanks.6678
                0x08013c20       0x10 c:/dave-3.1.10/arm-gcc/bin/../lib/gcc/arm-none-eabi/4.7.4/../../../../arm-none-eabi/lib/armv7e-m\libg.a(lib_a-vfiprintf.o)
 .rodata.str1.4
                0x00000000       0x30 c:/dave-3.1.10/arm-gcc/bin/../lib/gcc/arm-none-eabi/4.7.4/../../../../arm-none-eabi/lib/armv7e-m\libg.a(lib_a-vfiprintf.o)
 .rodata.zeroes.6679
                0x08013c30       0x10 c:/dave-3.1.10/arm-gcc/bin/../lib/gcc/arm-none-eabi/4.7.4/../../../../arm-none-eabi/lib/armv7e-m\libg.a(lib_a-vfiprintf.o)
 *(.gnu.linkonce.r*)

.rel.dyn        0x08013c40        0x0 load address 0x0c013c40
 .rel.iplt      0x00000000        0x0 BluetoothDriver.o
                0x08013c40                . = ALIGN (0x10)
                0x0c013c40                eROData = (. | 0x4000000)

Stack           0x10000000      0x800
                0x10000800                . = (. + stack_size)
 *fill*         0x10000000      0x800 00
                0x10000800                __Xmc4500_stack = .

.data3          0x10000800        0x0
                0x10000800                __data3_start = .
 *(.data3)
                0x10000800                __data3_end = .
                0x00000000                __data3_size = (__data3_end - __data3_start)

.data           0x20000000      0x8f4 load address 0x0c013c40
                0x20000000                __Xmc4500_sData = .
 *(.data)
 .data          0x20000000       0x10 BluetoothDriver.o
                0x20000000                canSend
                0x20000004                mainInitTimerStatus
                0x20000008                StatusReceiveAns
                0x2000000c                TimerStatusRxMessage
 .data          0x20000010        0x0 CleanArray.o
 .data          0x20000010        0x0 FIFO_functions.o
 .data          0x20000010       0x1c LSM9DS1_Driver.o
                0x20000010                StatusTimerReadMeasurements
                0x20000014                readingAllowed
                0x20000018                statusTimerSendMsg
                0x2000001c                magSensitivity
 .data          0x2000002c        0x0 Main.o
 .data          0x2000002c        0x0 SendMeasurementsToBt.o
 .data          0x2000002c        0x0 Timer.o
 .data          0x2000002c        0x0 timerFunctions.o
 .data          0x2000002c        0x0 Startup/startup_XMC4500.o
 .data          0x2000002c        0x4 Startup/system_XMC4500.o
                0x2000002c                SystemCoreClock
 .data          0x20000030        0x0 Lib/System_LibcStubs.o
 .data          0x20000030        0x0 Dave/Generated/src/UART001/UART001.o
 .data          0x20000030        0x4 Dave/Generated/src/UART001/UART001_Conf.o
                0x20000030                UART001_HandleArray
 .data          0x20000034        0x0 Dave/Generated/src/SYSTM001/SYSTM001.o
 .data          0x20000034        0x0 Dave/Generated/src/RESET001/RESET001.o
 .data          0x20000034        0x0 Dave/Generated/src/LIBS/CCU8PWMLIB.o
 .data          0x20000034        0x0 Dave/Generated/src/LIBS/MOTORLIB.o
 .data          0x20000034        0x0 Dave/Generated/src/IO004/IO004.o
 .data          0x20000034        0x0 Dave/Generated/src/IO004/IO004_Conf.o
 .data          0x20000034        0x0 Dave/Generated/src/I2C001/I2C001.o
 .data          0x20000034        0x0 Dave/Generated/src/I2C001/I2C001_Conf.o
 .data          0x20000034        0x0 Dave/Generated/src/DAVESupport/DAVE3.o
 .data          0x20000034        0x0 Dave/Generated/src/DAVESupport/MULTIPLEXER.o
 .data          0x20000034        0x0 Dave/Generated/src/CLK001/CLK001.o
 .data          0x20000034        0x0 c:/dave-3.1.10/arm-gcc/bin/../lib/gcc/arm-none-eabi/4.7.4/armv7e-m\libgcc.a(_arm_addsubdf3.o)
 .data          0x20000034        0x0 c:/dave-3.1.10/arm-gcc/bin/../lib/gcc/arm-none-eabi/4.7.4/armv7e-m\libgcc.a(_arm_muldivdf3.o)
 .data          0x20000034        0x0 c:/dave-3.1.10/arm-gcc/bin/../lib/gcc/arm-none-eabi/4.7.4/armv7e-m\libgcc.a(_arm_fixdfsi.o)
 .data          0x20000034        0x0 c:/dave-3.1.10/arm-gcc/bin/../lib/gcc/arm-none-eabi/4.7.4/../../../../arm-none-eabi/lib/armv7e-m\libg.a(lib_a-init.o)
 .data          0x20000034        0x0 c:/dave-3.1.10/arm-gcc/bin/../lib/gcc/arm-none-eabi/4.7.4/../../../../arm-none-eabi/lib/armv7e-m\libg.a(lib_a-malloc.o)
 .data          0x20000034        0x0 c:/dave-3.1.10/arm-gcc/bin/../lib/gcc/arm-none-eabi/4.7.4/../../../../arm-none-eabi/lib/armv7e-m\libg.a(lib_a-mallocr.o)
 .data          0x20000034        0x0 c:/dave-3.1.10/arm-gcc/bin/../lib/gcc/arm-none-eabi/4.7.4/../../../../arm-none-eabi/lib/armv7e-m\libg.a(lib_a-memcpy.o)
 .data          0x20000034        0x0 c:/dave-3.1.10/arm-gcc/bin/../lib/gcc/arm-none-eabi/4.7.4/../../../../arm-none-eabi/lib/armv7e-m\libg.a(lib_a-mlock.o)
 .data          0x20000034        0x0 c:/dave-3.1.10/arm-gcc/bin/../lib/gcc/arm-none-eabi/4.7.4/../../../../arm-none-eabi/lib/armv7e-m\libg.a(lib_a-printf.o)
 .data          0x20000034        0x0 c:/dave-3.1.10/arm-gcc/bin/../lib/gcc/arm-none-eabi/4.7.4/../../../../arm-none-eabi/lib/armv7e-m\libg.a(lib_a-sbrkr.o)
 .data          0x20000034        0x0 c:/dave-3.1.10/arm-gcc/bin/../lib/gcc/arm-none-eabi/4.7.4/../../../../arm-none-eabi/lib/armv7e-m\libg.a(lib_a-sprintf.o)
 .data          0x20000034        0x0 c:/dave-3.1.10/arm-gcc/bin/../lib/gcc/arm-none-eabi/4.7.4/../../../../arm-none-eabi/lib/armv7e-m\libg.a(lib_a-strchr.o)
 .data          0x20000034        0x0 c:/dave-3.1.10/arm-gcc/bin/../lib/gcc/arm-none-eabi/4.7.4/../../../../arm-none-eabi/lib/armv7e-m\libg.a(lib_a-strcmp.o)
 .data          0x20000034        0x0 c:/dave-3.1.10/arm-gcc/bin/../lib/gcc/arm-none-eabi/4.7.4/../../../../arm-none-eabi/lib/armv7e-m\libg.a(lib_a-strlen.o)
 .data          0x20000034        0x0 c:/dave-3.1.10/arm-gcc/bin/../lib/gcc/arm-none-eabi/4.7.4/../../../../arm-none-eabi/lib/armv7e-m\libg.a(lib_a-strstr.o)
 .data          0x20000034        0x0 c:/dave-3.1.10/arm-gcc/bin/../lib/gcc/arm-none-eabi/4.7.4/../../../../arm-none-eabi/lib/armv7e-m\libg.a(lib_a-svfprintf.o)
 .data          0x20000034        0x0 c:/dave-3.1.10/arm-gcc/bin/../lib/gcc/arm-none-eabi/4.7.4/../../../../arm-none-eabi/lib/armv7e-m\libg.a(lib_a-vfprintf.o)
 .data          0x20000034        0x0 c:/dave-3.1.10/arm-gcc/bin/../lib/gcc/arm-none-eabi/4.7.4/../../../../arm-none-eabi/lib/armv7e-m\libg.a(lib_a-wsetup.o)
 .data          0x20000034        0x0 c:/dave-3.1.10/arm-gcc/bin/../lib/gcc/arm-none-eabi/4.7.4/../../../../arm-none-eabi/lib/armv7e-m\libg.a(lib_a-dtoa.o)
 .data          0x20000034        0x0 c:/dave-3.1.10/arm-gcc/bin/../lib/gcc/arm-none-eabi/4.7.4/../../../../arm-none-eabi/lib/armv7e-m\libg.a(lib_a-fflush.o)
 .data          0x20000034        0x0 c:/dave-3.1.10/arm-gcc/bin/../lib/gcc/arm-none-eabi/4.7.4/../../../../arm-none-eabi/lib/armv7e-m\libg.a(lib_a-findfp.o)
 .data          0x20000034        0x0 c:/dave-3.1.10/arm-gcc/bin/../lib/gcc/arm-none-eabi/4.7.4/../../../../arm-none-eabi/lib/armv7e-m\libg.a(lib_a-freer.o)
 .data          0x20000034        0x0 c:/dave-3.1.10/arm-gcc/bin/../lib/gcc/arm-none-eabi/4.7.4/../../../../arm-none-eabi/lib/armv7e-m\libg.a(lib_a-fwalk.o)
 .data          0x20000034        0x0 c:/dave-3.1.10/arm-gcc/bin/../lib/gcc/arm-none-eabi/4.7.4/../../../../arm-none-eabi/lib/armv7e-m\libg.a(lib_a-impure.o)
 .data          0x20000034        0x0 c:/dave-3.1.10/arm-gcc/bin/../lib/gcc/arm-none-eabi/4.7.4/../../../../arm-none-eabi/lib/armv7e-m\libg.a(lib_a-locale.o)
 .data          0x20000034        0x0 c:/dave-3.1.10/arm-gcc/bin/../lib/gcc/arm-none-eabi/4.7.4/../../../../arm-none-eabi/lib/armv7e-m\libg.a(lib_a-makebuf.o)
 .data          0x20000034        0x0 c:/dave-3.1.10/arm-gcc/bin/../lib/gcc/arm-none-eabi/4.7.4/../../../../arm-none-eabi/lib/armv7e-m\libg.a(lib_a-memchr.o)
 .data          0x20000034        0x0 c:/dave-3.1.10/arm-gcc/bin/../lib/gcc/arm-none-eabi/4.7.4/../../../../arm-none-eabi/lib/armv7e-m\libg.a(lib_a-memcmp.o)
 .data          0x20000034        0x0 c:/dave-3.1.10/arm-gcc/bin/../lib/gcc/arm-none-eabi/4.7.4/../../../../arm-none-eabi/lib/armv7e-m\libg.a(lib_a-memset.o)
 .data          0x20000034        0x0 c:/dave-3.1.10/arm-gcc/bin/../lib/gcc/arm-none-eabi/4.7.4/../../../../arm-none-eabi/lib/armv7e-m\libg.a(lib_a-mprec.o)
 .data          0x20000034        0x0 c:/dave-3.1.10/arm-gcc/bin/../lib/gcc/arm-none-eabi/4.7.4/../../../../arm-none-eabi/lib/armv7e-m\libg.a(lib_a-reent.o)
 .data          0x20000034        0x0 c:/dave-3.1.10/arm-gcc/bin/../lib/gcc/arm-none-eabi/4.7.4/../../../../arm-none-eabi/lib/armv7e-m\libg.a(lib_a-s_fpclassify.o)
 .data          0x20000034        0x0 c:/dave-3.1.10/arm-gcc/bin/../lib/gcc/arm-none-eabi/4.7.4/../../../../arm-none-eabi/lib/armv7e-m\libg.a(lib_a-stdio.o)
 .data          0x20000034        0x0 c:/dave-3.1.10/arm-gcc/bin/../lib/gcc/arm-none-eabi/4.7.4/../../../../arm-none-eabi/lib/armv7e-m\libg.a(lib_a-svfiprintf.o)
 .data          0x20000034        0x0 c:/dave-3.1.10/arm-gcc/bin/../lib/gcc/arm-none-eabi/4.7.4/../../../../arm-none-eabi/lib/armv7e-m\libg.a(lib_a-vfiprintf.o)
 .data          0x20000034        0x0 c:/dave-3.1.10/arm-gcc/bin/../lib/gcc/arm-none-eabi/4.7.4/../../../../arm-none-eabi/lib/armv7e-m\libg.a(lib_a-writer.o)
 .data          0x20000034        0x0 c:/dave-3.1.10/arm-gcc/bin/../lib/gcc/arm-none-eabi/4.7.4/../../../../arm-none-eabi/lib/armv7e-m\libg.a(lib_a-callocr.o)
 .data          0x20000034        0x0 c:/dave-3.1.10/arm-gcc/bin/../lib/gcc/arm-none-eabi/4.7.4/../../../../arm-none-eabi/lib/armv7e-m\libg.a(lib_a-closer.o)
 .data          0x20000034        0x0 c:/dave-3.1.10/arm-gcc/bin/../lib/gcc/arm-none-eabi/4.7.4/../../../../arm-none-eabi/lib/armv7e-m\libg.a(lib_a-fclose.o)
 .data          0x20000034        0x0 c:/dave-3.1.10/arm-gcc/bin/../lib/gcc/arm-none-eabi/4.7.4/../../../../arm-none-eabi/lib/armv7e-m\libg.a(lib_a-fputwc.o)
 .data          0x20000034        0x0 c:/dave-3.1.10/arm-gcc/bin/../lib/gcc/arm-none-eabi/4.7.4/../../../../arm-none-eabi/lib/armv7e-m\libg.a(lib_a-fstatr.o)
 .data          0x20000034        0x0 c:/dave-3.1.10/arm-gcc/bin/../lib/gcc/arm-none-eabi/4.7.4/../../../../arm-none-eabi/lib/armv7e-m\libg.a(lib_a-fvwrite.o)
 .data          0x20000034        0x0 c:/dave-3.1.10/arm-gcc/bin/../lib/gcc/arm-none-eabi/4.7.4/../../../../arm-none-eabi/lib/armv7e-m\libg.a(lib_a-isattyr.o)
 .data          0x20000034        0x0 c:/dave-3.1.10/arm-gcc/bin/../lib/gcc/arm-none-eabi/4.7.4/../../../../arm-none-eabi/lib/armv7e-m\libg.a(lib_a-lseekr.o)
 .data          0x20000034        0x0 c:/dave-3.1.10/arm-gcc/bin/../lib/gcc/arm-none-eabi/4.7.4/../../../../arm-none-eabi/lib/armv7e-m\libg.a(lib_a-memmove.o)
 .data          0x20000034        0x0 c:/dave-3.1.10/arm-gcc/bin/../lib/gcc/arm-none-eabi/4.7.4/../../../../arm-none-eabi/lib/armv7e-m\libg.a(lib_a-readr.o)
 .data          0x20000034        0x0 c:/dave-3.1.10/arm-gcc/bin/../lib/gcc/arm-none-eabi/4.7.4/../../../../arm-none-eabi/lib/armv7e-m\libg.a(lib_a-reallocr.o)
 .data          0x20000034        0x0 c:/dave-3.1.10/arm-gcc/bin/../lib/gcc/arm-none-eabi/4.7.4/../../../../arm-none-eabi/lib/armv7e-m\libg.a(lib_a-wbuf.o)
 .data          0x20000034        0x0 c:/dave-3.1.10/arm-gcc/bin/../lib/gcc/arm-none-eabi/4.7.4/../../../../arm-none-eabi/lib/armv7e-m\libg.a(lib_a-wcrtomb.o)
 .data          0x20000034        0x0 c:/dave-3.1.10/arm-gcc/bin/../lib/gcc/arm-none-eabi/4.7.4/../../../../arm-none-eabi/lib/armv7e-m\libg.a(lib_a-wctomb_r.o)
 .data          0x20000034        0x0 c:/dave-3.1.10/arm-gcc/bin/../lib/gcc/arm-none-eabi/4.7.4/armv7e-m\libgcc.a(_arm_cmpdf2.o)
 .data          0x20000034        0x0 c:/dave-3.1.10/arm-gcc/bin/../lib/gcc/arm-none-eabi/4.7.4/armv7e-m\libgcc.a(_aeabi_uldivmod.o)
 .data          0x20000034        0x0 c:/dave-3.1.10/arm-gcc/bin/../lib/gcc/arm-none-eabi/4.7.4/armv7e-m\libgcc.a(bpabi.o)
 .data          0x20000034        0x0 c:/dave-3.1.10/arm-gcc/bin/../lib/gcc/arm-none-eabi/4.7.4/armv7e-m\libgcc.a(_dvmd_tls.o)
 .data          0x20000034        0x0 c:/dave-3.1.10/arm-gcc/bin/../lib/gcc/arm-none-eabi/4.7.4/armv7e-m\libgcc.a(_divdi3.o)
 .data          0x20000034        0x0 c:/dave-3.1.10/arm-gcc/bin/../lib/gcc/arm-none-eabi/4.7.4/armv7e-m\libgcc.a(_udivdi3.o)
 *(.data*)
 .data.__malloc_av_
                0x20000034      0x408 c:/dave-3.1.10/arm-gcc/bin/../lib/gcc/arm-none-eabi/4.7.4/../../../../arm-none-eabi/lib/armv7e-m\libg.a(lib_a-mallocr.o)
                0x20000034                __malloc_av_
 .data.__malloc_trim_threshold
                0x2000043c        0x4 c:/dave-3.1.10/arm-gcc/bin/../lib/gcc/arm-none-eabi/4.7.4/../../../../arm-none-eabi/lib/armv7e-m\libg.a(lib_a-mallocr.o)
                0x2000043c                __malloc_trim_threshold
 .data.__malloc_sbrk_base
                0x20000440        0x4 c:/dave-3.1.10/arm-gcc/bin/../lib/gcc/arm-none-eabi/4.7.4/../../../../arm-none-eabi/lib/armv7e-m\libg.a(lib_a-mallocr.o)
                0x20000440                __malloc_sbrk_base
 *fill*         0x20000444        0x4 00
 .data.impure_data
                0x20000448      0x428 c:/dave-3.1.10/arm-gcc/bin/../lib/gcc/arm-none-eabi/4.7.4/../../../../arm-none-eabi/lib/armv7e-m\libg.a(lib_a-impure.o)
 .data._impure_ptr
                0x20000870        0x4 c:/dave-3.1.10/arm-gcc/bin/../lib/gcc/arm-none-eabi/4.7.4/../../../../arm-none-eabi/lib/armv7e-m\libg.a(lib_a-impure.o)
                0x20000870                _impure_ptr
 .data.lc_message_charset
                0x20000874       0x20 c:/dave-3.1.10/arm-gcc/bin/../lib/gcc/arm-none-eabi/4.7.4/../../../../arm-none-eabi/lib/armv7e-m\libg.a(lib_a-locale.o)
 .data.lconv    0x20000894       0x38 c:/dave-3.1.10/arm-gcc/bin/../lib/gcc/arm-none-eabi/4.7.4/../../../../arm-none-eabi/lib/armv7e-m\libg.a(lib_a-locale.o)
 .data.lc_ctype_charset
                0x200008cc       0x20 c:/dave-3.1.10/arm-gcc/bin/../lib/gcc/arm-none-eabi/4.7.4/../../../../arm-none-eabi/lib/armv7e-m\libg.a(lib_a-locale.o)
 .data.__mb_cur_max
                0x200008ec        0x4 c:/dave-3.1.10/arm-gcc/bin/../lib/gcc/arm-none-eabi/4.7.4/../../../../arm-none-eabi/lib/armv7e-m\libg.a(lib_a-locale.o)
                0x200008ec                __mb_cur_max
 .data.__wctomb
                0x200008f0        0x4 c:/dave-3.1.10/arm-gcc/bin/../lib/gcc/arm-none-eabi/4.7.4/../../../../arm-none-eabi/lib/armv7e-m\libg.a(lib_a-wctomb_r.o)
                0x200008f0                __wctomb
 *(*.data)
 *(.gnu.linkonce.d*)
                0x200008f4                __Xmc4500_eData = ALIGN (0x4)
                0x000008f4                __Xmc4500_Data_Size = (__Xmc4500_eData - __Xmc4500_sData)

.igot.plt       0x200008f4        0x0 load address 0x0c014534
 .igot.plt      0x00000000        0x0 BluetoothDriver.o

.ram_code       0x10000800        0x0 load address 0x0c014534
                0x10000800                __ram_code_start = .
 *(.ram_code)
                0x10000800                __ram_code_end = .
                0x0c014534                __ram_code_load = LOADADDR (.ram_code)
                0x00000000                __ram_code_size = (__ram_code_end - __ram_code_start)

.bss            0x200008f4     0x14a8 load address 0x0c014534