Archive member included because of file (symbol)

c:/dave-3.1.10/arm-gcc/bin/../lib/gcc/arm-none-eabi/4.7.4/armv7e-m\libgcc.a(_arm_addsubdf3.o)
                              HTU21D.o (__aeabi_dsub)
c:/dave-3.1.10/arm-gcc/bin/../lib/gcc/arm-none-eabi/4.7.4/armv7e-m\libgcc.a(_arm_muldivdf3.o)
                              HTU21D.o (__aeabi_dmul)
c:/dave-3.1.10/arm-gcc/bin/../lib/gcc/arm-none-eabi/4.7.4/armv7e-m\libgcc.a(_arm_fixdfsi.o)
                              LSM9DS1_Driver.o (__aeabi_d2iz)
c:/dave-3.1.10/arm-gcc/bin/../lib/gcc/arm-none-eabi/4.7.4/armv7e-m\libgcc.a(_arm_truncdfsf2.o)
                              HTU21D.o (__aeabi_d2f)
c:/dave-3.1.10/arm-gcc/bin/../lib/gcc/arm-none-eabi/4.7.4/../../../../arm-none-eabi/lib/armv7e-m\libg.a(lib_a-init.o)
                              Startup/startup_XMC4500.o (__libc_init_array)
c:/dave-3.1.10/arm-gcc/bin/../lib/gcc/arm-none-eabi/4.7.4/../../../../arm-none-eabi/lib/armv7e-m\libg.a(lib_a-malloc.o)
                              BluetoothDriver.o (malloc)
c:/dave-3.1.10/arm-gcc/bin/../lib/gcc/arm-none-eabi/4.7.4/../../../../arm-none-eabi/lib/armv7e-m\libg.a(lib_a-mallocr.o)
                              c:/dave-3.1.10/arm-gcc/bin/../lib/gcc/arm-none-eabi/4.7.4/../../../../arm-none-eabi/lib/armv7e-m\libg.a(lib_a-malloc.o) (_malloc_r)
c:/dave-3.1.10/arm-gcc/bin/../lib/gcc/arm-none-eabi/4.7.4/../../../../arm-none-eabi/lib/armv7e-m\libg.a(lib_a-memcpy.o)
                              BluetoothDriver.o (memcpy)
c:/dave-3.1.10/arm-gcc/bin/../lib/gcc/arm-none-eabi/4.7.4/../../../../arm-none-eabi/lib/armv7e-m\libg.a(lib_a-mlock.o)
                              c:/dave-3.1.10/arm-gcc/bin/../lib/gcc/arm-none-eabi/4.7.4/../../../../arm-none-eabi/lib/armv7e-m\libg.a(lib_a-mallocr.o) (__malloc_lock)
c:/dave-3.1.10/arm-gcc/bin/../lib/gcc/arm-none-eabi/4.7.4/../../../../arm-none-eabi/lib/armv7e-m\libg.a(lib_a-printf.o)
                              SendMeasurementsToBt.o (printf)
c:/dave-3.1.10/arm-gcc/bin/../lib/gcc/arm-none-eabi/4.7.4/../../../../arm-none-eabi/lib/armv7e-m\libg.a(lib_a-sbrkr.o)
                              c:/dave-3.1.10/arm-gcc/bin/../lib/gcc/arm-none-eabi/4.7.4/../../../../arm-none-eabi/lib/armv7e-m\libg.a(lib_a-mallocr.o) (_sbrk_r)
c:/dave-3.1.10/arm-gcc/bin/../lib/gcc/arm-none-eabi/4.7.4/../../../../arm-none-eabi/lib/armv7e-m\libg.a(lib_a-sprintf.o)
                              SendMeasurementsToBt.o (sprintf)
c:/dave-3.1.10/arm-gcc/bin/../lib/gcc/arm-none-eabi/4.7.4/../../../../arm-none-eabi/lib/armv7e-m\libg.a(lib_a-strchr.o)
                              BluetoothDriver.o (strchr)
c:/dave-3.1.10/arm-gcc/bin/../lib/gcc/arm-none-eabi/4.7.4/../../../../arm-none-eabi/lib/armv7e-m\libg.a(lib_a-strcmp.o)
                              BluetoothDriver.o (strcmp)
c:/dave-3.1.10/arm-gcc/bin/../lib/gcc/arm-none-eabi/4.7.4/../../../../arm-none-eabi/lib/armv7e-m\libg.a(lib_a-strlen.o)
                              BluetoothDriver.o (strlen)
c:/dave-3.1.10/arm-gcc/bin/../lib/gcc/arm-none-eabi/4.7.4/../../../../arm-none-eabi/lib/armv7e-m\libg.a(lib_a-strstr.o)
                              BluetoothDriver.o (strstr)
c:/dave-3.1.10/arm-gcc/bin/../lib/gcc/arm-none-eabi/4.7.4/../../../../arm-none-eabi/lib/armv7e-m\libg.a(lib_a-svfprintf.o)
                              c:/dave-3.1.10/arm-gcc/bin/../lib/gcc/arm-none-eabi/4.7.4/../../../../arm-none-eabi/lib/armv7e-m\libg.a(lib_a-sprintf.o) (_svfprintf_r)
c:/dave-3.1.10/arm-gcc/bin/../lib/gcc/arm-none-eabi/4.7.4/../../../../arm-none-eabi/lib/armv7e-m\libg.a(lib_a-vfprintf.o)
                              c:/dave-3.1.10/arm-gcc/bin/../lib/gcc/arm-none-eabi/4.7.4/../../../../arm-none-eabi/lib/armv7e-m\libg.a(lib_a-printf.o) (_vfprintf_r)
c:/dave-3.1.10/arm-gcc/bin/../lib/gcc/arm-none-eabi/4.7.4/../../../../arm-none-eabi/lib/armv7e-m\libg.a(lib_a-wsetup.o)
                              c:/dave-3.1.10/arm-gcc/bin/../lib/gcc/arm-none-eabi/4.7.4/../../../../arm-none-eabi/lib/armv7e-m\libg.a(lib_a-vfprintf.o) (__swsetup_r)
c:/dave-3.1.10/arm-gcc/bin/../lib/gcc/arm-none-eabi/4.7.4/../../../../arm-none-eabi/lib/armv7e-m\libg.a(lib_a-dtoa.o)
                              c:/dave-3.1.10/arm-gcc/bin/../lib/gcc/arm-none-eabi/4.7.4/../../../../arm-none-eabi/lib/armv7e-m\libg.a(lib_a-svfprintf.o) (_dtoa_r)
c:/dave-3.1.10/arm-gcc/bin/../lib/gcc/arm-none-eabi/4.7.4/../../../../arm-none-eabi/lib/armv7e-m\libg.a(lib_a-fflush.o)
                              c:/dave-3.1.10/arm-gcc/bin/../lib/gcc/arm-none-eabi/4.7.4/../../../../arm-none-eabi/lib/armv7e-m\libg.a(lib_a-vfprintf.o) (_fflush_r)
c:/dave-3.1.10/arm-gcc/bin/../lib/gcc/arm-none-eabi/4.7.4/../../../../arm-none-eabi/lib/armv7e-m\libg.a(lib_a-findfp.o)
                              c:/dave-3.1.10/arm-gcc/bin/../lib/gcc/arm-none-eabi/4.7.4/../../../../arm-none-eabi/lib/armv7e-m\libg.a(lib_a-vfprintf.o) (__sinit)
c:/dave-3.1.10/arm-gcc/bin/../lib/gcc/arm-none-eabi/4.7.4/../../../../arm-none-eabi/lib/armv7e-m\libg.a(lib_a-freer.o)
[...]
Memory Configuration

Name             Origin             Length             Attributes
FLASH_1_cached   0x08000000         0x00100000         xr
FLASH_1_uncached 0x0c000000         0x00100000         xr
PSRAM_1          0x10000000         0x00010000         !xr
DSRAM_1_system   0x20000000         0x00010000         !xr
DSRAM_2_comm     0x30000000         0x00008000         !xr
*default*        0x00000000         0xffffffff

Linker script and memory map

LOAD BluetoothDriver.o
LOAD CleanArray.o
LOAD FIFO_functions.o
LOAD HTU21D.o
LOAD LSM9DS1_Driver.o
LOAD Main.o
LOAD SendMeasurementsToBt.o
LOAD Timer.o
LOAD timerFunctions.o
LOAD Startup/startup_XMC4500.o
LOAD Startup/system_XMC4500.o
LOAD Lib/System_LibcStubs.o
LOAD Dave/Generated/src/UART001/UART001.o
LOAD Dave/Generated/src/UART001/UART001_Conf.o
LOAD Dave/Generated/src/SYSTM001/SYSTM001.o
LOAD Dave/Generated/src/RESET001/RESET001.o
LOAD Dave/Generated/src/LIBS/CCU8PWMLIB.o
LOAD Dave/Generated/src/LIBS/MOTORLIB.o
LOAD Dave/Generated/src/IO004/IO004.o
LOAD Dave/Generated/src/IO004/IO004_Conf.o
LOAD Dave/Generated/src/I2C001/I2C001.o
LOAD Dave/Generated/src/I2C001/I2C001_Conf.o
LOAD Dave/Generated/src/DAVESupport/DAVE3.o
LOAD Dave/Generated/src/DAVESupport/MULTIPLEXER.o
LOAD Dave/Generated/src/CLK001/CLK001.o
LOAD c:/dave-3.1.10/arm-gcc/bin/../lib/gcc/arm-none-eabi/4.7.4/../../../../arm-none-eabi/lib/armv7e-m\libm.a
START GROUP
LOAD c:/dave-3.1.10/arm-gcc/bin/../lib/gcc/arm-none-eabi/4.7.4/armv7e-m\libgcc.a
LOAD c:/dave-3.1.10/arm-gcc/bin/../lib/gcc/arm-none-eabi/4.7.4/../../../../arm-none-eabi/lib/armv7e-m\libg.a
LOAD c:/dave-3.1.10/arm-gcc/bin/../lib/gcc/arm-none-eabi/4.7.4/../../../../arm-none-eabi/lib/armv7e-m\libc.a
END GROUP
                0x00000800                stack_size = 0x800

.text           0x08000000    0x14a54 load address 0x0c000000
                0x08000000                sText = .
 *(.Xmc4500.reset)
 .Xmc4500.reset
                0x08000000      0x21c Startup/startup_XMC4500.o
                0x08000000                __Xmc4500_interrupt_vector_cortex_m
                0x08000200                __Xmc4500_reset_cortex_m
 *(.Xmc4500.postreset)
 .Xmc4500.postreset
                0x0800021c       0xa8 Startup/startup_XMC4500.o
 *(.XmcStartup)
 .XmcStartup    0x080002c4        0x4 Startup/startup_XMC4500.o
 *(.text .text.* .gnu.linkonce.t.*)
 .text          0x080002c8        0x0 BluetoothDriver.o
 .text.resetConnectionIndicator
                0x080002c8       0x28 BluetoothDriver.o
                0x080002c8                resetConnectionIndicator
 .text.chooseDevice
                0x080002f0      0x3e8 BluetoothDriver.o
                0x080002f0                chooseDevice
 .text.resetConnection
                0x080006d8       0x14 BluetoothDriver.o
                0x080006d8                resetConnection
 .text.checkErrorOccurence
                0x080006ec       0x80 BluetoothDriver.o
                0x080006ec                checkErrorOccurence
 .text.manageConnection
                0x0800076c       0x88 BluetoothDriver.o
                0x0800076c                manageConnection
 .text.copyCheckAnswers
                0x080007f4       0xdc BluetoothDriver.o
                0x080007f4                copyCheckAnswers
 .text.copyCommands
                0x080008d0       0xec BluetoothDriver.o
                0x080008d0                copyCommands
 .text.getStatusMainTimer
                0x080009bc       0x18 BluetoothDriver.o
                0x080009bc                getStatusMainTimer
 .text.setStatusMainTimer
                0x080009d4       0x20 BluetoothDriver.o
                0x080009d4                setStatusMainTimer
 .text.removeMainTimer
                0x080009f4       0x34 BluetoothDriver.o
                0x080009f4                removeMainTimer
 .text.removeReceiveTimer
                0x08000a28       0x34 BluetoothDriver.o
                0x08000a28                removeReceiveTimer
 .text.createMainTimer
                0x08000a5c       0x4c BluetoothDriver.o
                0x08000a5c                createMainTimer
 .text.createReceiveTimer
                0x08000aa8       0x3c BluetoothDriver.o
                0x08000aa8                createReceiveTimer
 .text.timerHandlerInitBluetooth
                0x08000ae4      0x13c BluetoothDriver.o
                0x08000ae4                timerHandlerInitBluetooth
 .text.timerHandlerInitBluetoothReceive
                0x08000c20       0xd8 BluetoothDriver.o
                0x08000c20                timerHandlerInitBluetoothReceive
 .text.RxTimerHandler
                0x08000cf8       0x34 BluetoothDriver.o
                0x08000cf8                RxTimerHandler
 .text.initBluetooth
                0x08000d2c       0x18 BluetoothDriver.o
                0x08000d2c                initBluetooth
 .text.send     0x08000d44       0xd0 BluetoothDriver.o
                0x08000d44                send
 .text.read     0x08000e14       0xec BluetoothDriver.o
                0x08000e14                read
 .text.askAboutSending
                0x08000f00       0x28 BluetoothDriver.o
                0x08000f00                askAboutSending
 .text.stopAskingAboutSending
                0x08000f28       0x28 BluetoothDriver.o
                0x08000f28                stopAskingAboutSending
 .text.statusRtsFlowControl
                0x08000f50       0x2c BluetoothDriver.o
                0x08000f50                statusRtsFlowControl
 .text.checkStatusCts
                0x08000f7c       0x2c BluetoothDriver.o
                0x08000f7c                checkStatusCts
 .text.checkFunction
                0x08000fa8       0x2c BluetoothDriver.o
                0x08000fa8                checkFunction
 .text.connectStatus
                0x08000fd4       0x2c BluetoothDriver.o
                0x08000fd4                connectStatus
 .text.initFlowControl
                0x08001000        0xc BluetoothDriver.o
                0x08001000                initFlowControl
 .text.delayBt  0x0800100c       0x2c BluetoothDriver.o
                0x0800100c                delayBt
 .text          0x08001038        0x0 CleanArray.o
 .text.cleanArray
                0x08001038       0x38 CleanArray.o
                0x08001038                cleanArray
 .text          0x08001070        0x0 FIFO_functions.o
 .text.flushFIFO
                0x08001070       0x28 FIFO_functions.o
                0x08001070                flushFIFO
 .text.clearErrorFlags
                0x08001098       0x70 FIFO_functions.o
                0x08001098                clearErrorFlags
 .text          0x08001108        0x0 HTU21D.o
 .text.readHumidity
                0x08001108      0x220 HTU21D.o
                0x08001108                readHumidity
 .text.readHumidTimerHandler
                0x08001328      0x220 HTU21D.o
                0x08001328                readHumidTimerHandler
 .text.readTemperature
                0x08001548      0x220 HTU21D.o
                0x08001548                readTemperature
 .text.readTmpTimerHandler
                0x08001768      0x250 HTU21D.o
                0x08001768                readTmpTimerHandler
 .text.delay11  0x080019b8       0x2c HTU21D.o
                0x080019b8                delay11
 .text.check_crc
                0x080019e4       0x74 HTU21D.o
                0x080019e4                check_crc
 .text          0x08001a58        0x0 LSM9DS1_Driver.o
 .text.getAccelXf
                0x08001a58       0x18 LSM9DS1_Driver.o
                0x08001a58                getAccelXf
 .text.getAccelX
                0x08001a70       0x18 LSM9DS1_Driver.o
                0x08001a70                getAccelX
 .text.getAccelYf
                0x08001a88       0x18 LSM9DS1_Driver.o
                0x08001a88                getAccelYf
 .text.getAccelY
                0x08001aa0       0x18 LSM9DS1_Driver.o
                0x08001aa0                getAccelY
 .text.getAccelZf
                0x08001ab8       0x18 LSM9DS1_Driver.o
                0x08001ab8                getAccelZf
 .text.getAccelZ
                0x08001ad0       0x18 LSM9DS1_Driver.o
                0x08001ad0                getAccelZ
 .text.getGyroXf
                0x08001ae8       0x18 LSM9DS1_Driver.o
                0x08001ae8                getGyroXf
 .text.getGyroX
                0x08001b00       0x18 LSM9DS1_Driver.o
                0x08001b00                getGyroX
 .text.getGyroYf
                0x08001b18       0x18 LSM9DS1_Driver.o
                0x08001b18                getGyroYf
 .text.getGyroY
                0x08001b30       0x18 LSM9DS1_Driver.o
                0x08001b30                getGyroY
 .text.getGyroZf
                0x08001b48       0x18 LSM9DS1_Driver.o
                0x08001b48                getGyroZf
 .text.getGyroZ
                0x08001b60       0x18 LSM9DS1_Driver.o
                0x08001b60                getGyroZ
 .text.getMagnetXf
                0x08001b78       0x18 LSM9DS1_Driver.o
                0x08001b78                getMagnetXf
 .text.getMagnetX
                0x08001b90       0x18 LSM9DS1_Driver.o
                0x08001b90                getMagnetX
 .text.getMagnetYf
                0x08001ba8       0x18 LSM9DS1_Driver.o
                0x08001ba8                getMagnetYf
 .text.getMagnetY
                0x08001bc0       0x18 LSM9DS1_Driver.o
                0x08001bc0                getMagnetY
 .text.getMagnetZf
                0x08001bd8       0x18 LSM9DS1_Driver.o
                0x08001bd8                getMagnetZf
 .text.getMagnetZ
                0x08001bf0       0x18 LSM9DS1_Driver.o
                0x08001bf0                getMagnetZ
 .text.startMeasurements
                0x08001c08       0x40 LSM9DS1_Driver.o
                0x08001c08                startMeasurements
 .text.readAndSendMeasurements
                0x08001c48      0x6a0 LSM9DS1_Driver.o
                0x08001c48                readAndSendMeasurements
 .text.initAdrAndSubAdr
                0x080022e8       0x50 LSM9DS1_Driver.o
                0x080022e8                initAdrAndSubAdr
 .text.initLSM9DS1
                0x08002338       0x5c LSM9DS1_Driver.o
                0x08002338                initLSM9DS1
 .text.init     0x08002394      0x2bc LSM9DS1_Driver.o
                0x08002394                init
 .text.begin    0x08002650       0xb8 LSM9DS1_Driver.o
                0x08002650                begin
 .text.constrainScales
                0x08002708       0xdc LSM9DS1_Driver.o
                0x08002708                constrainScales
 .text.initI2C  0x080027e4        0xc LSM9DS1_Driver.o
                0x080027e4                initI2C
 .text.initSPI  0x080027f0        0xc LSM9DS1_Driver.o
                0x080027f0                initSPI
 .text.calcgRes
                0x080027fc       0x34 LSM9DS1_Driver.o
                0x080027fc                calcgRes
 .text.calcaRes
                0x08002830       0x34 LSM9DS1_Driver.o
                0x08002830                calcaRes
 .text.calcmRes
                0x08002864       0xb4 LSM9DS1_Driver.o
                0x08002864                calcmRes
 .text.delay    0x08002918       0x34 LSM9DS1_Driver.o
                0x08002918                delay
 .text.I2CreadByte
                0x0800294c      0x158 LSM9DS1_Driver.o
                0x0800294c                I2CreadByte
 .text.mReadByte
                0x08002aa4       0x3c LSM9DS1_Driver.o
                0x08002aa4                mReadByte
 .text.xgReadByte
                0x08002ae0       0x3c LSM9DS1_Driver.o
                0x08002ae0                xgReadByte
 .text.initGyro
                0x08002b1c      0x1a4 LSM9DS1_Driver.o
                0x08002b1c                initGyro
 .text.xgWriteByte
                0x08002cc0       0x3c LSM9DS1_Driver.o
                0x08002cc0                xgWriteByte
 .text.I2CwriteByte
                0x08002cfc       0xd4 LSM9DS1_Driver.o
                0x08002cfc                I2CwriteByte
 .text.initAccel
                0x08002dd0      0x144 LSM9DS1_Driver.o
                0x08002dd0                initAccel
 .text.initMag  0x08002f14      0x140 LSM9DS1_Driver.o
                0x08002f14                initMag
 .text.mWriteByte
                0x08003054       0x40 LSM9DS1_Driver.o
                0x08003054                mWriteByte
 .text.enableFIFO
                0x08003094       0x44 LSM9DS1_Driver.o
                0x08003094                enableFIFO
 .text.setFIFO  0x080030d8       0x40 LSM9DS1_Driver.o
                0x080030d8                setFIFO
 .text.calibrate
                0x08003118      0x240 LSM9DS1_Driver.o
                0x08003118                calibrate
 .text.xgReadBytes
                0x08003358       0x68 LSM9DS1_Driver.o
                0x08003358                xgReadBytes
 .text.SPIreadBytes
                0x080033c0       0x1c LSM9DS1_Driver.o
                0x080033c0                SPIreadBytes
 .text.readGyro1
                0x080033dc      0x144 LSM9DS1_Driver.o
                0x080033dc                readGyro1
 .text.readAccel1
                0x08003520      0x134 LSM9DS1_Driver.o
                0x08003520                readAccel1
 .text.readAccelToSensor
                0x08003654      0x1dc LSM9DS1_Driver.o
                0x08003654                readAccelToSensor
 .text.I2CreadBytes
                0x08003830      0x1b4 LSM9DS1_Driver.o
                0x08003830                I2CreadBytes
 .text.magAvailable
                0x080039e4       0x38 LSM9DS1_Driver.o
                0x080039e4                magAvailable
 .text.readMag1
                0x08003a1c       0xa0 LSM9DS1_Driver.o
                0x08003a1c                readMag1
 .text.calibrateMag
                0x08003abc      0x1e4 LSM9DS1_Driver.o
                0x08003abc                calibrateMag
 .text.calcMag  0x08003ca0       0x38 LSM9DS1_Driver.o
                0x08003ca0                calcMag
 .text.magOffset
                0x08003cd8       0x64 LSM9DS1_Driver.o
                0x08003cd8                magOffset
 .text.accelAvailable
                0x08003d3c       0x24 LSM9DS1_Driver.o
                0x08003d3c                accelAvailable
 .text.gyroAvailable
                0x08003d60       0x28 LSM9DS1_Driver.o
                0x08003d60                gyroAvailable
 .text.tempAvailable
                0x08003d88       0x28 LSM9DS1_Driver.o
                0x08003d88                tempAvailable
 .text.readAccel
                0x08003db0       0xa4 LSM9DS1_Driver.o
                0x08003db0                readAccel
 .text.readMag  0x08003e54       0x80 LSM9DS1_Driver.o
                0x08003e54                readMag
 .text.readTemp
                0x08003ed4       0x84 LSM9DS1_Driver.o
                0x08003ed4                readTemp
 .text.readGyro
                0x08003f58       0xa4 LSM9DS1_Driver.o
                0x08003f58                readGyro
 .text.calcGyro
                0x08003ffc       0x38 LSM9DS1_Driver.o
                0x08003ffc                calcGyro
 .text.calcAccel
                0x08004034       0x38 LSM9DS1_Driver.o
                0x08004034                calcAccel
 .text.setGyroScale
                0x0800406c       0x88 LSM9DS1_Driver.o
                0x0800406c                setGyroScale
 .text.setAccelScale
                0x080040f4       0x9c LSM9DS1_Driver.o
                0x080040f4                setAccelScale
 .text.setMagScale
                0x08004190       0xa4 LSM9DS1_Driver.o
                0x08004190                setMagScale
 .text.setGyroODR
                0x08004234       0x60 LSM9DS1_Driver.o
                0x08004234                setGyroODR
 .text.setAccelODR
                0x08004294       0x60 LSM9DS1_Driver.o
                0x08004294                setAccelODR
 .text.setMagODR
                0x080042f4       0x5c LSM9DS1_Driver.o
                0x080042f4                setMagODR
 .text.configInt
                0x08004350       0x6c LSM9DS1_Driver.o
                0x08004350                configInt
 .text.configInactivity
                0x080043bc       0x50 LSM9DS1_Driver.o
                0x080043bc                configInactivity
 .text.getInactivity
                0x0800440c       0x28 LSM9DS1_Driver.o
                0x0800440c                getInactivity
 .text.configAccelInt
                0x08004434       0x34 LSM9DS1_Driver.o
                0x08004434                configAccelInt
 .text.configAccelThs
                0x08004468       0x4c LSM9DS1_Driver.o
                0x08004468                configAccelThs
 .text.getAccelIntSrc
                0x080044b4       0x34 LSM9DS1_Driver.o
                0x080044b4                getAccelIntSrc
 .text.configGyroInt
                0x080044e8       0x48 LSM9DS1_Driver.o
                0x080044e8                configGyroInt
 .text.configGyroThs
                0x08004530       0x7c LSM9DS1_Driver.o
                0x08004530                configGyroThs
 .text.getGyroIntSrc
                0x080045ac       0x34 LSM9DS1_Driver.o
                0x080045ac                getGyroIntSrc
 .text.configMagInt
                0x080045e0       0x58 LSM9DS1_Driver.o
                0x080045e0                configMagInt
 .text.configMagThs
                0x08004638       0x38 LSM9DS1_Driver.o
                0x08004638                configMagThs
 .text.getMagIntSrc
                0x08004670       0x34 LSM9DS1_Driver.o
                0x08004670                getMagIntSrc
 .text.sleepGyro
                0x080046a4       0x44 LSM9DS1_Driver.o
                0x080046a4                sleepGyro
 .text.getFIFOSamples
                0x080046e8       0x18 LSM9DS1_Driver.o
                0x080046e8                getFIFOSamples
 .text.timerHandlerSendMsg
                0x08004700       0xd0 LSM9DS1_Driver.o
                0x08004700                timerHandlerSendMsg
 .text.timerHandlerReceiveOneMeasurementEachSensor
                0x080047d0      0x218 LSM9DS1_Driver.o
                0x080047d0                timerHandlerReceiveOneMeasurementEachSensor
 .text.receiveByte
                0x080049e8      0x1b4 LSM9DS1_Driver.o
                0x080049e8                receiveByte
 .text          0x08004b9c        0x0 Main.o
 .text.check    0x08004b9c       0xf4 Main.o
                0x08004b9c                check
 .text.main     0x08004c90       0x34 Main.o
                0x08004c90                main
 .text          0x08004cc4        0x0 SendMeasurementsToBt.o
 .text.sendMeasurementsToBt
                0x08004cc4      0xbd8 SendMeasurementsToBt.o
                0x08004cc4                sendMeasurementsToBt
 .text.sendMsgLSM9DS1
                0x0800589c       0xe0 SendMeasurementsToBt.o
                0x0800589c                sendMsgLSM9DS1
 .text.sendMsgHTU21D
                0x0800597c       0x2c SendMeasurementsToBt.o
                0x0800597c                sendMsgHTU21D
 .text.sendAllSensors
                0x080059a8       0x3c SendMeasurementsToBt.o
                0x080059a8                sendAllSensors
 .text          0x080059e4        0x0 Timer.o
 .text.makeTimer
                0x080059e4       0x44 Timer.o
                0x080059e4                makeTimer
 .text.removeTimer
                0x08005a28       0x44 Timer.o
                0x08005a28                removeTimer
 .text          0x08005a6c        0x0 timerFunctions.o
 .text          0x08005a6c       0xe2 Startup/startup_XMC4500.o
                0x08005a6c                NMI_Handler
                0x08005a6e                HardFault_Handler
                0x08005a70                MemManage_Handler
                0x08005a72                BusFault_Handler
                0x08005a74                UsageFault_Handler
                0x08005a76                SVC_Handler
                0x08005a78                DebugMon_Handler
                0x08005a7a                PendSV_Handler
                0x08005a7e                SCU_0_IRQHandler
                0x08005a80                ERU0_0_IRQHandler
                0x08005a82                ERU0_1_IRQHandler
                0x08005a84                ERU0_2_IRQHandler
                0x08005a86                ERU0_3_IRQHandler
                0x08005a88                ERU1_0_IRQHandler
                0x08005a8a                ERU1_1_IRQHandler
                0x08005a8c                ERU1_2_IRQHandler
                0x08005a8e                ERU1_3_IRQHandler
                0x08005a90                PMU0_0_IRQHandler
                0x08005a92                VADC0_C0_0_IRQHandler
                0x08005a94                VADC0_C0_1_IRQHandler
                0x08005a96                VADC0_C0_2_IRQHandler
                0x08005a98                VADC0_C0_3_IRQHandler
                0x08005a9a                VADC0_G0_0_IRQHandler
                0x08005a9c                VADC0_G0_1_IRQHandler
                0x08005a9e                VADC0_G0_2_IRQHandler
                0x08005aa0                VADC0_G0_3_IRQHandler
                0x08005aa2                VADC0_G1_0_IRQHandler
                0x08005aa4                VADC0_G1_1_IRQHandler
                0x08005aa6                VADC0_G1_2_IRQHandler
                0x08005aa8                VADC0_G1_3_IRQHandler
                0x08005aaa                VADC0_G2_0_IRQHandler
                0x08005aac                VADC0_G2_1_IRQHandler
                0x08005aae                VADC0_G2_2_IRQHandler
                0x08005ab0                VADC0_G2_3_IRQHandler
                0x08005ab2                VADC0_G3_0_IRQHandler
                0x08005ab4                VADC0_G3_1_IRQHandler
                0x08005ab6                VADC0_G3_2_IRQHandler
                0x08005ab8                VADC0_G3_3_IRQHandler
                0x08005aba                DSD0_0_IRQHandler
                0x08005abc                DSD0_1_IRQHandler
                0x08005abe                DSD0_2_IRQHandler
                0x08005ac0                DSD0_3_IRQHandler
                0x08005ac2                DSD0_4_IRQHandler
                0x08005ac4                DSD0_5_IRQHandler
                0x08005ac6                DSD0_6_IRQHandler
                0x08005ac8                DSD0_7_IRQHandler
                0x08005aca                DAC0_0_IRQHandler
                0x08005acc                DAC0_1_IRQHandler
                0x08005ace                CCU40_0_IRQHandler
                0x08005ad0                CCU40_1_IRQHandler
                0x08005ad2                CCU40_2_IRQHandler
                0x08005ad4                CCU40_3_IRQHandler
                0x08005ad6                CCU41_0_IRQHandler
                0x08005ad8                CCU41_1_IRQHandler
                0x08005ada                CCU41_2_IRQHandler
                0x08005adc                CCU41_3_IRQHandler
                0x08005ade                CCU42_0_IRQHandler
                0x08005ae0                CCU42_1_IRQHandler
                0x08005ae2                CCU42_2_IRQHandler
                0x08005ae4                CCU42_3_IRQHandler
                0x08005ae6                CCU43_0_IRQHandler
                0x08005ae8                CCU43_1_IRQHandler
                0x08005aea                CCU43_2_IRQHandler
                0x08005aec                CCU43_3_IRQHandler
                0x08005aee                CCU80_0_IRQHandler
                0x08005af0                CCU80_1_IRQHandler
                0x08005af2                CCU80_2_IRQHandler
                0x08005af4                CCU80_3_IRQHandler
                0x08005af6                CCU81_0_IRQHandler
                0x08005af8                CCU81_1_IRQHandler
                0x08005afa                CCU81_2_IRQHandler
                0x08005afc                CCU81_3_IRQHandler
                0x08005afe                POSIF0_0_IRQHandler
                0x08005b00                POSIF0_1_IRQHandler
                0x08005b02                POSIF1_0_IRQHandler
                0x08005b04                POSIF1_1_IRQHandler
                0x08005b06                CAN0_0_IRQHandler
                0x08005b08                CAN0_1_IRQHandler
                0x08005b0a                CAN0_2_IRQHandler
                0x08005b0c                CAN0_3_IRQHandler
                0x08005b0e                CAN0_4_IRQHandler
                0x08005b10                CAN0_5_IRQHandler
                0x08005b12                CAN0_6_IRQHandler
                0x08005b14                CAN0_7_IRQHandler
                0x08005b16                USIC0_0_IRQHandler
                0x08005b18                USIC0_1_IRQHandler
                0x08005b1a                USIC0_2_IRQHandler
                0x08005b1c                USIC0_3_IRQHandler
                0x08005b1e                USIC0_4_IRQHandler
                0x08005b20                USIC0_5_IRQHandler
                0x08005b22                USIC1_0_IRQHandler
                0x08005b24                USIC1_1_IRQHandler
                0x08005b26                USIC1_2_IRQHandler
                0x08005b28                USIC1_3_IRQHandler
                0x08005b2a                USIC1_4_IRQHandler
                0x08005b2c                USIC1_5_IRQHandler
                0x08005b2e                USIC2_0_IRQHandler
                0x08005b30                USIC2_1_IRQHandler
                0x08005b32                USIC2_2_IRQHandler
                0x08005b34                USIC2_3_IRQHandler
                0x08005b36                USIC2_4_IRQHandler
                0x08005b38                USIC2_5_IRQHandler
                0x08005b3a                LEDTS0_0_IRQHandler
                0x08005b3c                FCE0_0_IRQHandler
                0x08005b3e                GPDMA0_0_IRQHandler
                0x08005b40                SDMMC0_0_IRQHandler
                0x08005b42                USB0_0_IRQHandler
                0x08005b44                ETH0_0_IRQHandler
                0x08005b46                GPDMA1_0_IRQHandler
 .text          0x08005b4e        0x0 Startup/system_XMC4500.o
 *fill*         0x08005b4e        0x2 00
 .text.SystemInit
                0x08005b50       0x9c Startup/system_XMC4500.o
                0x08005b50                SystemInit
 .text.SystemCoreClockUpdate
                0x08005bec      0x148 Startup/system_XMC4500.o
                0x08005bec                SystemCoreClockUpdate
 .text.SystemClockSetup
                0x08005d34      0x4cc Startup/system_XMC4500.o
 .text          0x08006200        0x0 Lib/System_LibcStubs.o
 .text._open    0x08006200       0x1c Lib/System_LibcStubs.o
                0x08006200                _open
 .text._lseek   0x0800621c       0x1c Lib/System_LibcStubs.o
                0x0800621c                _lseek
 .text._read    0x08006238       0x1c Lib/System_LibcStubs.o
                0x08006238                _read
 .text._write   0x08006254       0x1c Lib/System_LibcStubs.o
                0x08006254                _write
 .text._close   0x08006270       0x10 Lib/System_LibcStubs.o
                0x08006270                _close
 .text._fstat   0x08006280       0x28 Lib/System_LibcStubs.o
                0x08006280                _fstat
 .text._link    0x080062a8       0x28 Lib/System_LibcStubs.o
                0x080062a8                _link
 .text._unlink  0x080062d0       0x18 Lib/System_LibcStubs.o
                0x080062d0                _unlink
 .text._sbrk    0x080062e8       0xa0 Lib/System_LibcStubs.o
                0x080062e8                _sbrk
 .text._times   0x08006388       0x18 Lib/System_LibcStubs.o
                0x08006388                _times
 .text._wait    0x080063a0       0x18 Lib/System_LibcStubs.o
                0x080063a0                _wait
 .text._kill    0x080063b8       0x1c Lib/System_LibcStubs.o
                0x080063b8                _kill
 .text._fork    0x080063d4       0x10 Lib/System_LibcStubs.o
                0x080063d4                _fork
 .text._getpid  0x080063e4       0x10 Lib/System_LibcStubs.o
                0x080063e4                _getpid
 .text._exit    0x080063f4        0xc Lib/System_LibcStubs.o
                0x080063f4                _exit
 .text._init    0x08006400        0xc Lib/System_LibcStubs.o
                0x08006400                _init
 .text._isatty  0x0800640c       0x18 Lib/System_LibcStubs.o
                0x0800640c                _isatty
 .text          0x08006424        0x0 Dave/Generated/src/UART001/UART001.o
 .text.UART001_lInit
                0x08006424      0x1a8 Dave/Generated/src/UART001/UART001.o
                0x08006424                UART001_lInit
 .text.UART001_lConfigTXPin
                0x080065cc       0xfc Dave/Generated/src/UART001/UART001.o
                0x080065cc                UART001_lConfigTXPin
 .text.UART001_labsRealType
                0x080066c8       0x38 Dave/Generated/src/UART001/UART001.o
                0x080066c8                UART001_labsRealType
 .text.UART001_lConfigureBaudRate
                0x08006700      0x4e8 Dave/Generated/src/UART001/UART001.o
                0x08006700                UART001_lConfigureBaudRate
 .text.UART001_Init
                0x08006be8       0x6c Dave/Generated/src/UART001/UART001.o
                0x08006be8                UART001_Init
 .text.UART001_DeInit
                0x08006c54       0x14 Dave/Generated/src/UART001/UART001.o
                0x08006c54                UART001_DeInit
 .text.UART001_Configure
                0x08006c68      0x114 Dave/Generated/src/UART001/UART001.o
                0x08006c68                UART001_Configure
 .text.UART001_ReadDataMultiple
                0x08006d7c       0x80 Dave/Generated/src/UART001/UART001.o
                0x08006d7c                UART001_ReadDataMultiple
 .text.UART001_ReadDataBytes
                0x08006dfc       0x80 Dave/Generated/src/UART001/UART001.o
                0x08006dfc                UART001_ReadDataBytes
 .text.UART001_WriteDataMultiple
                0x08006e7c       0x90 Dave/Generated/src/UART001/UART001.o
                0x08006e7c                UART001_WriteDataMultiple
 .text.UART001_WriteDataBytes
                0x08006f0c       0x90 Dave/Generated/src/UART001/UART001.o
                0x08006f0c                UART001_WriteDataBytes
 .text.UART001_GetFlagStatus
                0x08006f9c       0x98 Dave/Generated/src/UART001/UART001.o
                0x08006f9c                UART001_GetFlagStatus
 .text.UART001_ClearFlag
                0x08007034       0x78 Dave/Generated/src/UART001/UART001.o
                0x08007034                UART001_ClearFlag
 .text          0x080070ac        0x0 Dave/Generated/src/UART001/UART001_Conf.o
 .text          0x080070ac        0x0 Dave/Generated/src/SYSTM001/SYSTM001.o
 .text.NVIC_GetPriorityGrouping
                0x080070ac       0x20 Dave/Generated/src/SYSTM001/SYSTM001.o
 .text.NVIC_SetPriority
                0x080070cc       0x5c Dave/Generated/src/SYSTM001/SYSTM001.o
 .text.NVIC_EncodePriority
                0x08007128       0x78 Dave/Generated/src/SYSTM001/SYSTM001.o
 .text.SysTick_Config
                0x080071a0       0x64 Dave/Generated/src/SYSTM001/SYSTM001.o
 .text.SYSTM001_lInsertTimerList
                0x08007204      0x214 Dave/Generated/src/SYSTM001/SYSTM001.o
 .text.SYSTM001_lRemoveTimerList
                0x08007418       0xd8 Dave/Generated/src/SYSTM001/SYSTM001.o
 .text.SYSTM001_lTimerHandler
                0x080074f0       0x94 Dave/Generated/src/SYSTM001/SYSTM001.o
 .text.SysTick_Handler
                0x08007584       0x5c Dave/Generated/src/SYSTM001/SYSTM001.o
                0x08007584                SysTick_Handler
 .text.SYSTM001_Init
                0x080075e0       0x64 Dave/Generated/src/SYSTM001/SYSTM001.o
                0x080075e0                SYSTM001_Init
 .text.SYSTM001_CreateTimer
                0x08007644      0x1a0 Dave/Generated/src/SYSTM001/SYSTM001.o
                0x08007644                SYSTM001_CreateTimer
 .text.SYSTM001_StartTimer
                0x080077e4       0xb4 Dave/Generated/src/SYSTM001/SYSTM001.o
                0x080077e4                SYSTM001_StartTimer
 .text.SYSTM001_StopTimer
                0x08007898       0x90 Dave/Generated/src/SYSTM001/SYSTM001.o
                0x08007898                SYSTM001_StopTimer
 .text.SYSTM001_DeleteTimer
                0x08007928       0x9c Dave/Generated/src/SYSTM001/SYSTM001.o
                0x08007928                SYSTM001_DeleteTimer
 .text.SYSTM001_GetTime
                0x080079c4       0x18 Dave/Generated/src/SYSTM001/SYSTM001.o
                0x080079c4                SYSTM001_GetTime
 .text.SYSTM001_GetSysTickCount
                0x080079dc       0x28 Dave/Generated/src/SYSTM001/SYSTM001.o
                0x080079dc                SYSTM001_GetSysTickCount
 .text          0x08007a04        0x0 Dave/Generated/src/RESET001/RESET001.o
 .text.RESET001_AssertReset
                0x08007a04       0x54 Dave/Generated/src/RESET001/RESET001.o
                0x08007a04                RESET001_AssertReset
 .text.RESET001_DeassertReset
                0x08007a58       0x54 Dave/Generated/src/RESET001/RESET001.o
                0x08007a58                RESET001_DeassertReset
 .text.RESET001_GetResetInfo
                0x08007aac       0x2c Dave/Generated/src/RESET001/RESET001.o
                0x08007aac                RESET001_GetResetInfo
 .text.RESET001_GetStatus
                0x08007ad8       0x7c Dave/Generated/src/RESET001/RESET001.o
                0x08007ad8                RESET001_GetStatus
 .text.RESET001_ClearResetInfo
                0x08007b54       0x28 Dave/Generated/src/RESET001/RESET001.o
                0x08007b54                RESET001_ClearResetInfo
 .text          0x08007b7c        0x0 Dave/Generated/src/LIBS/CCU8PWMLIB.o
 .text          0x08007b7c        0x0 Dave/Generated/src/LIBS/MOTORLIB.o
 .text          0x08007b7c        0x0 Dave/Generated/src/IO004/IO004.o
 .text.IO004_Init
                0x08007b7c      0x190 Dave/Generated/src/IO004/IO004.o
                0x08007b7c                IO004_Init
 .text.IO004_DisableOutputDriver
                0x08007d0c      0x17c Dave/Generated/src/IO004/IO004.o
                0x08007d0c                IO004_DisableOutputDriver
 .text.IO004_EnableOutputDriver
                0x08007e88      0x17c Dave/Generated/src/IO004/IO004.o
                0x08007e88                IO004_EnableOutputDriver
 .text          0x08008004        0x0 Dave/Generated/src/IO004/IO004_Conf.o
 .text          0x08008004        0x0 Dave/Generated/src/I2C001/I2C001.o
 .text.I2C001_lInit
                0x08008004      0x1bc Dave/Generated/src/I2C001/I2C001.o
                0x08008004                I2C001_lInit
 .text.I2C001_lConfigureBitRate
                0x080081c0      0x1a0 Dave/Generated/src/I2C001/I2C001.o
                0x080081c0                I2C001_lConfigureBitRate
 .text.I2C001_Init
                0x08008360      0x1b4 Dave/Generated/src/I2C001/I2C001.o
                0x08008360                I2C001_Init
 .text.I2C001_DeInit
                0x08008514        0xc Dave/Generated/src/I2C001/I2C001.o
                0x08008514                I2C001_DeInit
 .text.I2C001_Configure
                0x08008520      0x100 Dave/Generated/src/I2C001/I2C001.o
                0x08008520                I2C001_Configure
 .text.I2C001_ReadData
                0x08008620       0x54 Dave/Generated/src/I2C001/I2C001.o
                0x08008620                I2C001_ReadData
 .text.I2C001_WriteData
                0x08008674       0x6c Dave/Generated/src/I2C001/I2C001.o
                0x08008674                I2C001_WriteData
 .text.I2C001_GetFlagStatus
                0x080086e0       0xc8 Dave/Generated/src/I2C001/I2C001.o
                0x080086e0                I2C001_GetFlagStatus
 .text.I2C001_ClearFlag
                0x080087a8       0x84 Dave/Generated/src/I2C001/I2C001.o
                0x080087a8                I2C001_ClearFlag
 .text          0x0800882c        0x0 Dave/Generated/src/I2C001/I2C001_Conf.o
 .text          0x0800882c        0x0 Dave/Generated/src/DAVESupport/DAVE3.o
 .text.NVIC_SetPriorityGrouping
                0x0800882c       0x50 Dave/Generated/src/DAVESupport/DAVE3.o
 .text.DAVE_Init
                0x0800887c       0x2c Dave/Generated/src/DAVESupport/DAVE3.o
                0x0800887c                DAVE_Init
 .text.SystemInit_DAVE3
                0x080088a8        0xc Dave/Generated/src/DAVESupport/DAVE3.o
                0x080088a8                SystemInit_DAVE3
 .text          0x080088b4        0x0 Dave/Generated/src/DAVESupport/MULTIPLEXER.o
 .text.DAVE_MUX_Init
                0x080088b4      0x2fc Dave/Generated/src/DAVESupport/MULTIPLEXER.o
                0x080088b4                DAVE_MUX_Init
 .text.DAVE_MUX_PreInit
                0x08008bb0        0xc Dave/Generated/src/DAVESupport/MULTIPLEXER.o
                0x08008bb0                DAVE_MUX_PreInit
 .text          0x08008bbc        0x0 Dave/Generated/src/CLK001/CLK001.o
 .text.CLK001_Delay
                0x08008bbc       0x34 Dave/Generated/src/CLK001/CLK001.o
 .text.CLK001_SysClk_Valid
                0x08008bf0       0x38 Dave/Generated/src/CLK001/CLK001.o
 .text.CLK001_BackupClkTrim
                0x08008c28       0x94 Dave/Generated/src/CLK001/CLK001.o
 .text.CLK001_SetMainPLLClkSrc
                0x08008cbc       0xf0 Dave/Generated/src/CLK001/CLK001.o
 .text.CLK001_ConfigMainPLL
                0x08008dac      0x15c Dave/Generated/src/CLK001/CLK001.o
 .text.CLK001_FreqStepupMainPLL
                0x08008f08      0x164 Dave/Generated/src/CLK001/CLK001.o
 .text.CLK001_SysClk_Init
                0x0800906c       0x50 Dave/Generated/src/CLK001/CLK001.o
 .text.CLK001_Init
                0x080090bc       0x30 Dave/Generated/src/CLK001/CLK001.o
                0x080090bc                CLK001_Init
 .text.AllowPLLInitByStartup
                0x080090ec       0x10 Dave/Generated/src/CLK001/CLK001.o
                0x080090ec                AllowPLLInitByStartup
 .text          0x080090fc      0x370 c:/dave-3.1.10/arm-gcc/bin/../lib/gcc/arm-none-eabi/4.7.4/armv7e-m\libgcc.a(_arm_addsubdf3.o)
                0x080090fc                __aeabi_drsub
                0x08009104                __aeabi_dsub
                0x08009104                __subdf3
                0x08009108                __aeabi_dadd
                0x08009108                __adddf3
                0x08009380                __floatunsidf
                0x08009380                __aeabi_ui2d
                0x080093a0                __floatsidf
                0x080093a0                __aeabi_i2d
                0x080093c4                __aeabi_f2d
                0x080093c4                __extendsfdf2
                0x08009400                __floatundidf
                0x08009400                __aeabi_ul2d
                0x08009410                __floatdidf
                0x08009410                __aeabi_l2d
 .text          0x0800946c      0x424 c:/dave-3.1.10/arm-gcc/bin/../lib/gcc/arm-none-eabi/4.7.4/armv7e-m\libgcc.a(_arm_muldivdf3.o)
                0x0800946c                __aeabi_dmul
                0x0800946c                __muldf3
                0x080096c0                __divdf3
                0x080096c0                __aeabi_ddiv
 .text          0x08009890       0x50 c:/dave-3.1.10/arm-gcc/bin/../lib/gcc/arm-none-eabi/4.7.4/armv7e-m\libgcc.a(_arm_fixdfsi.o)
                0x08009890                __aeabi_d2iz
                0x08009890                __fixdfsi
 .text          0x080098e0       0xa0 c:/dave-3.1.10/arm-gcc/bin/../lib/gcc/arm-none-eabi/4.7.4/armv7e-m\libgcc.a(_arm_truncdfsf2.o)
                0x080098e0                __truncdfsf2
                0x080098e0                __aeabi_d2f
 .text          0x08009980        0x0 c:/dave-3.1.10/arm-gcc/bin/../lib/gcc/arm-none-eabi/4.7.4/../../../../arm-none-eabi/lib/armv7e-m\libg.a(lib_a-init.o)
 .text.__libc_init_array
                0x08009980       0x94 c:/dave-3.1.10/arm-gcc/bin/../lib/gcc/arm-none-eabi/4.7.4/../../../../arm-none-eabi/lib/armv7e-m\libg.a(lib_a-init.o)
                0x08009980                __libc_init_array
 .text          0x08009a14        0x0 c:/dave-3.1.10/arm-gcc/bin/../lib/gcc/arm-none-eabi/4.7.4/../../../../arm-none-eabi/lib/armv7e-m\libg.a(lib_a-malloc.o)
 .text.malloc   0x08009a14       0x10 c:/dave-3.1.10/arm-gcc/bin/../lib/gcc/arm-none-eabi/4.7.4/../../../../arm-none-eabi/lib/armv7e-m\libg.a(lib_a-malloc.o)
                0x08009a14                malloc
 .text.free     0x08009a24       0x10 c:/dave-3.1.10/arm-gcc/bin/../lib/gcc/arm-none-eabi/4.7.4/../../../../arm-none-eabi/lib/armv7e-m\libg.a(lib_a-malloc.o)
                0x08009a24                free
 .text          0x08009a34        0x0 c:/dave-3.1.10/arm-gcc/bin/../lib/gcc/arm-none-eabi/4.7.4/../../../../arm-none-eabi/lib/armv7e-m\libg.a(lib_a-mallocr.o)
 .text._malloc_r
                0x08009a34      0x55c c:/dave-3.1.10/arm-gcc/bin/../lib/gcc/arm-none-eabi/4.7.4/../../../../arm-none-eabi/lib/armv7e-m\libg.a(lib_a-mallocr.o)
                0x08009a34                _malloc_r
 .text          0x08009f90        0x0 c:/dave-3.1.10/arm-gcc/bin/../lib/gcc/arm-none-eabi/4.7.4/../../../../arm-none-eabi/lib/armv7e-m\libg.a(lib_a-memcpy.o)
 .text.memcpy   0x08009f90      0x144 c:/dave-3.1.10/arm-gcc/bin/../lib/gcc/arm-none-eabi/4.7.4/../../../../arm-none-eabi/lib/armv7e-m\libg.a(lib_a-memcpy.o)
                0x08009f90                memcpy
 .text          0x0800a0d4        0x0 c:/dave-3.1.10/arm-gcc/bin/../lib/gcc/arm-none-eabi/4.7.4/../../../../arm-none-eabi/lib/armv7e-m\libg.a(lib_a-mlock.o)
 .text.__malloc_lock
                0x0800a0d4        0x4 c:/dave-3.1.10/arm-gcc/bin/../lib/gcc/arm-none-eabi/4.7.4/../../../../arm-none-eabi/lib/armv7e-m\libg.a(lib_a-mlock.o)
                0x0800a0d4                __malloc_lock
 .text.__malloc_unlock
                0x0800a0d8        0x4 c:/dave-3.1.10/arm-gcc/bin/../lib/gcc/arm-none-eabi/4.7.4/../../../../arm-none-eabi/lib/armv7e-m\libg.a(lib_a-mlock.o)
                0x0800a0d8                __malloc_unlock
 .text          0x0800a0dc        0x0 c:/dave-3.1.10/arm-gcc/bin/../lib/gcc/arm-none-eabi/4.7.4/../../../../arm-none-eabi/lib/armv7e-m\libg.a(lib_a-printf.o)
 .text._printf_r
                0x0800a0dc       0x20 c:/dave-3.1.10/arm-gcc/bin/../lib/gcc/arm-none-eabi/4.7.4/../../../../arm-none-eabi/lib/armv7e-m\libg.a(lib_a-printf.o)
                0x0800a0dc                _printf_r
 .text.printf   0x0800a0fc       0x28 c:/dave-3.1.10/arm-gcc/bin/../lib/gcc/arm-none-eabi/4.7.4/../../../../arm-none-eabi/lib/armv7e-m\libg.a(lib_a-printf.o)
                0x0800a0fc                printf
 .text          0x0800a124        0x0 c:/dave-3.1.10/arm-gcc/bin/../lib/gcc/arm-none-eabi/4.7.4/../../../../arm-none-eabi/lib/armv7e-m\libg.a(lib_a-sbrkr.o)
 .text._sbrk_r  0x0800a124       0x24 c:/dave-3.1.10/arm-gcc/bin/../lib/gcc/arm-none-eabi/4.7.4/../../../../arm-none-eabi/lib/armv7e-m\libg.a(lib_a-sbrkr.o)
                0x0800a124                _sbrk_r
 .text          0x0800a148        0x0 c:/dave-3.1.10/arm-gcc/bin/../lib/gcc/arm-none-eabi/4.7.4/../../../../arm-none-eabi/lib/armv7e-m\libg.a(lib_a-sprintf.o)
 .text._sprintf_r
                0x0800a148       0x44 c:/dave-3.1.10/arm-gcc/bin/../lib/gcc/arm-none-eabi/4.7.4/../../../../arm-none-eabi/lib/armv7e-m\libg.a(lib_a-sprintf.o)
                0x0800a148                _sprintf_r
 .text.sprintf  0x0800a18c       0x50 c:/dave-3.1.10/arm-gcc/bin/../lib/gcc/arm-none-eabi/4.7.4/../../../../arm-none-eabi/lib/armv7e-m\libg.a(lib_a-sprintf.o)
                0x0800a18c                sprintf
 .text          0x0800a1dc        0x0 c:/dave-3.1.10/arm-gcc/bin/../lib/gcc/arm-none-eabi/4.7.4/../../../../arm-none-eabi/lib/armv7e-m\libg.a(lib_a-strchr.o)
 .text.strchr   0x0800a1dc       0xfc c:/dave-3.1.10/arm-gcc/bin/../lib/gcc/arm-none-eabi/4.7.4/../../../../arm-none-eabi/lib/armv7e-m\libg.a(lib_a-strchr.o)
                0x0800a1dc                strchr
 .text          0x0800a2d8        0x0 c:/dave-3.1.10/arm-gcc/bin/../lib/gcc/arm-none-eabi/4.7.4/../../../../arm-none-eabi/lib/armv7e-m\libg.a(lib_a-strcmp.o)
 .text.strcmp   0x0800a2d8       0x80 c:/dave-3.1.10/arm-gcc/bin/../lib/gcc/arm-none-eabi/4.7.4/../../../../arm-none-eabi/lib/armv7e-m\libg.a(lib_a-strcmp.o)
                0x0800a2d8                strcmp
 .text.strcmp_unaligned
                0x0800a358      0x15c c:/dave-3.1.10/arm-gcc/bin/../lib/gcc/arm-none-eabi/4.7.4/../../../../arm-none-eabi/lib/armv7e-m\libg.a(lib_a-strcmp.o)
 .text          0x0800a4b4        0x0 c:/dave-3.1.10/arm-gcc/bin/../lib/gcc/arm-none-eabi/4.7.4/../../../../arm-none-eabi/lib/armv7e-m\libg.a(lib_a-strlen.o)
 .text.strlen   0x0800a4b4       0x60 c:/dave-3.1.10/arm-gcc/bin/../lib/gcc/arm-none-eabi/4.7.4/../../../../arm-none-eabi/lib/armv7e-m\libg.a(lib_a-strlen.o)
                0x0800a4b4                strlen
 .text          0x0800a514        0x0 c:/dave-3.1.10/arm-gcc/bin/../lib/gcc/arm-none-eabi/4.7.4/../../../../arm-none-eabi/lib/armv7e-m\libg.a(lib_a-strstr.o)
 .text.critical_factorization
                0x0800a514       0xbc c:/dave-3.1.10/arm-gcc/bin/../lib/gcc/arm-none-eabi/4.7.4/../../../../arm-none-eabi/lib/armv7e-m\libg.a(lib_a-strstr.o)
 .text.two_way_long_needle
                0x0800a5d0      0x318 c:/dave-3.1.10/arm-gcc/bin/../lib/gcc/arm-none-eabi/4.7.4/../../../../arm-none-eabi/lib/armv7e-m\libg.a(lib_a-strstr.o)
 .text.strstr   0x0800a8e8      0x2f0 c:/dave-3.1.10/arm-gcc/bin/../lib/gcc/arm-none-eabi/4.7.4/../../../../arm-none-eabi/lib/armv7e-m\libg.a(lib_a-strstr.o)
                0x0800a8e8                strstr
 .text          0x0800abd8        0x0 c:/dave-3.1.10/arm-gcc/bin/../lib/gcc/arm-none-eabi/4.7.4/../../../../arm-none-eabi/lib/armv7e-m\libg.a(lib_a-svfprintf.o)
 .text._svfprintf_r
                0x0800abd8     0x1adc c:/dave-3.1.10/arm-gcc/bin/../lib/gcc/arm-none-eabi/4.7.4/../../../../arm-none-eabi/lib/armv7e-m\libg.a(lib_a-svfprintf.o)
                0x0800abd8                _svfprintf_r
 .text          0x0800c6b4        0x0 c:/dave-3.1.10/arm-gcc/bin/../lib/gcc/arm-none-eabi/4.7.4/../../../../arm-none-eabi/lib/armv7e-m\libg.a(lib_a-vfprintf.o)
 .text._vfprintf_r
                0x0800c6b4     0x1cc8 c:/dave-3.1.10/arm-gcc/bin/../lib/gcc/arm-none-eabi/4.7.4/../../../../arm-none-eabi/lib/armv7e-m\libg.a(lib_a-vfprintf.o)
                0x0800c6b4                _vfprintf_r
 .text.__sbprintf
                0x0800e37c       0x78 c:/dave-3.1.10/arm-gcc/bin/../lib/gcc/arm-none-eabi/4.7.4/../../../../arm-none-eabi/lib/armv7e-m\libg.a(lib_a-vfprintf.o)
 .text.vfprintf
                0x0800e3f4       0x1c c:/dave-3.1.10/arm-gcc/bin/../lib/gcc/arm-none-eabi/4.7.4/../../../../arm-none-eabi/lib/armv7e-m\libg.a(lib_a-vfprintf.o)
                0x0800e3f4                vfprintf
 .text          0x0800e410        0x0 c:/dave-3.1.10/arm-gcc/bin/../lib/gcc/arm-none-eabi/4.7.4/../../../../arm-none-eabi/lib/armv7e-m\libg.a(lib_a-wsetup.o)
 .text.__swsetup_r
                0x0800e410       0xc4 c:/dave-3.1.10/arm-gcc/bin/../lib/gcc/arm-none-eabi/4.7.4/../../../../arm-none-eabi/lib/armv7e-m\libg.a(lib_a-wsetup.o)
                0x0800e410                __swsetup_r
 .text          0x0800e4d4        0x0 c:/dave-3.1.10/arm-gcc/bin/../lib/gcc/arm-none-eabi/4.7.4/../../../../arm-none-eabi/lib/armv7e-m\libg.a(lib_a-dtoa.o)
 .text.quorem   0x0800e4d4      0x2ec c:/dave-3.1.10/arm-gcc/bin/../lib/gcc/arm-none-eabi/4.7.4/../../../../arm-none-eabi/lib/armv7e-m\libg.a(lib_a-dtoa.o)
 .text._dtoa_r  0x0800e7c0     0x1258 c:/dave-3.1.10/arm-gcc/bin/../lib/gcc/arm-none-eabi/4.7.4/../../../../arm-none-eabi/lib/armv7e-m\libg.a(lib_a-dtoa.o)
                0x0800e7c0                _dtoa_r
 .text          0x0800fa18        0x0 c:/dave-3.1.10/arm-gcc/bin/../lib/gcc/arm-none-eabi/4.7.4/../../../../arm-none-eabi/lib/armv7e-m\libg.a(lib_a-fflush.o)
 .text._fflush_r
                0x0800fa18      0x168 c:/dave-3.1.10/arm-gcc/bin/../lib/gcc/arm-none-eabi/4.7.4/../../../../arm-none-eabi/lib/armv7e-m\libg.a(lib_a-fflush.o)
                0x0800fa18                _fflush_r
 .text.fflush   0x0800fb80       0x24 c:/dave-3.1.10/arm-gcc/bin/../lib/gcc/arm-none-eabi/4.7.4/../../../../arm-none-eabi/lib/armv7e-m\libg.a(lib_a-fflush.o)
                0x0800fb80                fflush
 .text          0x0800fba4        0x0 c:/dave-3.1.10/arm-gcc/bin/../lib/gcc/arm-none-eabi/4.7.4/../../../../arm-none-eabi/lib/armv7e-m\libg.a(lib_a-findfp.o)
 .text.__fp_lock
                0x0800fba4        0x4 c:/dave-3.1.10/arm-gcc/bin/../lib/gcc/arm-none-eabi/4.7.4/../../../../arm-none-eabi/lib/armv7e-m\libg.a(lib_a-findfp.o)
 .text.__fp_unlock
                0x0800fba8        0x4 c:/dave-3.1.10/arm-gcc/bin/../lib/gcc/arm-none-eabi/4.7.4/../../../../arm-none-eabi/lib/armv7e-m\libg.a(lib_a-findfp.o)
 .text._cleanup_r
                0x0800fbac        0xc c:/dave-3.1.10/arm-gcc/bin/../lib/gcc/arm-none-eabi/4.7.4/../../../../arm-none-eabi/lib/armv7e-m\libg.a(lib_a-findfp.o)
                0x0800fbac                _cleanup_r
 .text.std.isra.0
                0x0800fbb8       0x50 c:/dave-3.1.10/arm-gcc/bin/../lib/gcc/arm-none-eabi/4.7.4/../../../../arm-none-eabi/lib/armv7e-m\libg.a(lib_a-findfp.o)
 .text.__sfmoreglue
                0x0800fc08       0x2c c:/dave-3.1.10/arm-gcc/bin/../lib/gcc/arm-none-eabi/4.7.4/../../../../arm-none-eabi/lib/armv7e-m\libg.a(lib_a-findfp.o)
                0x0800fc08                __sfmoreglue
 .text._cleanup
                0x0800fc34       0x10 c:/dave-3.1.10/arm-gcc/bin/../lib/gcc/arm-none-eabi/4.7.4/../../../../arm-none-eabi/lib/armv7e-m\libg.a(lib_a-findfp.o)
                0x0800fc34                _cleanup
 .text.__sinit  0x0800fc44       0x4c c:/dave-3.1.10/arm-gcc/bin/../lib/gcc/arm-none-eabi/4.7.4/../../../../arm-none-eabi/lib/armv7e-m\libg.a(lib_a-findfp.o)
                0x0800fc44                __sinit
 .text.__sfp    0x0800fc90       0xa4 c:/dave-3.1.10/arm-gcc/bin/../lib/gcc/arm-none-eabi/4.7.4/../../../../arm-none-eabi/lib/armv7e-m\libg.a(lib_a-findfp.o)
                0x0800fc90                __sfp
 .text.__sfp_lock_acquire
                0x0800fd34        0x4 c:/dave-3.1.10/arm-gcc/bin/../lib/gcc/arm-none-eabi/4.7.4/../../../../arm-none-eabi/lib/armv7e-m\libg.a(lib_a-findfp.o)
                0x0800fd34                __sfp_lock_acquire
 .text.__sfp_lock_release
                0x0800fd38        0x4 c:/dave-3.1.10/arm-gcc/bin/../lib/gcc/arm-none-eabi/4.7.4/../../../../arm-none-eabi/lib/armv7e-m\libg.a(lib_a-findfp.o)
                0x0800fd38                __sfp_lock_release
 .text.__sinit_lock_acquire
                0x0800fd3c        0x4 c:/dave-3.1.10/arm-gcc/bin/../lib/gcc/arm-none-eabi/4.7.4/../../../../arm-none-eabi/lib/armv7e-m\libg.a(lib_a-findfp.o)
                0x0800fd3c                __sinit_lock_acquire
 .text.__sinit_lock_release
                0x0800fd40        0x4 c:/dave-3.1.10/arm-gcc/bin/../lib/gcc/arm-none-eabi/4.7.4/../../../../arm-none-eabi/lib/armv7e-m\libg.a(lib_a-findfp.o)
                0x0800fd40                __sinit_lock_release
 .text.__fp_lock_all
                0x0800fd44       0x18 c:/dave-3.1.10/arm-gcc/bin/../lib/gcc/arm-none-eabi/4.7.4/../../../../arm-none-eabi/lib/armv7e-m\libg.a(lib_a-findfp.o)
                0x0800fd44                __fp_lock_all
 .text.__fp_unlock_all
                0x0800fd5c       0x18 c:/dave-3.1.10/arm-gcc/bin/../lib/gcc/arm-none-eabi/4.7.4/../../../../arm-none-eabi/lib/armv7e-m\libg.a(lib_a-findfp.o)
                0x0800fd5c                __fp_unlock_all
 .text          0x0800fd74        0x0 c:/dave-3.1.10/arm-gcc/bin/../lib/gcc/arm-none-eabi/4.7.4/../../../../arm-none-eabi/lib/armv7e-m\libg.a(lib_a-freer.o)
 .text._malloc_trim_r
                0x0800fd74       0x98 c:/dave-3.1.10/arm-gcc/bin/../lib/gcc/arm-none-eabi/4.7.4/../../../../arm-none-eabi/lib/armv7e-m\libg.a(lib_a-freer.o)
                0x0800fd74                _malloc_trim_r
 .text._free_r  0x0800fe0c      0x194 c:/dave-3.1.10/arm-gcc/bin/../lib/gcc/arm-none-eabi/4.7.4/../../../../arm-none-eabi/lib/armv7e-m\libg.a(lib_a-freer.o)
                0x0800fe0c                _free_r
 .text          0x0800ffa0        0x0 c:/dave-3.1.10/arm-gcc/bin/../lib/gcc/arm-none-eabi/4.7.4/../../../../arm-none-eabi/lib/armv7e-m\libg.a(lib_a-fwalk.o)
 .text._fwalk   0x0800ffa0       0xb8 c:/dave-3.1.10/arm-gcc/bin/../lib/gcc/arm-none-eabi/4.7.4/../../../../arm-none-eabi/lib/armv7e-m\libg.a(lib_a-fwalk.o)
                0x0800ffa0                _fwalk
 .text._fwalk_reent
                0x08010058       0xc0 c:/dave-3.1.10/arm-gcc/bin/../lib/gcc/arm-none-eabi/4.7.4/../../../../arm-none-eabi/lib/armv7e-m\libg.a(lib_a-fwalk.o)
                0x08010058                _fwalk_reent
 .text          0x08010118        0x0 c:/dave-3.1.10/arm-gcc/bin/../lib/gcc/arm-none-eabi/4.7.4/../../../../arm-none-eabi/lib/armv7e-m\libg.a(lib_a-impure.o)
 .text          0x08010118        0x0 c:/dave-3.1.10/arm-gcc/bin/../lib/gcc/arm-none-eabi/4.7.4/../../../../arm-none-eabi/lib/armv7e-m\libg.a(lib_a-locale.o)
 .text._setlocale_r
                0x08010118       0x40 c:/dave-3.1.10/arm-gcc/bin/../lib/gcc/arm-none-eabi/4.7.4/../../../../arm-none-eabi/lib/armv7e-m\libg.a(lib_a-locale.o)
                0x08010118                _setlocale_r
 .text.__locale_charset
                0x08010158        0xc c:/dave-3.1.10/arm-gcc/bin/../lib/gcc/arm-none-eabi/4.7.4/../../../../arm-none-eabi/lib/armv7e-m\libg.a(lib_a-locale.o)
                0x08010158                __locale_charset
 .text.__locale_mb_cur_max
                0x08010164        0xc c:/dave-3.1.10/arm-gcc/bin/../lib/gcc/arm-none-eabi/4.7.4/../../../../arm-none-eabi/lib/armv7e-m\libg.a(lib_a-locale.o)
                0x08010164                __locale_mb_cur_max
 .text.__locale_msgcharset
                0x08010170        0xc c:/dave-3.1.10/arm-gcc/bin/../lib/gcc/arm-none-eabi/4.7.4/../../../../arm-none-eabi/lib/armv7e-m\libg.a(lib_a-locale.o)
                0x08010170                __locale_msgcharset
 .text.__locale_cjk_lang
                0x0801017c        0x4 c:/dave-3.1.10/arm-gcc/bin/../lib/gcc/arm-none-eabi/4.7.4/../../../../arm-none-eabi/lib/armv7e-m\libg.a(lib_a-locale.o)
                0x0801017c                __locale_cjk_lang
 .text._localeconv_r
                0x08010180        0xc c:/dave-3.1.10/arm-gcc/bin/../lib/gcc/arm-none-eabi/4.7.4/../../../../arm-none-eabi/lib/armv7e-m\libg.a(lib_a-locale.o)
                0x08010180                _localeconv_r
 .text.setlocale
                0x0801018c       0x18 c:/dave-3.1.10/arm-gcc/bin/../lib/gcc/arm-none-eabi/4.7.4/../../../../arm-none-eabi/lib/armv7e-m\libg.a(lib_a-locale.o)
                0x0801018c                setlocale
 .text.localeconv
                0x080101a4        0xc c:/dave-3.1.10/arm-gcc/bin/../lib/gcc/arm-none-eabi/4.7.4/../../../../arm-none-eabi/lib/armv7e-m\libg.a(lib_a-locale.o)
                0x080101a4                localeconv
 .text          0x080101b0        0x0 c:/dave-3.1.10/arm-gcc/bin/../lib/gcc/arm-none-eabi/4.7.4/../../../../arm-none-eabi/lib/armv7e-m\libg.a(lib_a-makebuf.o)
 .text.__smakebuf_r
                0x080101b0       0xe8 c:/dave-3.1.10/arm-gcc/bin/../lib/gcc/arm-none-eabi/4.7.4/../../../../arm-none-eabi/lib/armv7e-m\libg.a(lib_a-makebuf.o)
                0x080101b0                __smakebuf_r
 .text          0x08010298        0x0 c:/dave-3.1.10/arm-gcc/bin/../lib/gcc/arm-none-eabi/4.7.4/../../../../arm-none-eabi/lib/armv7e-m\libg.a(lib_a-memchr.o)
 .text.memchr   0x08010298      0x140 c:/dave-3.1.10/arm-gcc/bin/../lib/gcc/arm-none-eabi/4.7.4/../../../../arm-none-eabi/lib/armv7e-m\libg.a(lib_a-memchr.o)
                0x08010298                memchr
 .text          0x080103d8        0x0 c:/dave-3.1.10/arm-gcc/bin/../lib/gcc/arm-none-eabi/4.7.4/../../../../arm-none-eabi/lib/armv7e-m\libg.a(lib_a-memcmp.o)
 .text.memcmp   0x080103d8       0xb8 c:/dave-3.1.10/arm-gcc/bin/../lib/gcc/arm-none-eabi/4.7.4/../../../../arm-none-eabi/lib/armv7e-m\libg.a(lib_a-memcmp.o)
                0x080103d8                memcmp
 .text          0x08010490        0x0 c:/dave-3.1.10/arm-gcc/bin/../lib/gcc/arm-none-eabi/4.7.4/../../../../arm-none-eabi/lib/armv7e-m\libg.a(lib_a-memset.o)
 .text.memset   0x08010490      0x12c c:/dave-3.1.10/arm-gcc/bin/../lib/gcc/arm-none-eabi/4.7.4/../../../../arm-none-eabi/lib/armv7e-m\libg.a(lib_a-memset.o)
                0x08010490                memset
 .text          0x080105bc        0x0 c:/dave-3.1.10/arm-gcc/bin/../lib/gcc/arm-none-eabi/4.7.4/../../../../arm-none-eabi/lib/armv7e-m\libg.a(lib_a-mprec.o)
 .text._Balloc  0x080105bc       0x4c c:/dave-3.1.10/arm-gcc/bin/../lib/gcc/arm-none-eabi/4.7.4/../../../../arm-none-eabi/lib/armv7e-m\libg.a(lib_a-mprec.o)
                0x080105bc                _Balloc
 .text._Bfree   0x08010608       0x14 c:/dave-3.1.10/arm-gcc/bin/../lib/gcc/arm-none-eabi/4.7.4/../../../../arm-none-eabi/lib/armv7e-m\libg.a(lib_a-mprec.o)
                0x08010608                _Bfree
 .text.__multadd
                0x0801061c       0xf8 c:/dave-3.1.10/arm-gcc/bin/../lib/gcc/arm-none-eabi/4.7.4/../../../../arm-none-eabi/lib/armv7e-m\libg.a(lib_a-mprec.o)
                0x0801061c                __multadd
 .text.__s2b    0x08010714      0x140 c:/dave-3.1.10/arm-gcc/bin/../lib/gcc/arm-none-eabi/4.7.4/../../../../arm-none-eabi/lib/armv7e-m\libg.a(lib_a-mprec.o)
                0x08010714                __s2b
 .text.__hi0bits
                0x08010854       0x3c c:/dave-3.1.10/arm-gcc/bin/../lib/gcc/arm-none-eabi/4.7.4/../../../../arm-none-eabi/lib/armv7e-m\libg.a(lib_a-mprec.o)
                0x08010854                __hi0bits
 .text.__lo0bits
                0x08010890       0x5c c:/dave-3.1.10/arm-gcc/bin/../lib/gcc/arm-none-eabi/4.7.4/../../../../arm-none-eabi/lib/armv7e-m\libg.a(lib_a-mprec.o)
                0x08010890                __lo0bits
 .text.__i2b    0x080108ec       0x14 c:/dave-3.1.10/arm-gcc/bin/../lib/gcc/arm-none-eabi/4.7.4/../../../../arm-none-eabi/lib/armv7e-m\libg.a(lib_a-mprec.o)
                0x080108ec                __i2b
 .text.__multiply
                0x08010900      0x2d0 c:/dave-3.1.10/arm-gcc/bin/../lib/gcc/arm-none-eabi/4.7.4/../../../../arm-none-eabi/lib/armv7e-m\libg.a(lib_a-mprec.o)
                0x08010900                __multiply
 .text.__pow5mult
                0x08010bd0       0x94 c:/dave-3.1.10/arm-gcc/bin/../lib/gcc/arm-none-eabi/4.7.4/../../../../arm-none-eabi/lib/armv7e-m\libg.a(lib_a-mprec.o)
                0x08010bd0                __pow5mult
 .text.__lshift
                0x08010c64      0x188 c:/dave-3.1.10/arm-gcc/bin/../lib/gcc/arm-none-eabi/4.7.4/../../../../arm-none-eabi/lib/armv7e-m\libg.a(lib_a-mprec.o)
                0x08010c64                __lshift
 .text.__mcmp   0x08010dec       0x5c c:/dave-3.1.10/arm-gcc/bin/../lib/gcc/arm-none-eabi/4.7.4/../../../../arm-none-eabi/lib/armv7e-m\libg.a(lib_a-mprec.o)
                0x08010dec                __mcmp
 .text.__mdiff  0x08010e48      0x20c c:/dave-3.1.10/arm-gcc/bin/../lib/gcc/arm-none-eabi/4.7.4/../../../../arm-none-eabi/lib/armv7e-m\libg.a(lib_a-mprec.o)
                0x08010e48                __mdiff
 .text.__ulp    0x08011054       0x44 c:/dave-3.1.10/arm-gcc/bin/../lib/gcc/arm-none-eabi/4.7.4/../../../../arm-none-eabi/lib/armv7e-m\libg.a(lib_a-mprec.o)
                0x08011054                __ulp
 .text.__b2d    0x08011098       0xbc c:/dave-3.1.10/arm-gcc/bin/../lib/gcc/arm-none-eabi/4.7.4/../../../../arm-none-eabi/lib/armv7e-m\libg.a(lib_a-mprec.o)
                0x08011098                __b2d
 .text.__d2b    0x08011154       0xc0 c:/dave-3.1.10/arm-gcc/bin/../lib/gcc/arm-none-eabi/4.7.4/../../../../arm-none-eabi/lib/armv7e-m\libg.a(lib_a-mprec.o)
                0x08011154                __d2b
 .text.__ratio  0x08011214       0x54 c:/dave-3.1.10/arm-gcc/bin/../lib/gcc/arm-none-eabi/4.7.4/../../../../arm-none-eabi/lib/armv7e-m\libg.a(lib_a-mprec.o)
                0x08011214                __ratio
 .text._mprec_log10
                0x08011268       0x68 c:/dave-3.1.10/arm-gcc/bin/../lib/gcc/arm-none-eabi/4.7.4/../../../../arm-none-eabi/lib/armv7e-m\libg.a(lib_a-mprec.o)
                0x08011268                _mprec_log10
 .text.__copybits
                0x080112d0       0xa4 c:/dave-3.1.10/arm-gcc/bin/../lib/gcc/arm-none-eabi/4.7.4/../../../../arm-none-eabi/lib/armv7e-m\libg.a(lib_a-mprec.o)
                0x080112d0                __copybits
 .text.__any_on
                0x08011374       0x74 c:/dave-3.1.10/arm-gcc/bin/../lib/gcc/arm-none-eabi/4.7.4/../../../../arm-none-eabi/lib/armv7e-m\libg.a(lib_a-mprec.o)
                0x08011374                __any_on
 .text          0x080113e8        0x0 c:/dave-3.1.10/arm-gcc/bin/../lib/gcc/arm-none-eabi/4.7.4/../../../../arm-none-eabi/lib/armv7e-m\libg.a(lib_a-reent.o)
 .text.cleanup_glue
                0x080113e8       0x1c c:/dave-3.1.10/arm-gcc/bin/../lib/gcc/arm-none-eabi/4.7.4/../../../../arm-none-eabi/lib/armv7e-m\libg.a(lib_a-reent.o)
                0x080113e8                cleanup_glue
 .text._reclaim_reent
                0x08011404       0x8c c:/dave-3.1.10/arm-gcc/bin/../lib/gcc/arm-none-eabi/4.7.4/../../../../arm-none-eabi/lib/armv7e-m\libg.a(lib_a-reent.o)
                0x08011404                _reclaim_reent
 .text._wrapup_reent
                0x08011490       0x74 c:/dave-3.1.10/arm-gcc/bin/../lib/gcc/arm-none-eabi/4.7.4/../../../../arm-none-eabi/lib/armv7e-m\libg.a(lib_a-reent.o)
                0x08011490                _wrapup_reent
 .text          0x08011504        0x0 c:/dave-3.1.10/arm-gcc/bin/../lib/gcc/arm-none-eabi/4.7.4/../../../../arm-none-eabi/lib/armv7e-m\libg.a(lib_a-s_fpclassify.o)
 .text.__fpclassifyd
                0x08011504       0x68 c:/dave-3.1.10/arm-gcc/bin/../lib/gcc/arm-none-eabi/4.7.4/../../../../arm-none-eabi/lib/armv7e-m\libg.a(lib_a-s_fpclassify.o)
                0x08011504                __fpclassifyd
 .text          0x0801156c        0x0 c:/dave-3.1.10/arm-gcc/bin/../lib/gcc/arm-none-eabi/4.7.4/../../../../arm-none-eabi/lib/armv7e-m\libg.a(lib_a-stdio.o)
 .text.__sread  0x0801156c       0x24 c:/dave-3.1.10/arm-gcc/bin/../lib/gcc/arm-none-eabi/4.7.4/../../../../arm-none-eabi/lib/armv7e-m\libg.a(lib_a-stdio.o)
                0x0801156c                __sread
 .text.__seofread
                0x08011590        0x4 c:/dave-3.1.10/arm-gcc/bin/../lib/gcc/arm-none-eabi/4.7.4/../../../../arm-none-eabi/lib/armv7e-m\libg.a(lib_a-stdio.o)
                0x08011590                __seofread
 .text.__swrite
                0x08011594       0x44 c:/dave-3.1.10/arm-gcc/bin/../lib/gcc/arm-none-eabi/4.7.4/../../../../arm-none-eabi/lib/armv7e-m\libg.a(lib_a-stdio.o)
                0x08011594                __swrite
 .text.__sseek  0x080115d8       0x24 c:/dave-3.1.10/arm-gcc/bin/../lib/gcc/arm-none-eabi/4.7.4/../../../../arm-none-eabi/lib/armv7e-m\libg.a(lib_a-stdio.o)
                0x080115d8                __sseek
 .text.__sclose
                0x080115fc        0x8 c:/dave-3.1.10/arm-gcc/bin/../lib/gcc/arm-none-eabi/4.7.4/../../../../arm-none-eabi/lib/armv7e-m\libg.a(lib_a-stdio.o)
                0x080115fc                __sclose
 .text          0x08011604        0x0 c:/dave-3.1.10/arm-gcc/bin/../lib/gcc/arm-none-eabi/4.7.4/../../../../arm-none-eabi/lib/armv7e-m\libg.a(lib_a-svfiprintf.o)
 .text.__ssprint_r
                0x08011604      0x100 c:/dave-3.1.10/arm-gcc/bin/../lib/gcc/arm-none-eabi/4.7.4/../../../../arm-none-eabi/lib/armv7e-m\libg.a(lib_a-svfiprintf.o)
                0x08011604                __ssprint_r
 .text._svfiprintf_r
                0x08011704      0xde0 c:/dave-3.1.10/arm-gcc/bin/../lib/gcc/arm-none-eabi/4.7.4/../../../../arm-none-eabi/lib/armv7e-m\libg.a(lib_a-svfiprintf.o)
                0x08011704                _svfiprintf_r
 .text          0x080124e4        0x0 c:/dave-3.1.10/arm-gcc/bin/../lib/gcc/arm-none-eabi/4.7.4/../../../../arm-none-eabi/lib/armv7e-m\libg.a(lib_a-vfiprintf.o)
 .text.__sprint_r
                0x080124e4       0xc0 c:/dave-3.1.10/arm-gcc/bin/../lib/gcc/arm-none-eabi/4.7.4/../../../../arm-none-eabi/lib/armv7e-m\libg.a(lib_a-vfiprintf.o)
                0x080124e4                __sprint_r
 .text._vfiprintf_r
                0x080125a4      0xf20 c:/dave-3.1.10/arm-gcc/bin/../lib/gcc/arm-none-eabi/4.7.4/../../../../arm-none-eabi/lib/armv7e-m\libg.a(lib_a-vfiprintf.o)
                0x080125a4                _vfiprintf_r
 .text.__sbprintf
                0x080134c4       0x78 c:/dave-3.1.10/arm-gcc/bin/../lib/gcc/arm-none-eabi/4.7.4/../../../../arm-none-eabi/lib/armv7e-m\libg.a(lib_a-vfiprintf.o)
 .text.vfiprintf
                0x0801353c       0x1c c:/dave-3.1.10/arm-gcc/bin/../lib/gcc/arm-none-eabi/4.7.4/../../../../arm-none-eabi/lib/armv7e-m\libg.a(lib_a-vfiprintf.o)
                0x0801353c                vfiprintf
 .text          0x08013558        0x0 c:/dave-3.1.10/arm-gcc/bin/../lib/gcc/arm-none-eabi/4.7.4/../../../../arm-none-eabi/lib/armv7e-m\libg.a(lib_a-writer.o)
 .text._write_r
                0x08013558       0x28 c:/dave-3.1.10/arm-gcc/bin/../lib/gcc/arm-none-eabi/4.7.4/../../../../arm-none-eabi/lib/armv7e-m\libg.a(lib_a-writer.o)
                0x08013558                _write_r
 .text          0x08013580        0x0 c:/dave-3.1.10/arm-gcc/bin/../lib/gcc/arm-none-eabi/4.7.4/../../../../arm-none-eabi/lib/armv7e-m\libg.a(lib_a-callocr.o)
 .text._calloc_r
                0x08013580       0x60 c:/dave-3.1.10/arm-gcc/bin/../lib/gcc/arm-none-eabi/4.7.4/../../../../arm-none-eabi/lib/armv7e-m\libg.a(lib_a-callocr.o)
                0x08013580                _calloc_r
 .text          0x080135e0        0x0 c:/dave-3.1.10/arm-gcc/bin/../lib/gcc/arm-none-eabi/4.7.4/../../../../arm-none-eabi/lib/armv7e-m\libg.a(lib_a-closer.o)
 .text._close_r
                0x080135e0       0x24 c:/dave-3.1.10/arm-gcc/bin/../lib/gcc/arm-none-eabi/4.7.4/../../../../arm-none-eabi/lib/armv7e-m\libg.a(lib_a-closer.o)
                0x080135e0                _close_r
 .text          0x08013604        0x0 c:/dave-3.1.10/arm-gcc/bin/../lib/gcc/arm-none-eabi/4.7.4/../../../../arm-none-eabi/lib/armv7e-m\libg.a(lib_a-fclose.o)
 .text._fclose_r
                0x08013604       0x94 c:/dave-3.1.10/arm-gcc/bin/../lib/gcc/arm-none-eabi/4.7.4/../../../../arm-none-eabi/lib/armv7e-m\libg.a(lib_a-fclose.o)
                0x08013604                _fclose_r
 .text.fclose   0x08013698       0x10 c:/dave-3.1.10/arm-gcc/bin/../lib/gcc/arm-none-eabi/4.7.4/../../../../arm-none-eabi/lib/armv7e-m\libg.a(lib_a-fclose.o)
                0x08013698                fclose
 .text          0x080136a8        0x0 c:/dave-3.1.10/arm-gcc/bin/../lib/gcc/arm-none-eabi/4.7.4/../../../../arm-none-eabi/lib/armv7e-m\libg.a(lib_a-fputwc.o)
 .text._fputwc_r
                0x080136a8      0x1b0 c:/dave-3.1.10/arm-gcc/bin/../lib/gcc/arm-none-eabi/4.7.4/../../../../arm-none-eabi/lib/armv7e-m\libg.a(lib_a-fputwc.o)
                0x080136a8                _fputwc_r
 .text.fputwc   0x08013858       0x2c c:/dave-3.1.10/arm-gcc/bin/../lib/gcc/arm-none-eabi/4.7.4/../../../../arm-none-eabi/lib/armv7e-m\libg.a(lib_a-fputwc.o)
                0x08013858                fputwc
 .text          0x08013884        0x0 c:/dave-3.1.10/arm-gcc/bin/../lib/gcc/arm-none-eabi/4.7.4/../../../../arm-none-eabi/lib/armv7e-m\libg.a(lib_a-fstatr.o)
 .text._fstat_r
                0x08013884       0x28 c:/dave-3.1.10/arm-gcc/bin/../lib/gcc/arm-none-eabi/4.7.4/../../../../arm-none-eabi/lib/armv7e-m\libg.a(lib_a-fstatr.o)
                0x08013884                _fstat_r
 .text          0x080138ac        0x0 c:/dave-3.1.10/arm-gcc/bin/../lib/gcc/arm-none-eabi/4.7.4/../../../../arm-none-eabi/lib/armv7e-m\libg.a(lib_a-fvwrite.o)
 .text.__sfvwrite_r
                0x080138ac      0x314 c:/dave-3.1.10/arm-gcc/bin/../lib/gcc/arm-none-eabi/4.7.4/../../../../arm-none-eabi/lib/armv7e-m\libg.a(lib_a-fvwrite.o)
                0x080138ac                __sfvwrite_r
 .text          0x08013bc0        0x0 c:/dave-3.1.10/arm-gcc/bin/../lib/gcc/arm-none-eabi/4.7.4/../../../../arm-none-eabi/lib/armv7e-m\libg.a(lib_a-isattyr.o)
 .text._isatty_r
                0x08013bc0       0x24 c:/dave-3.1.10/arm-gcc/bin/../lib/gcc/arm-none-eabi/4.7.4/../../../../arm-none-eabi/lib/armv7e-m\libg.a(lib_a-isattyr.o)
                0x08013bc0                _isatty_r
 .text          0x08013be4        0x0 c:/dave-3.1.10/arm-gcc/bin/../lib/gcc/arm-none-eabi/4.7.4/../../../../arm-none-eabi/lib/armv7e-m\libg.a(lib_a-lseekr.o)
 .text._lseek_r
                0x08013be4       0x28 c:/dave-3.1.10/arm-gcc/bin/../lib/gcc/arm-none-eabi/4.7.4/../../../../arm-none-eabi/lib/armv7e-m\libg.a(lib_a-lseekr.o)
                0x08013be4                _lseek_r
 .text          0x08013c0c        0x0 c:/dave-3.1.10/arm-gcc/bin/../lib/gcc/arm-none-eabi/4.7.4/../../../../arm-none-eabi/lib/armv7e-m\libg.a(lib_a-memmove.o)
 .text.memmove  0x08013c0c      0x198 c:/dave-3.1.10/arm-gcc/bin/../lib/gcc/arm-none-eabi/4.7.4/../../../../arm-none-eabi/lib/armv7e-m\libg.a(lib_a-memmove.o)
                0x08013c0c                memmove
 .text          0x08013da4        0x0 c:/dave-3.1.10/arm-gcc/bin/../lib/gcc/arm-none-eabi/4.7.4/../../../../arm-none-eabi/lib/armv7e-m\libg.a(lib_a-readr.o)
 .text._read_r  0x08013da4       0x28 c:/dave-3.1.10/arm-gcc/bin/../lib/gcc/arm-none-eabi/4.7.4/../../../../arm-none-eabi/lib/armv7e-m\libg.a(lib_a-readr.o)
                0x08013da4                _read_r
 .text          0x08013dcc        0x0 c:/dave-3.1.10/arm-gcc/bin/../lib/gcc/arm-none-eabi/4.7.4/../../../../arm-none-eabi/lib/armv7e-m\libg.a(lib_a-reallocr.o)
 .text._realloc_r
                0x08013dcc      0x3dc c:/dave-3.1.10/arm-gcc/bin/../lib/gcc/arm-none-eabi/4.7.4/../../../../arm-none-eabi/lib/armv7e-m\libg.a(lib_a-reallocr.o)
                0x08013dcc                _realloc_r
 .text          0x080141a8        0x0 c:/dave-3.1.10/arm-gcc/bin/../lib/gcc/arm-none-eabi/4.7.4/../../../../arm-none-eabi/lib/armv7e-m\libg.a(lib_a-wbuf.o)
 .text.__swbuf_r
                0x080141a8       0xbc c:/dave-3.1.10/arm-gcc/bin/../lib/gcc/arm-none-eabi/4.7.4/../../../../arm-none-eabi/lib/armv7e-m\libg.a(lib_a-wbuf.o)
                0x080141a8                __swbuf_r
 .text.__swbuf  0x08014264       0x18 c:/dave-3.1.10/arm-gcc/bin/../lib/gcc/arm-none-eabi/4.7.4/../../../../arm-none-eabi/lib/armv7e-m\libg.a(lib_a-wbuf.o)
                0x08014264                __swbuf
 .text          0x0801427c        0x0 c:/dave-3.1.10/arm-gcc/bin/../lib/gcc/arm-none-eabi/4.7.4/../../../../arm-none-eabi/lib/armv7e-m\libg.a(lib_a-wcrtomb.o)
 .text._wcrtomb_r
                0x0801427c       0x50 c:/dave-3.1.10/arm-gcc/bin/../lib/gcc/arm-none-eabi/4.7.4/../../../../arm-none-eabi/lib/armv7e-m\libg.a(lib_a-wcrtomb.o)
                0x0801427c                _wcrtomb_r
 .text.wcrtomb  0x080142cc       0x60 c:/dave-3.1.10/arm-gcc/bin/../lib/gcc/arm-none-eabi/4.7.4/../../../../arm-none-eabi/lib/armv7e-m\libg.a(lib_a-wcrtomb.o)
                0x080142cc                wcrtomb
 .text          0x0801432c        0x0 c:/dave-3.1.10/arm-gcc/bin/../lib/gcc/arm-none-eabi/4.7.4/../../../../arm-none-eabi/lib/armv7e-m\libg.a(lib_a-wctomb_r.o)
 .text.__ascii_wctomb
                0x0801432c       0x1c c:/dave-3.1.10/arm-gcc/bin/../lib/gcc/arm-none-eabi/4.7.4/../../../../arm-none-eabi/lib/armv7e-m\libg.a(lib_a-wctomb_r.o)
                0x0801432c                __ascii_wctomb
 .text._wctomb_r
                0x08014348       0x30 c:/dave-3.1.10/arm-gcc/bin/../lib/gcc/arm-none-eabi/4.7.4/../../../../arm-none-eabi/lib/armv7e-m\libg.a(lib_a-wctomb_r.o)
                0x08014348                _wctomb_r
 .text          0x08014378      0x110 c:/dave-3.1.10/arm-gcc/bin/../lib/gcc/arm-none-eabi/4.7.4/armv7e-m\libgcc.a(_arm_cmpdf2.o)
                0x08014378                __gtdf2
                0x08014378                __gedf2
                0x08014380                __ltdf2
                0x08014380                __ledf2
                0x08014388                __nedf2
                0x08014388                __eqdf2
                0x08014388                __cmpdf2
                0x08014404                __aeabi_cdrcmple
                0x08014414                __aeabi_cdcmpeq
                0x08014414                __aeabi_cdcmple
                0x08014424                __aeabi_dcmpeq
                0x08014438                __aeabi_dcmplt
                0x0801444c                __aeabi_dcmple
                0x08014460                __aeabi_dcmpge
                0x08014474                __aeabi_dcmpgt
 .text          0x08014488       0x2c c:/dave-3.1.10/arm-gcc/bin/../lib/gcc/arm-none-eabi/4.7.4/armv7e-m\libgcc.a(_aeabi_uldivmod.o)
                0x08014488                __aeabi_uldivmod
 .text          0x080144b4       0x58 c:/dave-3.1.10/arm-gcc/bin/../lib/gcc/arm-none-eabi/4.7.4/armv7e-m\libgcc.a(bpabi.o)
                0x080144b4                __gnu_ldivmod_helper
                0x080144e0                __gnu_uldivmod_helper
 .text          0x0801450c        0x4 c:/dave-3.1.10/arm-gcc/bin/../lib/gcc/arm-none-eabi/4.7.4/armv7e-m\libgcc.a(_dvmd_tls.o)
                0x0801450c                __aeabi_idiv0
                0x0801450c                __aeabi_ldiv0
 .text          0x08014510      0x2bc c:/dave-3.1.10/arm-gcc/bin/../lib/gcc/arm-none-eabi/4.7.4/armv7e-m\libgcc.a(_divdi3.o)
                0x08014510                __divdi3
 .text          0x080147cc      0x288 c:/dave-3.1.10/arm-gcc/bin/../lib/gcc/arm-none-eabi/4.7.4/armv7e-m\libgcc.a(_udivdi3.o)
                0x080147cc                __udivdi3
 *(.glue*)
 .glue_7        0x00000000        0x0 linker stubs
 .glue_7t       0x00000000        0x0 linker stubs
 *(.v4*)
 .v4_bx         0x00000000        0x0 linker stubs
 *(.vfp11_veneer)
 .vfp11_veneer  0x00000000        0x0 linker stubs
 *(.init)
                0x08014a54                __preinit_array_start = .
 *(.preinit_array)
                0x08014a54                __preinit_array_end = .
                0x08014a54                __init_array_start = .
 *(SORT(.init_array.*))
 *(.init_array)
                0x08014a54                __init_array_end = .
 *crtbegin.o(.ctors)
 *(EXCLUDE_FILE(*crtend.o) .ctors)
 *(SORT(.ctors.*))
 *crtend.o(.ctors)
 *(.fini)
                0x08014a54                __fini_array_start = .
 *(.fini_array)
 *(SORT(.fini_array.*))
                0x08014a54                __fini_array_end = .
 *crtbegin.o(.dtors)
 *(EXCLUDE_FILE(*crtend.o) .dtors)
 *(SORT(.dtors.*))
 *crtend.o(.dtors)
                0x08014a54                __extab_start = .
 *(.ARM.extab* .gnu.linkonce.armextab.*)
 .ARM.extab.Xmc4500.reset
                0x08014a54        0x0 Startup/startup_XMC4500.o
 .ARM.extab.Xmc4500.postreset
                0x08014a54        0x0 Startup/startup_XMC4500.o
 .ARM.extab     0x08014a54        0x0 c:/dave-3.1.10/arm-gcc/bin/../lib/gcc/arm-none-eabi/4.7.4/armv7e-m\libgcc.a(_divdi3.o)
 .ARM.extab     0x08014a54        0x0 c:/dave-3.1.10/arm-gcc/bin/../lib/gcc/arm-none-eabi/4.7.4/armv7e-m\libgcc.a(_udivdi3.o)
                0x08014a54                . = ALIGN (0x4)
                0x08014a54                __extab_end = ABSOLUTE (.)

.iplt           0x08014a54        0x0 load address 0x0c014a54
 .iplt          0x00000000        0x0 BluetoothDriver.o

.ARM.exidx      0x08014a54       0x10 load address 0x0c014a54
                0x08014a54                __exidx_start = .
 *(.ARM.exidx* .gnu.linkonce.armexidx.*)
 .ARM.exidx.Xmc4500.reset
                0x08014a54        0x8 Startup/startup_XMC4500.o
 .ARM.exidx.Xmc4500.postreset
                0x08014a5c        0x8 Startup/startup_XMC4500.o
 .ARM.exidx     0x08014a64        0x0 c:/dave-3.1.10/arm-gcc/bin/../lib/gcc/arm-none-eabi/4.7.4/armv7e-m\libgcc.a(_divdi3.o)
                                  0x8 (size before relaxing)
 .ARM.exidx     0x08014a64        0x0 c:/dave-3.1.10/arm-gcc/bin/../lib/gcc/arm-none-eabi/4.7.4/armv7e-m\libgcc.a(_udivdi3.o)
                                  0x8 (size before relaxing)
                0x08014a64                . = ALIGN (0x4)
                0x08014a64                __exidx_end = ABSOLUTE (.)

.rodata         0x08014a64      0x4e4 load address 0x0c014a64
 *(.rodata .rodata.*)
 .rodata        0x08014a64      0x134 BluetoothDriver.o
 .rodata        0x08014b98      0x120 SendMeasurementsToBt.o
 .rodata        0x08014cb8       0x34 Dave/Generated/src/UART001/UART001_Conf.o
                0x08014cb8                UART001_Handle0
 .rodata        0x08014cec       0x20 Dave/Generated/src/IO004/IO004_Conf.o
                0x08014cec                IO004_Handle0
                0x08014cf4                IO004_Handle1
                0x08014cfc                IO004_Handle2
                0x08014d04                IO004_Handle3
 .rodata        0x08014d0c       0x30 Dave/Generated/src/I2C001/I2C001_Conf.o
                0x08014d0c                I2C001_Handle0
                0x08014d24                I2C001_Handle1
 .rodata.str1.4
                0x08014d3c       0x42 c:/dave-3.1.10/arm-gcc/bin/../lib/gcc/arm-none-eabi/4.7.4/../../../../arm-none-eabi/lib/armv7e-m\libg.a(lib_a-svfprintf.o)
                                 0x44 (size before relaxing)
 *fill*         0x08014d7e        0x2 00
 .rodata.zeroes.6721
                0x08014d80       0x10 c:/dave-3.1.10/arm-gcc/bin/../lib/gcc/arm-none-eabi/4.7.4/../../../../arm-none-eabi/lib/armv7e-m\libg.a(lib_a-svfprintf.o)
 .rodata.blanks.6720
                0x08014d90       0x10 c:/dave-3.1.10/arm-gcc/bin/../lib/gcc/arm-none-eabi/4.7.4/../../../../arm-none-eabi/lib/armv7e-m\libg.a(lib_a-svfprintf.o)
 .rodata.blanks.6735
                0x08014da0       0x10 c:/dave-3.1.10/arm-gcc/bin/../lib/gcc/arm-none-eabi/4.7.4/../../../../arm-none-eabi/lib/armv7e-m\libg.a(lib_a-vfprintf.o)
 .rodata.str1.4
                0x00000000       0x44 c:/dave-3.1.10/arm-gcc/bin/../lib/gcc/arm-none-eabi/4.7.4/../../../../arm-none-eabi/lib/armv7e-m\libg.a(lib_a-vfprintf.o)
 .rodata.zeroes.6736
                0x08014db0       0x10 c:/dave-3.1.10/arm-gcc/bin/../lib/gcc/arm-none-eabi/4.7.4/../../../../arm-none-eabi/lib/armv7e-m\libg.a(lib_a-vfprintf.o)
 .rodata.str1.4
                0x08014dc0       0x10 c:/dave-3.1.10/arm-gcc/bin/../lib/gcc/arm-none-eabi/4.7.4/../../../../arm-none-eabi/lib/armv7e-m\libg.a(lib_a-dtoa.o)
                                 0x14 (size before relaxing)
 .rodata.str1.4
                0x08014dd0        0x2 c:/dave-3.1.10/arm-gcc/bin/../lib/gcc/arm-none-eabi/4.7.4/../../../../arm-none-eabi/lib/armv7e-m\libg.a(lib_a-impure.o)
                                  0x4 (size before relaxing)
 *fill*         0x08014dd2        0x2 00
 .rodata._global_impure_ptr
                0x08014dd4        0x4 c:/dave-3.1.10/arm-gcc/bin/../lib/gcc/arm-none-eabi/4.7.4/../../../../arm-none-eabi/lib/armv7e-m\libg.a(lib_a-impure.o)
                0x08014dd4                _global_impure_ptr
 .rodata.str1.4
                0x08014dd8        0xc c:/dave-3.1.10/arm-gcc/bin/../lib/gcc/arm-none-eabi/4.7.4/../../../../arm-none-eabi/lib/armv7e-m\libg.a(lib_a-locale.o)
                                 0x14 (size before relaxing)
 .rodata.p05.5242
                0x08014de4        0xc c:/dave-3.1.10/arm-gcc/bin/../lib/gcc/arm-none-eabi/4.7.4/../../../../arm-none-eabi/lib/armv7e-m\libg.a(lib_a-mprec.o)
 .rodata.__mprec_tens
                0x08014df0       0xc8 c:/dave-3.1.10/arm-gcc/bin/../lib/gcc/arm-none-eabi/4.7.4/../../../../arm-none-eabi/lib/armv7e-m\libg.a(lib_a-mprec.o)
                0x08014df0                __mprec_tens
 .rodata.__mprec_bigtens
                0x08014eb8       0x28 c:/dave-3.1.10/arm-gcc/bin/../lib/gcc/arm-none-eabi/4.7.4/../../../../arm-none-eabi/lib/armv7e-m\libg.a(lib_a-mprec.o)
                0x08014eb8                __mprec_bigtens
 .rodata.__mprec_tinytens
                0x08014ee0       0x28 c:/dave-3.1.10/arm-gcc/bin/../lib/gcc/arm-none-eabi/4.7.4/../../../../arm-none-eabi/lib/armv7e-m\libg.a(lib_a-mprec.o)
                0x08014ee0                __mprec_tinytens
 .rodata.zeroes.6665
                0x08014f08       0x10 c:/dave-3.1.10/arm-gcc/bin/../lib/gcc/arm-none-eabi/4.7.4/../../../../arm-none-eabi/lib/armv7e-m\libg.a(lib_a-svfiprintf.o)
 .rodata.str1.4
                0x00000000       0x30 c:/dave-3.1.10/arm-gcc/bin/../lib/gcc/arm-none-eabi/4.7.4/../../../../arm-none-eabi/lib/armv7e-m\libg.a(lib_a-svfiprintf.o)
 .rodata.blanks.6664
                0x08014f18       0x10 c:/dave-3.1.10/arm-gcc/bin/../lib/gcc/arm-none-eabi/4.7.4/../../../../arm-none-eabi/lib/armv7e-m\libg.a(lib_a-svfiprintf.o)
 .rodata.blanks.6678
                0x08014f28       0x10 c:/dave-3.1.10/arm-gcc/bin/../lib/gcc/arm-none-eabi/4.7.4/../../../../arm-none-eabi/lib/armv7e-m\libg.a(lib_a-vfiprintf.o)
 .rodata.str1.4
                0x00000000       0x30 c:/dave-3.1.10/arm-gcc/bin/../lib/gcc/arm-none-eabi/4.7.4/../../../../arm-none-eabi/lib/armv7e-m\libg.a(lib_a-vfiprintf.o)
 .rodata.zeroes.6679
                0x08014f38       0x10 c:/dave-3.1.10/arm-gcc/bin/../lib/gcc/arm-none-eabi/4.7.4/../../../../arm-none-eabi/lib/armv7e-m\libg.a(lib_a-vfiprintf.o)
 *(.gnu.linkonce.r*)

.rel.dyn        0x08014f48        0x0 load address 0x0c014f48
 .rel.iplt      0x00000000        0x0 BluetoothDriver.o
                0x08014f50                . = ALIGN (0x10)
                0x0c014f50                eROData = (. | 0x4000000)

Stack           0x10000000      0x800
                0x10000800                . = (. + stack_size)
 *fill*         0x10000000      0x800 00
                0x10000800                __Xmc4500_stack = .

.data3          0x10000800        0x0
                0x10000800                __data3_start = .
 *(.data3)
                0x10000800                __data3_end = .
                0x00000000                __data3_size = (__data3_end - __data3_start)

.data           0x20000000      0x8fc load address 0x0c014f50
                0x20000000                __Xmc4500_sData = .
 *(.data)
 .data          0x20000000       0x10 BluetoothDriver.o
                0x20000000                canSend
                0x20000004                mainInitTimerStatus
                0x20000008                StatusReceiveAns
                0x2000000c                TimerStatusRxMessage
 .data          0x20000010        0x0 CleanArray.o
 .data          0x20000010        0x0 FIFO_functions.o
 .data          0x20000010        0x8 HTU21D.o
                0x20000010                canH
                0x20000014                canT
 .data          0x20000018       0x1c LSM9DS1_Driver.o
                0x20000018                StatusTimerReadMeasurements
                0x2000001c                readingAllowed
                0x20000020                statusTimerSendMsg
                0x20000024                magSensitivity
 .data          0x20000034        0x0 Main.o
 .data          0x20000034        0x0 SendMeasurementsToBt.o
 .data          0x20000034        0x0 Timer.o
 .data          0x20000034        0x0 timerFunctions.o
 .data          0x20000034        0x0 Startup/startup_XMC4500.o
 .data          0x20000034        0x4 Startup/system_XMC4500.o
                0x20000034                SystemCoreClock
 .data          0x20000038        0x0 Lib/System_LibcStubs.o
 .data          0x20000038        0x0 Dave/Generated/src/UART001/UART001.o
 .data          0x20000038        0x4 Dave/Generated/src/UART001/UART001_Conf.o
                0x20000038                UART001_HandleArray
 .data          0x2000003c        0x0 Dave/Generated/src/SYSTM001/SYSTM001.o
 .data          0x2000003c        0x0 Dave/Generated/src/RESET001/RESET001.o
 .data          0x2000003c        0x0 Dave/Generated/src/LIBS/CCU8PWMLIB.o
 .data          0x2000003c        0x0 Dave/Generated/src/LIBS/MOTORLIB.o
 .data          0x2000003c        0x0 Dave/Generated/src/IO004/IO004.o
 .data          0x2000003c        0x0 Dave/Generated/src/IO004/IO004_Conf.o
 .data          0x2000003c        0x0 Dave/Generated/src/I2C001/I2C001.o
 .data          0x2000003c        0x0 Dave/Generated/src/I2C001/I2C001_Conf.o
 .data          0x2000003c        0x0 Dave/Generated/src/DAVESupport/DAVE3.o
 .data          0x2000003c        0x0 Dave/Generated/src/DAVESupport/MULTIPLEXER.o
 .data          0x2000003c        0x0 Dave/Generated/src/CLK001/CLK001.o
 .data          0x2000003c        0x0 c:/dave-3.1.10/arm-gcc/bin/../lib/gcc/arm-none-eabi/4.7.4/armv7e-m\libgcc.a(_arm_addsubdf3.o)
 .data          0x2000003c        0x0 c:/dave-3.1.10/arm-gcc/bin/../lib/gcc/arm-none-eabi/4.7.4/armv7e-m\libgcc.a(_arm_muldivdf3.o)
 .data          0x2000003c        0x0 c:/dave-3.1.10/arm-gcc/bin/../lib/gcc/arm-none-eabi/4.7.4/armv7e-m\libgcc.a(_arm_fixdfsi.o)
 .data          0x2000003c        0x0 c:/dave-3.1.10/arm-gcc/bin/../lib/gcc/arm-none-eabi/4.7.4/armv7e-m\libgcc.a(_arm_truncdfsf2.o)
 .data          0x2000003c        0x0 c:/dave-3.1.10/arm-gcc/bin/../lib/gcc/arm-none-eabi/4.7.4/../../../../arm-none-eabi/lib/armv7e-m\libg.a(lib_a-init.o)
 .data          0x2000003c        0x0 c:/dave-3.1.10/arm-gcc/bin/../lib/gcc/arm-none-eabi/4.7.4/../../../../arm-none-eabi/lib/armv7e-m\libg.a(lib_a-malloc.o)
 .data          0x2000003c        0x0 c:/dave-3.1.10/arm-gcc/bin/../lib/gcc/arm-none-eabi/4.7.4/../../../../arm-none-eabi/lib/armv7e-m\libg.a(lib_a-mallocr.o)
 .data          0x2000003c        0x0 c:/dave-3.1.10/arm-gcc/bin/../lib/gcc/arm-none-eabi/4.7.4/../../../../arm-none-eabi/lib/armv7e-m\libg.a(lib_a-memcpy.o)
 .data          0x2000003c        0x0 c:/dave-3.1.10/arm-gcc/bin/../lib/gcc/arm-none-eabi/4.7.4/../../../../arm-none-eabi/lib/armv7e-m\libg.a(lib_a-mlock.o)
 .data          0x2000003c        0x0 c:/dave-3.1.10/arm-gcc/bin/../lib/gcc/arm-none-eabi/4.7.4/../../../../arm-none-eabi/lib/armv7e-m\libg.a(lib_a-printf.o)
 .data          0x2000003c        0x0 c:/dave-3.1.10/arm-gcc/bin/../lib/gcc/arm-none-eabi/4.7.4/../../../../arm-none-eabi/lib/armv7e-m\libg.a(lib_a-sbrkr.o)
 .data          0x2000003c        0x0 c:/dave-3.1.10/arm-gcc/bin/../lib/gcc/arm-none-eabi/4.7.4/../../../../arm-none-eabi/lib/armv7e-m\libg.a(lib_a-sprintf.o)
 .data          0x2000003c        0x0 c:/dave-3.1.10/arm-gcc/bin/../lib/gcc/arm-none-eabi/4.7.4/../../../../arm-none-eabi/lib/armv7e-m\libg.a(lib_a-strchr.o)
 .data          0x2000003c        0x0 c:/dave-3.1.10/arm-gcc/bin/../lib/gcc/arm-none-eabi/4.7.4/../../../../arm-none-eabi/lib/armv7e-m\libg.a(lib_a-strcmp.o)
 .data          0x2000003c        0x0 c:/dave-3.1.10/arm-gcc/bin/../lib/gcc/arm-none-eabi/4.7.4/../../../../arm-none-eabi/lib/armv7e-m\libg.a(lib_a-strlen.o)
 .data          0x2000003c        0x0 c:/dave-3.1.10/arm-gcc/bin/../lib/gcc/arm-none-eabi/4.7.4/../../../../arm-none-eabi/lib/armv7e-m\libg.a(lib_a-strstr.o)
 .data          0x2000003c        0x0 c:/dave-3.1.10/arm-gcc/bin/../lib/gcc/arm-none-eabi/4.7.4/../../../../arm-none-eabi/lib/armv7e-m\libg.a(lib_a-svfprintf.o)
 .data          0x2000003c        0x0 c:/dave-3.1.10/arm-gcc/bin/../lib/gcc/arm-none-eabi/4.7.4/../../../../arm-none-eabi/lib/armv7e-m\libg.a(lib_a-vfprintf.o)
 .data          0x2000003c        0x0 c:/dave-3.1.10/arm-gcc/bin/../lib/gcc/arm-none-eabi/4.7.4/../../../../arm-none-eabi/lib/armv7e-m\libg.a(lib_a-wsetup.o)
 .data          0x2000003c        0x0 c:/dave-3.1.10/arm-gcc/bin/../lib/gcc/arm-none-eabi/4.7.4/../../../../arm-none-eabi/lib/armv7e-m\libg.a(lib_a-dtoa.o)
 .data          0x2000003c        0x0 c:/dave-3.1.10/arm-gcc/bin/../lib/gcc/arm-none-eabi/4.7.4/../../../../arm-none-eabi/lib/armv7e-m\libg.a(lib_a-fflush.o)
 .data          0x2000003c        0x0 c:/dave-3.1.10/arm-gcc/bin/../lib/gcc/arm-none-eabi/4.7.4/../../../../arm-none-eabi/lib/armv7e-m\libg.a(lib_a-findfp.o)
 .data          0x2000003c        0x0 c:/dave-3.1.10/arm-gcc/bin/../lib/gcc/arm-none-eabi/4.7.4/../../../../arm-none-eabi/lib/armv7e-m\libg.a(lib_a-freer.o)
 .data          0x2000003c        0x0 c:/dave-3.1.10/arm-gcc/bin/../lib/gcc/arm-none-eabi/4.7.4/../../../../arm-none-eabi/lib/armv7e-m\libg.a(lib_a-fwalk.o)
 .data          0x2000003c        0x0 c:/dave-3.1.10/arm-gcc/bin/../lib/gcc/arm-none-eabi/4.7.4/../../../../arm-none-eabi/lib/armv7e-m\libg.a(lib_a-impure.o)
 .data          0x2000003c        0x0 c:/dave-3.1.10/arm-gcc/bin/../lib/gcc/arm-none-eabi/4.7.4/../../../../arm-none-eabi/lib/armv7e-m\libg.a(lib_a-locale.o)
 .data          0x2000003c        0x0 c:/dave-3.1.10/arm-gcc/bin/../lib/gcc/arm-none-eabi/4.7.4/../../../../arm-none-eabi/lib/armv7e-m\libg.a(lib_a-makebuf.o)
 .data          0x2000003c        0x0 c:/dave-3.1.10/arm-gcc/bin/../lib/gcc/arm-none-eabi/4.7.4/../../../../arm-none-eabi/lib/armv7e-m\libg.a(lib_a-memchr.o)
 .data          0x2000003c        0x0 c:/dave-3.1.10/arm-gcc/bin/../lib/gcc/arm-none-eabi/4.7.4/../../../../arm-none-eabi/lib/armv7e-m\libg.a(lib_a-memcmp.o)
 .data          0x2000003c        0x0 c:/dave-3.1.10/arm-gcc/bin/../lib/gcc/arm-none-eabi/4.7.4/../../../../arm-none-eabi/lib/armv7e-m\libg.a(lib_a-memset.o)
 .data          0x2000003c        0x0 c:/dave-3.1.10/arm-gcc/bin/../lib/gcc/arm-none-eabi/4.7.4/../../../../arm-none-eabi/lib/armv7e-m\libg.a(lib_a-mprec.o)
 .data          0x2000003c        0x0 c:/dave-3.1.10/arm-gcc/bin/../lib/gcc/arm-none-eabi/4.7.4/../../../../arm-none-eabi/lib/armv7e-m\libg.a(lib_a-reent.o)
 .data          0x2000003c        0x0 c:/dave-3.1.10/arm-gcc/bin/../lib/gcc/arm-none-eabi/4.7.4/../../../../arm-none-eabi/lib/armv7e-m\libg.a(lib_a-s_fpclassify.o)
 .data          0x2000003c        0x0 c:/dave-3.1.10/arm-gcc/bin/../lib/gcc/arm-none-eabi/4.7.4/../../../../arm-none-eabi/lib/armv7e-m\libg.a(lib_a-stdio.o)
 .data          0x2000003c        0x0 c:/dave-3.1.10/arm-gcc/bin/../lib/gcc/arm-none-eabi/4.7.4/../../../../arm-none-eabi/lib/armv7e-m\libg.a(lib_a-svfiprintf.o)
 .data          0x2000003c        0x0 c:/dave-3.1.10/arm-gcc/bin/../lib/gcc/arm-none-eabi/4.7.4/../../../../arm-none-eabi/lib/armv7e-m\libg.a(lib_a-vfiprintf.o)
 .data          0x2000003c        0x0 c:/dave-3.1.10/arm-gcc/bin/../lib/gcc/arm-none-eabi/4.7.4/../../../../arm-none-eabi/lib/armv7e-m\libg.a(lib_a-writer.o)
 .data          0x2000003c        0x0 c:/dave-3.1.10/arm-gcc/bin/../lib/gcc/arm-none-eabi/4.7.4/../../../../arm-none-eabi/lib/armv7e-m\libg.a(lib_a-callocr.o)
 .data          0x2000003c        0x0 c:/dave-3.1.10/arm-gcc/bin/../lib/gcc/arm-none-eabi/4.7.4/../../../../arm-none-eabi/lib/armv7e-m\libg.a(lib_a-closer.o)
 .data          0x2000003c        0x0 c:/dave-3.1.10/arm-gcc/bin/../lib/gcc/arm-none-eabi/4.7.4/../../../../arm-none-eabi/lib/armv7e-m\libg.a(lib_a-fclose.o)
 .data          0x2000003c        0x0 c:/dave-3.1.10/arm-gcc/bin/../lib/gcc/arm-none-eabi/4.7.4/../../../../arm-none-eabi/lib/armv7e-m\libg.a(lib_a-fputwc.o)
 .data          0x2000003c        0x0 c:/dave-3.1.10/arm-gcc/bin/../lib/gcc/arm-none-eabi/4.7.4/../../../../arm-none-eabi/lib/armv7e-m\libg.a(lib_a-fstatr.o)
 .data          0x2000003c        0x0 c:/dave-3.1.10/arm-gcc/bin/../lib/gcc/arm-none-eabi/4.7.4/../../../../arm-none-eabi/lib/armv7e-m\libg.a(lib_a-fvwrite.o)
 .data          0x2000003c        0x0 c:/dave-3.1.10/arm-gcc/bin/../lib/gcc/arm-none-eabi/4.7.4/../../../../arm-none-eabi/lib/armv7e-m\libg.a(lib_a-isattyr.o)
 .data          0x2000003c        0x0 c:/dave-3.1.10/arm-gcc/bin/../lib/gcc/arm-none-eabi/4.7.4/../../../../arm-none-eabi/lib/armv7e-m\libg.a(lib_a-lseekr.o)
 .data          0x2000003c        0x0 c:/dave-3.1.10/arm-gcc/bin/../lib/gcc/arm-none-eabi/4.7.4/../../../../arm-none-eabi/lib/armv7e-m\libg.a(lib_a-memmove.o)
 .data          0x2000003c        0x0 c:/dave-3.1.10/arm-gcc/bin/../lib/gcc/arm-none-eabi/4.7.4/../../../../arm-none-eabi/lib/armv7e-m\libg.a(lib_a-readr.o)
 .data          0x2000003c        0x0 c:/dave-3.1.10/arm-gcc/bin/../lib/gcc/arm-none-eabi/4.7.4/../../../../arm-none-eabi/lib/armv7e-m\libg.a(lib_a-reallocr.o)
 .data          0x2000003c        0x0 c:/dave-3.1.10/arm-gcc/bin/../lib/gcc/arm-none-eabi/4.7.4/../../../../arm-none-eabi/lib/armv7e-m\libg.a(lib_a-wbuf.o)
 .data          0x2000003c        0x0 c:/dave-3.1.10/arm-gcc/bin/../lib/gcc/arm-none-eabi/4.7.4/../../../../arm-none-eabi/lib/armv7e-m\libg.a(lib_a-wcrtomb.o)
 .data          0x2000003c        0x0 c:/dave-3.1.10/arm-gcc/bin/../lib/gcc/arm-none-eabi/4.7.4/../../../../arm-none-eabi/lib/armv7e-m\libg.a(lib_a-wctomb_r.o)
 .data          0x2000003c        0x0 c:/dave-3.1.10/arm-gcc/bin/../lib/gcc/arm-none-eabi/4.7.4/armv7e-m\libgcc.a(_arm_cmpdf2.o)
 .data          0x2000003c        0x0 c:/dave-3.1.10/arm-gcc/bin/../lib/gcc/arm-none-eabi/4.7.4/armv7e-m\libgcc.a(_aeabi_uldivmod.o)
 .data          0x2000003c        0x0 c:/dave-3.1.10/arm-gcc/bin/../lib/gcc/arm-none-eabi/4.7.4/armv7e-m\libgcc.a(bpabi.o)
 .data          0x2000003c        0x0 c:/dave-3.1.10/arm-gcc/bin/../lib/gcc/arm-none-eabi/4.7.4/armv7e-m\libgcc.a(_dvmd_tls.o)
 .data          0x2000003c        0x0 c:/dave-3.1.10/arm-gcc/bin/../lib/gcc/arm-none-eabi/4.7.4/armv7e-m\libgcc.a(_divdi3.o)
 .data          0x2000003c        0x0 c:/dave-3.1.10/arm-gcc/bin/../lib/gcc/arm-none-eabi/4.7.4/armv7e-m\libgcc.a(_udivdi3.o)
 *(.data*)
 .data.__malloc_av_
                0x2000003c      0x408 c:/dave-3.1.10/arm-gcc/bin/../lib/gcc/arm-none-eabi/4.7.4/../../../../arm-none-eabi/lib/armv7e-m\libg.a(lib_a-mallocr.o)
                0x2000003c                __malloc_av_
 .data.__malloc_trim_threshold
                0x20000444        0x4 c:/dave-3.1.10/arm-gcc/bin/../lib/gcc/arm-none-eabi/4.7.4/../../../../arm-none-eabi/lib/armv7e-m\libg.a(lib_a-mallocr.o)
                0x20000444                __malloc_trim_threshold
 .data.__malloc_sbrk_base
                0x20000448        0x4 c:/dave-3.1.10/arm-gcc/bin/../lib/gcc/arm-none-eabi/4.7.4/../../../../arm-none-eabi/lib/armv7e-m\libg.a(lib_a-mallocr.o)
                0x20000448                __malloc_sbrk_base
 *fill*         0x2000044c        0x4 00
 .data.impure_data
                0x20000450      0x428 c:/dave-3.1.10/arm-gcc/bin/../lib/gcc/arm-none-eabi/4.7.4/../../../../arm-none-eabi/lib/armv7e-m\libg.a(lib_a-impure.o)
 .data._impure_ptr
                0x20000878        0x4 c:/dave-3.1.10/arm-gcc/bin/../lib/gcc/arm-none-eabi/4.7.4/../../../../arm-none-eabi/lib/armv7e-m\libg.a(lib_a-impure.o)
                0x20000878                _impure_ptr
 .data.lc_message_charset
                0x2000087c       0x20 c:/dave-3.1.10/arm-gcc/bin/../lib/gcc/arm-none-eabi/4.7.4/../../../../arm-none-eabi/lib/armv7e-m\libg.a(lib_a-locale.o)